Archive member included to satisfy reference by file (symbol)

app/libapp.a(main.c.obj)      (--whole-archive)
app/libapp.a(menu_input.c.obj)
                              (--whole-archive)
app/libapp.a(menu.c.obj)      (--whole-archive)
app/libapp.a(OLED_Menu.c.obj)
                              (--whole-archive)
app/libapp.a(font.c.obj)      (--whole-archive)
app/libapp.a(ano_true.c.obj)  (--whole-archive)
app/libapp.a(ano_base.c.obj)  (--whole-archive)
app/libapp.a(ano_board_init.c.obj)
                              (--whole-archive)
app/libapp.a(uart_xfer.c.obj)
                              (--whole-archive)
zephyr/libzephyr.a(validate_libc.c.obj)
                              (--whole-archive)
zephyr/libzephyr.a(heap.c.obj)
                              (--whole-archive)
zephyr/libzephyr.a(boot_banner.c.obj)
                              (--whole-archive)
zephyr/libzephyr.a(cbprintf_packaged.c.obj)
                              (--whole-archive)
zephyr/libzephyr.a(clock.c.obj)
                              (--whole-archive)
zephyr/libzephyr.a(printk.c.obj)
                              (--whole-archive)
zephyr/libzephyr.a(cbprintf_complete.c.obj)
                              (--whole-archive)
zephyr/libzephyr.a(assert.c.obj)
                              (--whole-archive)
zephyr/libzephyr.a(dec.c.obj)
                              (--whole-archive)
zephyr/libzephyr.a(hex.c.obj)
                              (--whole-archive)
zephyr/libzephyr.a(rb.c.obj)  (--whole-archive)
zephyr/libzephyr.a(set.c.obj)
                              (--whole-archive)
zephyr/libzephyr.a(timeutil.c.obj)
                              (--whole-archive)
zephyr/libzephyr.a(bitarray.c.obj)
                              (--whole-archive)
zephyr/libzephyr.a(bitmask.c.obj)
                              (--whole-archive)
zephyr/libzephyr.a(getopt.c.obj)
                              (--whole-archive)
zephyr/libzephyr.a(getopt_common.c.obj)
                              (--whole-archive)
zephyr/libzephyr.a(ring_buffer.c.obj)
                              (--whole-archive)
zephyr/libzephyr.a(last_section_id.c.obj)
                              (--whole-archive)
zephyr/libzephyr.a(configs.c.obj)
                              (--whole-archive)
zephyr/libzephyr.a(stm32cube_hal.c.obj)
                              (--whole-archive)
zephyr/libzephyr.a(soc_config.c.obj)
                              (--whole-archive)
zephyr/libzephyr.a(gpioport_mgr.c.obj)
                              (--whole-archive)
zephyr/libzephyr.a(stm32_backup_domain.c.obj)
                              (--whole-archive)
zephyr/libzephyr.a(soc.c.obj)
                              (--whole-archive)
zephyr/libzephyr.a(mem_attr.c.obj)
                              (--whole-archive)
zephyr/libzephyr.a(tracing_none.c.obj)
                              (--whole-archive)
zephyr/libzephyr.a(cfb.c.obj)
                              (--whole-archive)
zephyr/libzephyr.a(kernel_shell.c.obj)
                              (--whole-archive)
zephyr/libzephyr.a(cycles.c.obj)
                              (--whole-archive)
zephyr/libzephyr.a(sleep.c.obj)
                              (--whole-archive)
zephyr/libzephyr.a(uptime.c.obj)
                              (--whole-archive)
zephyr/libzephyr.a(version.c.obj)
                              (--whole-archive)
zephyr/libzephyr.a(thread.c.obj)
                              (--whole-archive)
zephyr/libzephyr.a(list.c.obj)
                              (--whole-archive)
zephyr/libzephyr.a(stacks.c.obj)
                              (--whole-archive)
zephyr/libzephyr.a(suspend.c.obj)
                              (--whole-archive)
zephyr/libzephyr.a(resume.c.obj)
                              (--whole-archive)
zephyr/libzephyr.a(kill.c.obj)
                              (--whole-archive)
zephyr/libzephyr.a(device_service.c.obj)
                              (--whole-archive)
zephyr/libzephyr.a(date_service.c.obj)
                              (--whole-archive)
zephyr/libzephyr.a(devmem_service.c.obj)
                              (--whole-archive)
zephyr/libzephyr.a(shell.c.obj)
                              (--whole-archive)
zephyr/libzephyr.a(shell_fprintf.c.obj)
                              (--whole-archive)
zephyr/libzephyr.a(shell_utils.c.obj)
                              (--whole-archive)
zephyr/libzephyr.a(shell_ops.c.obj)
                              (--whole-archive)
zephyr/libzephyr.a(shell_help.c.obj)
                              (--whole-archive)
zephyr/libzephyr.a(shell_cmds.c.obj)
                              (--whole-archive)
zephyr/libzephyr.a(shell_history.c.obj)
                              (--whole-archive)
zephyr/libzephyr.a(shell_wildcard.c.obj)
                              (--whole-archive)
zephyr/libzephyr.a(sem.c.obj)
                              (--whole-archive)
zephyr/libzephyr.a(thread_entry.c.obj)
                              (--whole-archive)
[...]
Memory Configuration

Name             Origin             Length             Attributes
FLASH            0x08000000         0x00080000         xr
RAM              0x20000000         0x00020000         xw
SRAM0            0x20000000         0x00020000         rw
DTCM             0x10000000         0x00010000         rw
IDT_LIST         0xffff7fff         0x00008000         xw
*default*        0x00000000         0xffffffff

Linker script and memory map

                0x0800f140                        vfprintf = __l_vfprintf
                0x00000000                        vfscanf = __l_vfscanf
LOAD zephyr/CMakeFiles/zephyr_pre0.dir/misc/empty_file.c.obj
LOAD zephyr/CMakeFiles/offsets.dir/./arch/arm/core/offsets/offsets.c.obj
LOAD app/libapp.a
LOAD zephyr/libzephyr.a
LOAD zephyr/arch/common/libarch__common.a
LOAD zephyr/arch/arch/arm/core/libarch__arm__core.a
LOAD zephyr/arch/arch/arm/core/cortex_m/libarch__arm__core__cortex_m.a
LOAD zephyr/arch/arch/arm/core/mpu/libarch__arm__core__mpu.a
LOAD zephyr/lib/libc/picolibc/liblib__libc__picolibc.a
LOAD zephyr/lib/libc/common/liblib__libc__common.a
LOAD zephyr/subsys/portability/posix/c_lib_ext/libsubsys__portability__posix__c_lib_ext.a
LOAD zephyr/subsys/input/libsubsys__input.a
LOAD zephyr/drivers/interrupt_controller/libdrivers__interrupt_controller.a
LOAD zephyr/drivers/clock_control/libdrivers__clock_control.a
LOAD zephyr/drivers/console/libdrivers__console.a
LOAD zephyr/drivers/display/libdrivers__display.a
LOAD zephyr/drivers/dma/libdrivers__dma.a
LOAD zephyr/drivers/gpio/libdrivers__gpio.a
LOAD zephyr/drivers/i2c/libdrivers__i2c.a
LOAD zephyr/drivers/input/libdrivers__input.a
LOAD zephyr/drivers/pinctrl/libdrivers__pinctrl.a
LOAD zephyr/drivers/reset/libdrivers__reset.a
LOAD zephyr/drivers/serial/libdrivers__serial.a
LOAD zephyr/drivers/timer/libdrivers__timer.a
LOAD modules/hal_stm32/stm32cube/lib..__modules__hal__stm32__stm32cube.a
LOAD zephyr/kernel/libkernel.a
LOAD zephyr/arch/common/libisr_tables.a
LOAD D:/Downloads/setup/zephyr-sdk-1.0.1/gnu/arm-zephyr-eabi/bin/../lib/gcc/arm-zephyr-eabi/14.3.0/../../../../arm-zephyr-eabi/lib/thumb/v7e-m/nofp\libc.a
LOAD D:/Downloads/setup/zephyr-sdk-1.0.1/gnu/arm-zephyr-eabi/bin/../lib/gcc/arm-zephyr-eabi/14.3.0/thumb/v7e-m/nofp\libgcc.a
                0x00000020                        _region_min_align = 0x20

.rel.plt        0x08000000        0x0
 *(SORT_BY_ALIGNMENT(.rel.plt))
                [!provide]                        PROVIDE (__rel_iplt_start = .)
 *(SORT_BY_ALIGNMENT(.rel.iplt))
 .rel.iplt      0x08000000        0x0 app/libapp.a(main.c.obj)
                [!provide]                        PROVIDE (__rel_iplt_end = .)

.rela.plt       0x00000000        0x0
 *(SORT_BY_ALIGNMENT(.rela.plt))
                [!provide]                        PROVIDE (__rela_iplt_start = .)
 *(SORT_BY_ALIGNMENT(.rela.iplt))
                [!provide]                        PROVIDE (__rela_iplt_end = .)

.rel.dyn
 *(SORT_BY_ALIGNMENT(.rel.*))

.rela.dyn
 *(SORT_BY_ALIGNMENT(.rela.*))

/DISCARD/
 *(SORT_BY_ALIGNMENT(.plt))

/DISCARD/
 *(SORT_BY_ALIGNMENT(.iplt))
                0x08000000                        __rom_region_start = 0x8000000

rom_start       0x08000000      0x100
                0x08000000                        __rom_start_address = .
 FILL mask 0x00
                0x08000000                        . = (. + (0x0 - (. - __rom_start_address)))
                0x08000000                        . = ALIGN (0x4)
                0x08000000                        . = ALIGN (0x80)
                0x08000000                        . = ALIGN (0x100)
                0x08000000                        _vector_start = .
 *(SORT_BY_ALIGNMENT(.exc_vector_table))
 *(SORT_BY_ALIGNMENT(.exc_vector_table.*))
 .exc_vector_table._vector_table_section
                0x08000000       0x40 zephyr/arch/arch/arm/core/cortex_m/libarch__arm__core__cortex_m.a(vector_table.S.obj)
                0x08000000                _vector_table
 *(SORT_BY_ALIGNMENT(.vectors))
                0x08000100                        _vector_end = .
                0x08000040                        . = ALIGN (0x4)
 *(SORT_BY_ALIGNMENT(.gnu.linkonce.irq_vector_table*))
 .gnu.linkonce.irq_vector_table
                0x08000040       0xc0 zephyr/arch/common/libisr_tables.a(isr_tables.c.obj)
                0x08000040                _irq_vector_table
                0x08000100                        _vector_end = .

text            0x08000100    0x13b74
                0x08000100                        __text_region_start = .
 *(SORT_BY_ALIGNMENT(.text))
 .text          0x08000100       0xd8 D:/Downloads/setup/zephyr-sdk-1.0.1/gnu/arm-zephyr-eabi/bin/../lib/gcc/arm-zephyr-eabi/14.3.0/../../../../arm-zephyr-eabi/lib/thumb/v7e-m/nofp\libc.a(strlen.S.o)
                0x08000100                strlen
 *fill*         0x080001d8        0x8 
 .text          0x080001e0      0x2e0 D:/Downloads/setup/zephyr-sdk-1.0.1/gnu/arm-zephyr-eabi/bin/../lib/gcc/arm-zephyr-eabi/14.3.0/../../../../arm-zephyr-eabi/lib/thumb/v7e-m/nofp\libc.a(strcmp.S.o)
                0x080001e0                strcmp
 .text          0x080004c0       0xbc D:/Downloads/setup/zephyr-sdk-1.0.1/gnu/arm-zephyr-eabi/bin/../lib/gcc/arm-zephyr-eabi/14.3.0/../../../../arm-zephyr-eabi/lib/thumb/v7e-m/nofp\libc.a(strcpy.S.o)
                0x080004c0                strcpy
 .text          0x0800057c      0x134 D:/Downloads/setup/zephyr-sdk-1.0.1/gnu/arm-zephyr-eabi/bin/../lib/gcc/arm-zephyr-eabi/14.3.0/../../../../arm-zephyr-eabi/lib/thumb/v7e-m/nofp\libc.a(memcpy.S.o)
                0x0800057c                __aeabi_memcpy
                0x0800057c                __aeabi_memcpy4
                0x0800057c                __aeabi_memcpy8
                0x0800057c                memcpy
 .text          0x080006b0      0x168 D:/Downloads/setup/zephyr-sdk-1.0.1/gnu/arm-zephyr-eabi/bin/../lib/gcc/arm-zephyr-eabi/14.3.0/thumb/v7e-m/nofp\libgcc.a(_arm_mulsf3.o)
                0x080006b0                __aeabi_fmul
                0x080006b0                __mulsf3
 .text          0x08000818      0x21c D:/Downloads/setup/zephyr-sdk-1.0.1/gnu/arm-zephyr-eabi/bin/../lib/gcc/arm-zephyr-eabi/14.3.0/thumb/v7e-m/nofp\libgcc.a(_arm_addsubsf3.o)
                0x08000818                __aeabi_frsub
                0x08000820                __subsf3
                0x08000820                __aeabi_fsub
                0x08000824                __aeabi_fadd
                0x08000824                __addsf3
                0x08000984                __aeabi_ui2f
                0x08000984                __floatunsisf
                0x0800098c                __aeabi_i2f
                0x0800098c                __floatsisf
                0x080009a8                __aeabi_ul2f
                0x080009a8                __floatundisf
                0x080009b8                __aeabi_l2f
                0x080009b8                __floatdisf
 .text          0x08000a34       0xec D:/Downloads/setup/zephyr-sdk-1.0.1/gnu/arm-zephyr-eabi/bin/../lib/gcc/arm-zephyr-eabi/14.3.0/thumb/v7e-m/nofp\libgcc.a(_arm_cmpsf2.o)
                0x08000a34                __gesf2
                0x08000a34                __gtsf2
                0x08000a3c                __lesf2
                0x08000a3c                __ltsf2
                0x08000a44                __nesf2
                0x08000a44                __eqsf2
                0x08000a44                __cmpsf2
                0x08000aa4                __aeabi_cfrcmple
                0x08000aac                __aeabi_cfcmpeq
                0x08000aac                __aeabi_cfcmple
                0x08000abc                __aeabi_fcmpeq
                0x08000ad0                __aeabi_fcmplt
                0x08000ae4                __aeabi_fcmple
                0x08000af8                __aeabi_fcmpge
                0x08000b0c                __aeabi_fcmpgt
 .text          0x08000b20       0x4c D:/Downloads/setup/zephyr-sdk-1.0.1/gnu/arm-zephyr-eabi/bin/../lib/gcc/arm-zephyr-eabi/14.3.0/thumb/v7e-m/nofp\libgcc.a(_arm_fixsfsi.o)
                0x08000b20                __aeabi_f2iz
                0x08000b20                __fixsfsi
 .text          0x08000b6c       0xa0 D:/Downloads/setup/zephyr-sdk-1.0.1/gnu/arm-zephyr-eabi/bin/../lib/gcc/arm-zephyr-eabi/14.3.0/thumb/v7e-m/nofp\libgcc.a(_aeabi_ldivmod.o)
                0x08000b6c                __aeabi_ldivmod
 .text          0x08000c0c       0x30 D:/Downloads/setup/zephyr-sdk-1.0.1/gnu/arm-zephyr-eabi/bin/../lib/gcc/arm-zephyr-eabi/14.3.0/thumb/v7e-m/nofp\libgcc.a(_aeabi_uldivmod.o)
                0x08000c0c                __aeabi_uldivmod
 .text          0x08000c3c        0x4 D:/Downloads/setup/zephyr-sdk-1.0.1/gnu/arm-zephyr-eabi/bin/../lib/gcc/arm-zephyr-eabi/14.3.0/thumb/v7e-m/nofp\libgcc.a(_dvmd_tls.o)
                0x08000c3c                __aeabi_idiv0
                0x08000c3c                __aeabi_ldiv0
 .text          0x08000c40      0x2bc D:/Downloads/setup/zephyr-sdk-1.0.1/gnu/arm-zephyr-eabi/bin/../lib/gcc/arm-zephyr-eabi/14.3.0/thumb/v7e-m/nofp\libgcc.a(_udivmoddi4.o)
                0x08000c40                __udivmoddi4
 *(SORT_BY_ALIGNMENT(.text.*))
 *fill*         0x08000efc        0x4 
 .text.cmd_kernel_uptime
                0x08000f00      0x174 zephyr/libzephyr.a(uptime.c.obj)
 .text.uart_irq_update
                0x08001074       0x80 app/libapp.a(main.c.obj)
 .text.uart_fifo_read
                0x080010f4       0x8c app/libapp.a(main.c.obj)
 .text.uart_irq_rx_ready
                0x08001180       0x88 app/libapp.a(main.c.obj)
 .text.uart_irq_tx_ready
                0x08001208       0x88 app/libapp.a(main.c.obj)
 .text.uart_irq_callback_user_data_set
                0x08001290       0x98 app/libapp.a(main.c.obj)
 .text.z_impl_uart_irq_rx_enable
                0x08001328       0x80 app/libapp.a(main.c.obj)
 .text.uart_fifo_fill
                0x080013a8       0x84 app/libapp.a(main.c.obj)
 .text.z_impl_uart_irq_tx_disable
                0x0800142c       0x80 app/libapp.a(main.c.obj)
 .text.z_impl_uart_irq_tx_enable
                0x080014ac       0x80 app/libapp.a(main.c.obj)
 .text.send_next_data
                0x0800152c       0x58 app/libapp.a(main.c.obj)
 .text.uart_isr
                0x08001584       0x48 app/libapp.a(main.c.obj)
 .text.main     0x080015cc       0xb0 app/libapp.a(main.c.obj)
                0x080015cc                main
 .text.find_mapping
                0x0800167c       0x2c app/libapp.a(menu_input.c.obj)
 .text.notify   0x080016a8       0x18 app/libapp.a(menu_input.c.obj)
 .text.single_work_cb
                0x080016c0       0x18 app/libapp.a(menu_input.c.obj)
 .text.long_work_cb
                0x080016d8       0x14 app/libapp.a(menu_input.c.obj)
 .text.raw_input_cb
                0x080016ec       0xa8 app/libapp.a(menu_input.c.obj)
 .text.menu_input_init
                0x08001794       0x28 app/libapp.a(menu_input.c.obj)
                0x08001794                menu_input_init
 .text.menu_input_register_handler
                0x080017bc        0xc app/libapp.a(menu_input.c.obj)
                0x080017bc                menu_input_register_handler
 .text.s_get_step
                0x080017c8       0x28 app/libapp.a(menu.c.obj)
 .text.menu_init_v
                0x080017f0       0x24 app/libapp.a(menu.c.obj)
                0x080017f0                menu_init_v
 .text.s_cfb_char
                0x08001814       0x24 app/libapp.a(menu.c.obj)
 .text.s_menu_folder_draw
                0x08001838      0x100 app/libapp.a(menu.c.obj)
 .text.format_fixed
                0x08001938       0xb4 app/libapp.a(menu.c.obj)
 .text.s_format_value
                0x080019ec       0x6c app/libapp.a(menu.c.obj)
 .text.menu_create_item
                0x08001a58       0x54 app/libapp.a(menu.c.obj)
                0x08001a58                menu_create_item
 .text.s_menu_action_handler
                0x08001aac      0x1dc app/libapp.a(menu.c.obj)
 .text.menu_task_v
                0x08001c88      0x120 app/libapp.a(menu.c.obj)
                0x08001c88                menu_task_v
 .text.s_build_menu_tree
                0x08001da8       0x8c app/libapp.a(OLED_Menu.c.obj)
 .text.s_draw_value
                0x08001e34       0x20 app/libapp.a(OLED_Menu.c.obj)
 .text.s_draw_hello
                0x08001e54       0x30 app/libapp.a(OLED_Menu.c.obj)
 .text.sys_heap_init
                0x08001e84      0x144 zephyr/libzephyr.a(heap.c.obj)
                0x08001e84                sys_heap_init
 .text.boot_banner
                0x08001fc8       0x10 zephyr/libzephyr.a(boot_banner.c.obj)
 .text.timespec_from_ticks
                0x08001fd8       0x3c zephyr/libzephyr.a(clock.c.obj)
 .text.timespec_is_valid
                0x08002014       0x3c zephyr/libzephyr.a(clock.c.obj)
 .text.timespec_add
                0x08002050       0xe0 zephyr/libzephyr.a(clock.c.obj)
 .text.timespec_negate
                0x08002130       0x64 zephyr/libzephyr.a(clock.c.obj)
 .text.z_impl_sys_clock_getrtoffset
                0x08002194      0x100 zephyr/libzephyr.a(clock.c.obj)
                0x08002194                z_impl_sys_clock_getrtoffset
 .text.sys_clock_gettime
                0x08002294       0x88 zephyr/libzephyr.a(clock.c.obj)
                0x08002294                sys_clock_gettime
 .text.z_impl_sys_clock_settime
                0x0800231c       0xec zephyr/libzephyr.a(clock.c.obj)
                0x0800231c                z_impl_sys_clock_settime
 .text.char_out
                0x08002408       0x10 zephyr/libzephyr.a(printk.c.obj)
 .text.__printk_hook_install
                0x08002418        0xc zephyr/libzephyr.a(printk.c.obj)
                0x08002418                __printk_hook_install
 .text.vprintk  0x08002424       0x30 zephyr/libzephyr.a(printk.c.obj)
                0x08002424                vprintk
 .text.time_days_from_civil
                0x08002454      0x1a8 zephyr/libzephyr.a(timeutil.c.obj)
 .text.timespec_is_valid
                0x080025fc       0x3c zephyr/libzephyr.a(timeutil.c.obj)
 .text.timeutil_timegm
                0x08002638       0x20 zephyr/libzephyr.a(timeutil.c.obj)
                0x08002638                timeutil_timegm
 .text.timespec_normalize
                0x08002658      0x124 zephyr/libzephyr.a(timeutil.c.obj)
                0x08002658                timespec_normalize
 .text.sys_getopt_init
                0x0800277c       0x48 zephyr/libzephyr.a(getopt.c.obj)
                0x0800277c                sys_getopt_init
 .text.sys_getopt
                0x080027c4      0x130 zephyr/libzephyr.a(getopt.c.obj)
                0x080027c4                sys_getopt
 .text.z_getopt_global_state_update
                0x080028f4       0x3c zephyr/libzephyr.a(getopt_common.c.obj)
                0x080028f4                z_getopt_global_state_update
 .text.sys_getopt_state_get
                0x08002930        0x8 zephyr/libzephyr.a(getopt_common.c.obj)
                0x08002930                sys_getopt_state_get
 .text.ring_buf_put
                0x08002938       0x68 zephyr/libzephyr.a(ring_buffer.c.obj)
                0x08002938                ring_buf_put
 .text.ring_buf_get
                0x080029a0       0x70 zephyr/libzephyr.a(ring_buffer.c.obj)
                0x080029a0                ring_buf_get
 .text.ring_buf_peek
                0x08002a10       0x84 zephyr/libzephyr.a(ring_buffer.c.obj)
                0x08002a10                ring_buf_peek
 .text.st_stm32_common_config
                0x08002a94       0x14 zephyr/libzephyr.a(soc_config.c.obj)
 .text.stm32_gpioport_init
                0x08002aa8       0x10 zephyr/libzephyr.a(gpioport_mgr.c.obj)
 .text.clock_control_on
                0x08002ab8       0x84 zephyr/libzephyr.a(gpioport_mgr.c.obj)
 .text.clock_control_off
                0x08002b3c       0x84 zephyr/libzephyr.a(gpioport_mgr.c.obj)
 .text.stm32_gpioport_pm_action
                0x08002bc0       0x3c zephyr/libzephyr.a(gpioport_mgr.c.obj)
 .text.stm32_gpioport_get
                0x08002bfc       0x24 zephyr/libzephyr.a(gpioport_mgr.c.obj)
                0x08002bfc                stm32_gpioport_get
 .text.soc_early_init_hook
                0x08002c20       0x30 zephyr/libzephyr.a(soc.c.obj)
                0x08002c20                soc_early_init_hook
 .text.mem_attr_get_regions
                0x08002c50        0xc zephyr/libzephyr.a(mem_attr.c.obj)
                0x08002c50                mem_attr_get_regions
 .text.is_tofu_border_pixel
                0x08002c5c      0x108 zephyr/libzephyr.a(cfb.c.obj)
 .text.draw_text
                0x08002d64       0xb8 zephyr/libzephyr.a(cfb.c.obj)
 .text.cfb_framebuffer_finalize
                0x08002e1c       0xbc zephyr/libzephyr.a(cfb.c.obj)
                0x08002e1c                cfb_framebuffer_finalize
 .text.cfb_framebuffer_clear
                0x08002ed8       0x30 zephyr/libzephyr.a(cfb.c.obj)
                0x08002ed8                cfb_framebuffer_clear
 .text.cfb_framebuffer_set_font
                0x08002f08       0x1c zephyr/libzephyr.a(cfb.c.obj)
                0x08002f08                cfb_framebuffer_set_font
 .text.cfb_framebuffer_init
                0x08002f24       0xc0 zephyr/libzephyr.a(cfb.c.obj)
                0x08002f24                cfb_framebuffer_init
 .text.cmd_kernel_cycles
                0x08002fe4       0x1c zephyr/libzephyr.a(cycles.c.obj)
 .text.cmd_kernel_sleep
                0x08003000       0x38 zephyr/libzephyr.a(sleep.c.obj)
 .text.cmd_kernel_version
                0x08003038       0x18 zephyr/libzephyr.a(version.c.obj)
 .text.z_thread_is_valid
                0x08003050       0x24 zephyr/libzephyr.a(thread.c.obj)
                0x08003050                z_thread_is_valid
 .text.cmd_kernel_thread_list
                0x08003074       0x44 zephyr/libzephyr.a(list.c.obj)
 .text.k_current_get
                0x080030b8       0x4c zephyr/libzephyr.a(list.c.obj)
 .text.shell_tdata_dump
                0x08003104       0xc8 zephyr/libzephyr.a(list.c.obj)
 .text.cmd_kernel_thread_stacks
                0x080031cc       0xb4 zephyr/libzephyr.a(stacks.c.obj)
 .text.shell_stack_dump
                0x08003280       0x68 zephyr/libzephyr.a(stacks.c.obj)
 .text.k_current_get
                0x080032e8       0x4c zephyr/libzephyr.a(suspend.c.obj)
 .text.cmd_kernel_thread_suspend
                0x08003334       0x64 zephyr/libzephyr.a(suspend.c.obj)
 .text.k_current_get
                0x08003398       0x4c zephyr/libzephyr.a(resume.c.obj)
 .text.cmd_kernel_thread_resume
                0x080033e4       0x64 zephyr/libzephyr.a(resume.c.obj)
 .text.k_current_get
                0x08003448       0x4c zephyr/libzephyr.a(kill.c.obj)
 .text.cmd_kernel_thread_kill
                0x08003494       0x64 zephyr/libzephyr.a(kill.c.obj)
 .text.device_name_lookup
                0x080034f8       0x24 zephyr/libzephyr.a(device_service.c.obj)
 .text.device_name_get_non_ready
                0x0800351c       0x24 zephyr/libzephyr.a(device_service.c.obj)
 .text.cmd_device_init
                0x08003540       0x78 zephyr/libzephyr.a(device_service.c.obj)
 .text.get_device_name
                0x080035b8       0x20 zephyr/libzephyr.a(device_service.c.obj)
 .text.cmd_device_list
                0x080035d8       0xdc zephyr/libzephyr.a(device_service.c.obj)
 .text.date_print
                0x080036b4       0x40 zephyr/libzephyr.a(date_service.c.obj)
 .text.get_y_m_d
                0x080036f4       0xc0 zephyr/libzephyr.a(date_service.c.obj)
 .text.get_h_m_s
                0x080037b4       0xdc zephyr/libzephyr.a(date_service.c.obj)
 .text.cmd_date_set
                0x08003890       0xd8 zephyr/libzephyr.a(date_service.c.obj)
 .text.memory_read
                0x08003968       0x4c zephyr/libzephyr.a(devmem_service.c.obj)
 .text.memory_write
                0x080039b4       0x38 zephyr/libzephyr.a(devmem_service.c.obj)
 .text.cmd_devmem
                0x080039ec       0x84 zephyr/libzephyr.a(devmem_service.c.obj)
 .text.set_bypass
                0x08003a70       0x54 zephyr/libzephyr.a(devmem_service.c.obj)
 .text.cmd_load
                0x08003ac4       0xc0 zephyr/libzephyr.a(devmem_service.c.obj)
 .text.bypass_cb
                0x08003b84      0x128 zephyr/libzephyr.a(devmem_service.c.obj)
 .text.memory_dump
                0x08003cac       0xd8 zephyr/libzephyr.a(devmem_service.c.obj)
 .text.cmd_dump
                0x08003d84      0x120 zephyr/libzephyr.a(devmem_service.c.obj)
 .text.k_current_get
                0x08003ea4       0x4c zephyr/libzephyr.a(shell.c.obj)
 .text.shell_internal_help_print
                0x08003ef0       0x20 zephyr/libzephyr.a(shell.c.obj)
 .text.z_shell_print
                0x08003f10      0x174 zephyr/libzephyr.a(shell.c.obj)
 .text.cmd_help
                0x08004084       0x4c zephyr/libzephyr.a(shell.c.obj)
 .text.shell_prompt_change
                0x080040d0       0x8c zephyr/libzephyr.a(shell.c.obj)
                0x080040d0                shell_prompt_change
 .text.shell_set_bypass
                0x0800415c       0x40 zephyr/libzephyr.a(shell.c.obj)
                0x0800415c                shell_set_bypass
 .text.z_shell_fprintf_fmt
                0x0800419c       0x24 zephyr/libzephyr.a(shell_fprintf.c.obj)
                0x0800419c                z_shell_fprintf_fmt
 .text.z_shell_cbpprintf_fmt
                0x080041c0       0x28 zephyr/libzephyr.a(shell_fprintf.c.obj)
                0x080041c0                z_shell_cbpprintf_fmt
 .text.z_shell_cmd_get
                0x080041e8       0xb0 zephyr/libzephyr.a(shell_utils.c.obj)
                0x080041e8                z_shell_cmd_get
 .text.shell_strtoul
                0x08004298       0x5c zephyr/libzephyr.a(shell_utils.c.obj)
                0x08004298                shell_strtoul
 .text.shell_hexdump_line
                0x080042f4      0x104 zephyr/libzephyr.a(shell_utils.c.obj)
                0x080042f4                shell_hexdump_line
 .text.shell_hexdump
                0x080043f8       0x58 zephyr/libzephyr.a(shell_utils.c.obj)
                0x080043f8                shell_hexdump
 .text.z_clear_eos
                0x08004450       0x20 zephyr/libzephyr.a(shell_ops.c.obj)
 .text.vt100_bgcolor_set
                0x08004470       0x38 zephyr/libzephyr.a(shell_ops.c.obj)
 .text.z_shell_op_cursor_vert_move
                0x080044a8       0x34 zephyr/libzephyr.a(shell_ops.c.obj)
                0x080044a8                z_shell_op_cursor_vert_move
 .text.z_shell_op_cursor_horiz_move
                0x080044dc       0x34 zephyr/libzephyr.a(shell_ops.c.obj)
                0x080044dc                z_shell_op_cursor_horiz_move
 .text.z_shell_op_cursor_position_synchronize
                0x08004510       0x5c zephyr/libzephyr.a(shell_ops.c.obj)
                0x08004510                z_shell_op_cursor_position_synchronize
 .text.z_shell_print_cmd
                0x0800456c       0x7c zephyr/libzephyr.a(shell_ops.c.obj)
                0x0800456c                z_shell_print_cmd
 .text.z_shell_write
                0x080045e8       0xb4 zephyr/libzephyr.a(shell_ops.c.obj)
                0x080045e8                z_shell_write
 .text.z_shell_vt100_color_set
                0x0800469c       0x54 zephyr/libzephyr.a(shell_ops.c.obj)
                0x0800469c                z_shell_vt100_color_set
 .text.z_shell_fprintf
                0x080046f0       0xec zephyr/libzephyr.a(shell_ops.c.obj)
                0x080046f0                z_shell_fprintf
 .text.print_prompt
                0x080047dc       0x18 zephyr/libzephyr.a(shell_ops.c.obj)
 .text.formatted_text_print
                0x080047f4      0x100 zephyr/libzephyr.a(shell_help.c.obj)
 .text.formatted_structured_help_print
                0x080048f4       0x40 zephyr/libzephyr.a(shell_help.c.obj)
 .text.help_item_print
                0x08004934       0x74 zephyr/libzephyr.a(shell_help.c.obj)
 .text.z_shell_help_cmd_print
                0x080049a8       0x5c zephyr/libzephyr.a(shell_help.c.obj)
                0x080049a8                z_shell_help_cmd_print
 .text.cmd_clear
                0x08004a04       0x3c zephyr/libzephyr.a(shell_cmds.c.obj)
 .text.z_cursor_save
                0x08004a40       0x20 zephyr/libzephyr.a(shell_cmds.c.obj)
 .text.z_cursor_restore
                0x08004a60       0x20 zephyr/libzephyr.a(shell_cmds.c.obj)
 .text.cmd_resize_default
                0x08004a80       0x30 zephyr/libzephyr.a(shell_cmds.c.obj)
 .text.cmd_shell_stats_show
                0x08004ab0       0x18 zephyr/libzephyr.a(shell_cmds.c.obj)
 .text.cmd_echo
                0x08004ac8       0x58 zephyr/libzephyr.a(shell_cmds.c.obj)
 .text.cmd_prompt_off
                0x08004b20       0x10 zephyr/libzephyr.a(shell_cmds.c.obj)
 .text.cmd_backends
                0x08004b30       0x7c zephyr/libzephyr.a(shell_cmds.c.obj)
 .text.cmd_history
                0x08004bac       0x4c zephyr/libzephyr.a(shell_cmds.c.obj)
 .text.cursor_position_get
                0x08004bf8      0x154 zephyr/libzephyr.a(shell_cmds.c.obj)
 .text.cmd_resize
                0x08004d4c       0x54 zephyr/libzephyr.a(shell_cmds.c.obj)
 .text.cmd_get_retval
                0x08004da0       0x1c zephyr/libzephyr.a(shell_cmds.c.obj)
 .text.k_current_get
                0x08004dbc       0x4c zephyr/libzephyr.a(thread_entry.c.obj)
 .text.z_thread_entry
                0x08004e08       0x2c zephyr/libzephyr.a(thread_entry.c.obj)
                0x08004e08                z_thread_entry
 .text.arch_bss_zero
                0x08004e34       0x18 zephyr/arch/common/libarch__common.a(init.c.obj)
                0x08004e34                arch_bss_zero
 .text.arch_data_copy
                0x08004e4c       0x34 zephyr/arch/common/libarch__common.a(xip.c.obj)
                0x08004e4c                arch_data_copy
 .text.esf_dump
                0x08004e80       0x40 zephyr/arch/arch/arm/core/libarch__arm__core.a(fatal.c.obj)
 .text.z_arm_fatal_error
                0x08004ec0       0x30 zephyr/arch/arch/arm/core/libarch__arm__core.a(fatal.c.obj)
                0x08004ec0                z_arm_fatal_error
 .text.z_SysNmiOnReset
                0x08004ef0        0x8 zephyr/arch/arch/arm/core/libarch__arm__core.a(nmi_on_reset.S.obj)
                0x08004ef0                z_SysNmiOnReset
 .text.z_tls_copy
                0x08004ef8       0x28 zephyr/arch/arch/arm/core/libarch__arm__core.a(tls.c.obj)
 .text.arch_tls_stack_setup
                0x08004f20       0x28 zephyr/arch/arch/arm/core/libarch__arm__core.a(tls.c.obj)
                0x08004f20                arch_tls_stack_setup
 .text.z_arm_is_synchronous_svc
                0x08004f48       0x48 zephyr/arch/arch/arm/core/cortex_m/libarch__arm__core__cortex_m.a(fault.c.obj)
 .text.get_esf  0x08004f90       0x48 zephyr/arch/arch/arm/core/cortex_m/libarch__arm__core__cortex_m.a(fault.c.obj)
 .text.bus_fault
                0x08004fd8       0xec zephyr/arch/arch/arm/core/cortex_m/libarch__arm__core__cortex_m.a(fault.c.obj)
 .text.usage_fault
                0x080050c4       0xb4 zephyr/arch/arch/arm/core/cortex_m/libarch__arm__core__cortex_m.a(fault.c.obj)
 .text.debug_monitor
                0x08005178       0x14 zephyr/arch/arch/arm/core/cortex_m/libarch__arm__core__cortex_m.a(fault.c.obj)
 .text.reserved_exception
                0x0800518c       0x24 zephyr/arch/arch/arm/core/cortex_m/libarch__arm__core__cortex_m.a(fault.c.obj)
 .text.mem_manage_fault
                0x080051b0      0x160 zephyr/arch/arch/arm/core/cortex_m/libarch__arm__core__cortex_m.a(fault.c.obj)
 .text.hard_fault
                0x08005310      0x10c zephyr/arch/arch/arm/core/cortex_m/libarch__arm__core__cortex_m.a(fault.c.obj)
 .text.z_arm_fault
                0x0800541c       0xa0 zephyr/arch/arch/arm/core/cortex_m/libarch__arm__core__cortex_m.a(fault.c.obj)
                0x0800541c                z_arm_fault
 .text.z_arm_fault_init
                0x080054bc       0x18 zephyr/arch/arch/arm/core/cortex_m/libarch__arm__core__cortex_m.a(fault.c.obj)
                0x080054bc                z_arm_fault_init
 .text.__fault  0x080054d4       0x14 zephyr/arch/arch/arm/core/cortex_m/libarch__arm__core__cortex_m.a(fault_s.S.obj)
                0x080054d4                z_arm_usage_fault
                0x080054d4                z_arm_mpu_fault
                0x080054d4                z_arm_exc_spurious
                0x080054d4                z_arm_debug_monitor
                0x080054d4                z_arm_hard_fault
                0x080054d4                z_arm_bus_fault
 .text._reset_section
                0x080054e8       0x44 zephyr/arch/arch/arm/core/cortex_m/libarch__arm__core__cortex_m.a(reset.S.obj)
                0x080054e8                __start
                0x080054e8                z_arm_reset
 .text.z_arm_svc
                0x0800552c       0x24 zephyr/arch/arch/arm/core/cortex_m/libarch__arm__core__cortex_m.a(svc.S.obj)
                0x0800552c                z_arm_svc
 .text.__NVIC_EnableIRQ
                0x08005550       0x1c zephyr/arch/arch/arm/core/cortex_m/libarch__arm__core__cortex_m.a(irq_manage.c.obj)
 .text.__NVIC_SetPriority
                0x0800556c       0x28 zephyr/arch/arch/arm/core/cortex_m/libarch__arm__core__cortex_m.a(irq_manage.c.obj)
 .text.arm_irq_priority_set
                0x08005594       0x48 zephyr/arch/arch/arm/core/cortex_m/libarch__arm__core__cortex_m.a(irq_manage.c.obj)
                0x08005594                arm_irq_priority_set
 .text.relocate_vector_table
                0x080055dc       0x1c zephyr/arch/arch/arm/core/cortex_m/libarch__arm__core__cortex_m.a(prep_c.c.obj)
                0x080055dc                relocate_vector_table
 .text.z_prep_c
                0x080055f8       0x38 zephyr/arch/arch/arm/core/cortex_m/libarch__arm__core__cortex_m.a(prep_c.c.obj)
                0x080055f8                z_prep_c
 .text.min_stack
                0x08005630       0x48 zephyr/arch/arch/arm/core/cortex_m/libarch__arm__core__cortex_m.a(thread.c.obj)
 .text.arch_new_thread
                0x08005678       0x44 zephyr/arch/arch/arm/core/cortex_m/libarch__arm__core__cortex_m.a(thread.c.obj)
                0x08005678                arch_new_thread
 .text.arch_switch_to_main_thread
                0x080056bc       0x40 zephyr/arch/arch/arm/core/cortex_m/libarch__arm__core__cortex_m.a(thread.c.obj)
                0x080056bc                arch_switch_to_main_thread
 .text.z_arm_cpu_idle_init
                0x080056fc        0xc zephyr/arch/arch/arm/core/cortex_m/libarch__arm__core__cortex_m.a(cpu_idle.c.obj)
                0x080056fc                z_arm_cpu_idle_init
 .text._HandlerModeExit
                0x08005708       0x20 zephyr/arch/arch/arm/core/cortex_m/libarch__arm__core__cortex_m.a(exc_exit.c.obj)
                0x08005708                z_arm_int_exit
                0x08005708                z_arm_exc_exit
 .text.z_impl_k_thread_abort
                0x08005728       0x34 zephyr/arch/arch/arm/core/cortex_m/libarch__arm__core__cortex_m.a(thread_abort.c.obj)
                0x08005728                z_impl_k_thread_abort
 .text.z_arm_pendsv
                0x0800575c       0x64 zephyr/arch/arch/arm/core/cortex_m/libarch__arm__core__cortex_m.a(swap_helper.S.obj)
                0x0800575c                z_arm_pendsv
 .text.z_arm_interrupt_init
                0x080057c0       0x34 zephyr/arch/arch/arm/core/cortex_m/libarch__arm__core__cortex_m.a(irq_init.c.obj)
                0x080057c0                z_arm_interrupt_init
 .text._isr_wrapper
                0x080057f4       0x20 zephyr/arch/arch/arm/core/cortex_m/libarch__arm__core__cortex_m.a(isr_wrapper.c.obj)
                0x080057f4                _isr_wrapper
 .text.__aeabi_read_tp
                0x08005814        0xc zephyr/arch/arch/arm/core/cortex_m/libarch__arm__core__cortex_m.a(__aeabi_read_tp.S.obj)
                0x08005814                __aeabi_read_tp
 .text.z_arm_configure_static_mpu_regions
                0x08005820       0x1c zephyr/arch/arch/arm/core/mpu/libarch__arm__core__mpu.a(arm_core_mpu.c.obj)
                0x08005820                z_arm_configure_static_mpu_regions
 .text.z_arm_configure_dynamic_mpu_regions
                0x0800583c       0x24 zephyr/arch/arch/arm/core/mpu/libarch__arm__core__mpu.a(arm_core_mpu.c.obj)
                0x0800583c                z_arm_configure_dynamic_mpu_regions
 .text.region_init
                0x08005860       0x28 zephyr/arch/arch/arm/core/mpu/libarch__arm__core__mpu.a(arm_mpu.c.obj)
 .text.region_allocate_and_init
                0x08005888       0x28 zephyr/arch/arch/arm/core/mpu/libarch__arm__core__mpu.a(arm_mpu.c.obj)
 .text.mpu_configure_static_mpu_regions
                0x080058b0       0x14 zephyr/arch/arch/arm/core/mpu/libarch__arm__core__mpu.a(arm_mpu.c.obj)
 .text.mpu_configure_dynamic_mpu_regions
                0x080058c4       0x3c zephyr/arch/arch/arm/core/mpu/libarch__arm__core__mpu.a(arm_mpu.c.obj)
 .text.mpu_configure_regions_from_dt
                0x08005900      0x244 zephyr/arch/arch/arm/core/mpu/libarch__arm__core__mpu.a(arm_mpu.c.obj)
 .text.arm_core_mpu_enable
                0x08005b44       0x18 zephyr/arch/arch/arm/core/mpu/libarch__arm__core__mpu.a(arm_mpu.c.obj)
                0x08005b44                arm_core_mpu_enable
 .text.arm_core_mpu_disable
                0x08005b5c       0x14 zephyr/arch/arch/arm/core/mpu/libarch__arm__core__mpu.a(arm_mpu.c.obj)
                0x08005b5c                arm_core_mpu_disable
 .text.arm_core_mpu_configure_static_mpu_regions
                0x08005b70       0x44 zephyr/arch/arch/arm/core/mpu/libarch__arm__core__mpu.a(arm_mpu.c.obj)
                0x08005b70                arm_core_mpu_configure_static_mpu_regions
 .text.arm_core_mpu_configure_dynamic_mpu_regions
                0x08005bb4       0x44 zephyr/arch/arch/arm/core/mpu/libarch__arm__core__mpu.a(arm_mpu.c.obj)
                0x08005bb4                arm_core_mpu_configure_dynamic_mpu_regions
 .text.z_arm_mpu_init
                0x08005bf8      0x110 zephyr/arch/arch/arm/core/mpu/libarch__arm__core__mpu.a(arm_mpu.c.obj)
                0x08005bf8                z_arm_mpu_init
 .text.cbvprintf
                0x08005d08       0x38 zephyr/lib/libc/picolibc/liblib__libc__picolibc.a(cbprintf.c.obj)
                0x08005d08                cbvprintf
 .text.z_impl_zephyr_fputc
                0x08005d40       0x10 zephyr/lib/libc/picolibc/liblib__libc__picolibc.a(stdio.c.obj)
                0x08005d40                z_impl_zephyr_fputc
 .text.__stdout_hook_install
                0x08005d50       0x18 zephyr/lib/libc/picolibc/liblib__libc__picolibc.a(stdio.c.obj)
                0x08005d50                __stdout_hook_install
 .text.malloc_prepare
                0x08005d68       0x24 zephyr/lib/libc/common/liblib__libc__common.a(malloc.c.obj)
 .text.z_getopt_global_state_update_shim
                0x08005d8c       0x2c zephyr/subsys/portability/posix/c_lib_ext/libsubsys__portability__posix__c_lib_ext.a(getopt_shim.c.obj)
                0x08005d8c                z_getopt_global_state_update_shim
 .text.k_current_get
                0x08005db8       0x4c zephyr/subsys/input/libsubsys__input.a(input.c.obj)
 .text.input_process
                0x08005e04       0x64 zephyr/subsys/input/libsubsys__input.a(input.c.obj)
 .text.input_thread
                0x08005e68       0x24 zephyr/subsys/input/libsubsys__input.a(input.c.obj)
 .text.input_report
                0x08005e8c       0x54 zephyr/subsys/input/libsubsys__input.a(input.c.obj)
                0x08005e8c                input_report
 .text.clock_control_on
                0x08005ee0       0x84 zephyr/drivers/interrupt_controller/libdrivers__interrupt_controller.a(intc_exti_stm32.c.obj)
 .text.stm32_exti_enable_clocks
                0x08005f64       0x24 zephyr/drivers/interrupt_controller/libdrivers__interrupt_controller.a(intc_exti_stm32.c.obj)
 .text.stm32_exti_is_pending
                0x08005f88       0x24 zephyr/drivers/interrupt_controller/libdrivers__interrupt_controller.a(intc_exti_stm32.c.obj)
                0x08005f88                stm32_exti_is_pending
 .text.stm32_exti_clear_pending
                0x08005fac       0x20 zephyr/drivers/interrupt_controller/libdrivers__interrupt_controller.a(intc_exti_stm32.c.obj)
                0x08005fac                stm32_exti_clear_pending
 .text.stm32_fill_irq_table
                0x08005fcc       0x24 zephyr/drivers/interrupt_controller/libdrivers__interrupt_controller.a(intc_gpio_stm32.c.obj)
 .text.stm32_intc_gpio_isr
                0x08005ff0       0x48 zephyr/drivers/interrupt_controller/libdrivers__interrupt_controller.a(intc_gpio_stm32.c.obj)
 .text.ll_exti_line_to_linenum
                0x08006038       0x74 zephyr/drivers/interrupt_controller/libdrivers__interrupt_controller.a(intc_gpio_stm32.c.obj)
 .text.LL_SYSCFG_SetEXTISource
                0x080060ac       0x38 zephyr/drivers/interrupt_controller/libdrivers__interrupt_controller.a(intc_gpio_stm32.c.obj)
 .text.LL_SYSCFG_GetEXTISource
                0x080060e4       0x28 zephyr/drivers/interrupt_controller/libdrivers__interrupt_controller.a(intc_gpio_stm32.c.obj)
 .text.stm32_gpio_intc_enable_line
                0x0800610c       0x24 zephyr/drivers/interrupt_controller/libdrivers__interrupt_controller.a(intc_gpio_stm32.c.obj)
                0x0800610c                stm32_gpio_intc_enable_line
 .text.stm32_gpio_intc_disable_line
                0x08006130       0x10 zephyr/drivers/interrupt_controller/libdrivers__interrupt_controller.a(intc_gpio_stm32.c.obj)
                0x08006130                stm32_gpio_intc_disable_line
 .text.stm32_gpio_intc_select_line_trigger
                0x08006140       0x80 zephyr/drivers/interrupt_controller/libdrivers__interrupt_controller.a(intc_gpio_stm32.c.obj)
                0x08006140                stm32_gpio_intc_select_line_trigger
 .text.stm32_gpio_intc_set_irq_callback
                0x080061c0       0x40 zephyr/drivers/interrupt_controller/libdrivers__interrupt_controller.a(intc_gpio_stm32.c.obj)
                0x080061c0                stm32_gpio_intc_set_irq_callback
 .text.stm32_gpio_intc_remove_irq_callback
                0x08006200       0x1c zephyr/drivers/interrupt_controller/libdrivers__interrupt_controller.a(intc_gpio_stm32.c.obj)
                0x08006200                stm32_gpio_intc_remove_irq_callback
 .text.stm32_clock_switch_to_hsi
                0x0800621c       0x38 zephyr/drivers/clock_control/libdrivers__clock_control.a(clock_stm32_ll_common.c.obj)
 .text.set_up_fixed_clock_sources
                0x08006254       0x38 zephyr/drivers/clock_control/libdrivers__clock_control.a(clock_stm32_ll_common.c.obj)
 .text.get_pll_div_frequency
                0x0800628c       0x38 zephyr/drivers/clock_control/libdrivers__clock_control.a(clock_stm32_ll_common.c.obj)
 .text.stm32_clock_control_get_subsys_rate
                0x080062c4      0x11c zephyr/drivers/clock_control/libdrivers__clock_control.a(clock_stm32_ll_common.c.obj)
 .text.set_up_plls
                0x080063e0       0x74 zephyr/drivers/clock_control/libdrivers__clock_control.a(clock_stm32_ll_common.c.obj)
 .text.enabled_clock
                0x08006454       0x24 zephyr/drivers/clock_control/libdrivers__clock_control.a(clock_stm32_ll_common.c.obj)
                0x08006454                enabled_clock
 .text.stm32_clock_control_init
                0x08006478       0x9c zephyr/drivers/clock_control/libdrivers__clock_control.a(clock_stm32_ll_common.c.obj)
                0x08006478                stm32_clock_control_init
 .text.get_pllsrc_frequency
                0x08006514        0x8 zephyr/drivers/clock_control/libdrivers__clock_control.a(clock_stm32f2_f4_f7.c.obj)
                0x08006514                get_pllsrc_frequency
 .text.config_pll_sysclock
                0x0800651c       0x44 zephyr/drivers/clock_control/libdrivers__clock_control.a(clock_stm32f2_f4_f7.c.obj)
                0x0800651c                config_pll_sysclock
 .text.config_enable_default_clocks
                0x08006560       0x20 zephyr/drivers/clock_control/libdrivers__clock_control.a(clock_stm32f2_f4_f7.c.obj)
                0x08006560                config_enable_default_clocks
 .text.uart_console_hook_install
                0x08006580       0x18 zephyr/drivers/console/libdrivers__console.a(uart_console.c.obj)
 .text.uart_console_init
                0x08006598       0x1c zephyr/drivers/console/libdrivers__console.a(uart_console.c.obj)
 .text.z_impl_uart_poll_out
                0x080065b4       0x7c zephyr/drivers/console/libdrivers__console.a(uart_console.c.obj)
 .text.console_out
                0x08006630       0x24 zephyr/drivers/console/libdrivers__console.a(uart_console.c.obj)
 .text.z_impl_gpio_port_set_bits_raw
                0x08006654       0x84 zephyr/drivers/display/libdrivers__display.a(display_ssd1306.c.obj)
 .text.z_impl_gpio_port_clear_bits_raw
                0x080066d8       0x84 zephyr/drivers/display/libdrivers__display.a(display_ssd1306.c.obj)
 .text.z_impl_gpio_pin_set_raw
                0x0800675c       0x50 zephyr/drivers/display/libdrivers__display.a(display_ssd1306.c.obj)
 .text.z_impl_gpio_pin_set
                0x080067ac       0x54 zephyr/drivers/display/libdrivers__display.a(display_ssd1306.c.obj)
 .text.z_impl_gpio_pin_configure
                0x08006800      0x21c zephyr/drivers/display/libdrivers__display.a(display_ssd1306.c.obj)
 .text.z_impl_i2c_transfer
                0x08006a1c       0xa4 zephyr/drivers/display/libdrivers__display.a(display_ssd1306.c.obj)
 .text.dma_stm32_get_status
                0x08006ac0       0x4c zephyr/drivers/dma/libdrivers__dma.a(dma_stm32.c.obj)
 .text.dma_stm32_stop
                0x08006b0c       0x6c zephyr/drivers/dma/libdrivers__dma.a(dma_stm32.c.obj)
 .text.dma_stm32_reload
                0x08006b78       0xf0 zephyr/drivers/dma/libdrivers__dma.a(dma_stm32.c.obj)
 .text.dma_stm32_configure
                0x08006c68      0x36c zephyr/drivers/dma/libdrivers__dma.a(dma_stm32.c.obj)
 .text.clock_control_on
                0x08006fd4       0x84 zephyr/drivers/dma/libdrivers__dma.a(dma_stm32.c.obj)
 .text.dma_stm32_init
                0x08007058       0x50 zephyr/drivers/dma/libdrivers__dma.a(dma_stm32.c.obj)
 .text.dma_stm32_irq_handler
                0x080070a8       0xec zephyr/drivers/dma/libdrivers__dma.a(dma_stm32.c.obj)
 .text.dma_stm32_id_to_stream
                0x08007194       0x34 zephyr/drivers/dma/libdrivers__dma.a(dma_stm32_v1.c.obj)
                0x08007194                dma_stm32_id_to_stream
 .text.dma_stm32_slot_to_channel
                0x080071c8       0x34 zephyr/drivers/dma/libdrivers__dma.a(dma_stm32_v1.c.obj)
                0x080071c8                dma_stm32_slot_to_channel
 .text.dma_stm32_clear_ht
                0x080071fc       0x38 zephyr/drivers/dma/libdrivers__dma.a(dma_stm32_v1.c.obj)
                0x080071fc                dma_stm32_clear_ht
 .text.dma_stm32_clear_tc
                0x08007234       0x38 zephyr/drivers/dma/libdrivers__dma.a(dma_stm32_v1.c.obj)
                0x08007234                dma_stm32_clear_tc
 .text.dma_stm32_is_ht_active
                0x0800726c       0x3c zephyr/drivers/dma/libdrivers__dma.a(dma_stm32_v1.c.obj)
                0x0800726c                dma_stm32_is_ht_active
 .text.dma_stm32_is_tc_active
                0x080072a8       0x3c zephyr/drivers/dma/libdrivers__dma.a(dma_stm32_v1.c.obj)
                0x080072a8                dma_stm32_is_tc_active
 .text.dma_stm32_clear_te
                0x080072e4       0x38 zephyr/drivers/dma/libdrivers__dma.a(dma_stm32_v1.c.obj)
                0x080072e4                dma_stm32_clear_te
 .text.dma_stm32_clear_dme
                0x0800731c       0x38 zephyr/drivers/dma/libdrivers__dma.a(dma_stm32_v1.c.obj)
                0x0800731c                dma_stm32_clear_dme
 .text.dma_stm32_clear_fe
                0x08007354       0x38 zephyr/drivers/dma/libdrivers__dma.a(dma_stm32_v1.c.obj)
                0x08007354                dma_stm32_clear_fe
 .text.dma_stm32_is_fe_active
                0x0800738c       0x3c zephyr/drivers/dma/libdrivers__dma.a(dma_stm32_v1.c.obj)
                0x0800738c                dma_stm32_is_fe_active
 .text.stm32_dma_is_tc_irq_active
                0x080073c8       0x34 zephyr/drivers/dma/libdrivers__dma.a(dma_stm32_v1.c.obj)
                0x080073c8                stm32_dma_is_tc_irq_active
 .text.stm32_dma_is_ht_irq_active
                0x080073fc       0x34 zephyr/drivers/dma/libdrivers__dma.a(dma_stm32_v1.c.obj)
                0x080073fc                stm32_dma_is_ht_irq_active
 .text.stm32_dma_is_unexpected_irq_happened
                0x08007430       0x2c zephyr/drivers/dma/libdrivers__dma.a(dma_stm32_v1.c.obj)
                0x08007430                stm32_dma_is_unexpected_irq_happened
 .text.stm32_dma_enable_stream
                0x0800745c       0x1c zephyr/drivers/dma/libdrivers__dma.a(dma_stm32_v1.c.obj)
                0x0800745c                stm32_dma_enable_stream
 .text.stm32_dma_is_enabled_stream
                0x08007478       0x24 zephyr/drivers/dma/libdrivers__dma.a(dma_stm32_v1.c.obj)
                0x08007478                stm32_dma_is_enabled_stream
 .text.stm32_dma_disable_stream
                0x0800749c       0x34 zephyr/drivers/dma/libdrivers__dma.a(dma_stm32_v1.c.obj)
                0x0800749c                stm32_dma_disable_stream
 .text.stm32_dma_disable_fifo_irq
                0x080074d0       0x20 zephyr/drivers/dma/libdrivers__dma.a(dma_stm32_v1.c.obj)
                0x080074d0                stm32_dma_disable_fifo_irq
 .text.stm32_dma_get_mburst
                0x080074f0       0x74 zephyr/drivers/dma/libdrivers__dma.a(dma_stm32_v1.c.obj)
                0x080074f0                stm32_dma_get_mburst
 .text.stm32_dma_get_pburst
                0x08007564       0x74 zephyr/drivers/dma/libdrivers__dma.a(dma_stm32_v1.c.obj)
                0x08007564                stm32_dma_get_pburst
 .text.gpio_manage_callback
                0x080075d8       0x98 zephyr/drivers/gpio/libdrivers__gpio.a(gpio_stm32.c.obj)
 .text.gpio_fire_callbacks
                0x08007670       0x70 zephyr/drivers/gpio/libdrivers__gpio.a(gpio_stm32.c.obj)
 .text.gpio_stm32_pin_interrupt_configure
                0x080076e0       0x94 zephyr/drivers/gpio/libdrivers__gpio.a(gpio_stm32.c.obj)
 .text.device_is_i2c
                0x08007774       0x24 zephyr/drivers/i2c/libdrivers__i2c.a(i2c_shell.c.obj)
 .text.device_name_get
                0x08007798       0x20 zephyr/drivers/i2c/libdrivers__i2c.a(i2c_shell.c.obj)
 .text.z_impl_i2c_get_config
                0x080077b8       0x8c zephyr/drivers/i2c/libdrivers__i2c.a(i2c_shell.c.obj)
 .text.z_impl_i2c_configure
                0x08007844       0x84 zephyr/drivers/i2c/libdrivers__i2c.a(i2c_shell.c.obj)
 .text.cmd_i2c_speed
                0x080078c8       0x8c zephyr/drivers/i2c/libdrivers__i2c.a(i2c_shell.c.obj)
 .text.z_impl_i2c_transfer
                0x08007954       0xa4 zephyr/drivers/i2c/libdrivers__i2c.a(i2c_shell.c.obj)
 .text.cmd_i2c_scan
                0x080079f8       0xf8 zephyr/drivers/i2c/libdrivers__i2c.a(i2c_shell.c.obj)
 .text.z_impl_i2c_recover_bus
                0x08007af0       0x88 zephyr/drivers/i2c/libdrivers__i2c.a(i2c_shell.c.obj)
 .text.cmd_i2c_recover
                0x08007b78       0x44 zephyr/drivers/i2c/libdrivers__i2c.a(i2c_shell.c.obj)
 .text.i2c_write_from_buffer
                0x08007bbc       0xe4 zephyr/drivers/i2c/libdrivers__i2c.a(i2c_shell.c.obj)
 .text.i2c_read_to_buffer
                0x08007ca0       0xb4 zephyr/drivers/i2c/libdrivers__i2c.a(i2c_shell.c.obj)
 .text.cmd_i2c_read_byte
                0x08007d54       0x3c zephyr/drivers/i2c/libdrivers__i2c.a(i2c_shell.c.obj)
 .text.i2c_map_dt_bitrate
                0x08007d90       0x54 zephyr/drivers/i2c/libdrivers__i2c.a(i2c_stm32.c.obj)
 .text.clock_control_get_rate
                0x08007de4       0x8c zephyr/drivers/i2c/libdrivers__i2c.a(i2c_stm32.c.obj)
 .text.clock_control_configure
                0x08007e70       0x8c zephyr/drivers/i2c/libdrivers__i2c.a(i2c_stm32.c.obj)
 .text.i2c_stm32_runtime_configure
                0x08007efc       0x94 zephyr/drivers/i2c/libdrivers__i2c.a(i2c_stm32.c.obj)
                0x08007efc                i2c_stm32_runtime_configure
 .text.i2c_stm32_init
                0x08007f90       0x74 zephyr/drivers/i2c/libdrivers__i2c.a(i2c_stm32.c.obj)
                0x08007f90                i2c_stm32_init
 .text.clock_control_on
                0x08008004       0x84 zephyr/drivers/i2c/libdrivers__i2c.a(i2c_stm32_common.c.obj)
 .text.i2c_stm32_activate
                0x08008088       0x28 zephyr/drivers/i2c/libdrivers__i2c.a(i2c_stm32_common.c.obj)
                0x08008088                i2c_stm32_activate
 .text.LL_I2C_ConfigSpeed
                0x080080b0       0xb8 zephyr/drivers/i2c/libdrivers__i2c.a(i2c_stm32_v1.c.obj)
 .text.i2c_stm32_msg_write
                0x08008168       0x48 zephyr/drivers/i2c/libdrivers__i2c.a(i2c_stm32_v1.c.obj)
 .text.i2c_stm32_msg_read
                0x080081b0       0x58 zephyr/drivers/i2c/libdrivers__i2c.a(i2c_stm32_v1.c.obj)
 .text.i2c_stm32_configure_timing
                0x08008208       0x3c zephyr/drivers/i2c/libdrivers__i2c.a(i2c_stm32_v1.c.obj)
                0x08008208                i2c_stm32_configure_timing
 .text.z_impl_gpio_pin_configure
                0x08008244      0x21c zephyr/drivers/input/libdrivers__input.a(input_gpio_keys.c.obj)
 .text.gpio_init_callback
                0x08008460       0x64 zephyr/drivers/input/libdrivers__input.a(input_gpio_keys.c.obj)
 .text.gpio_add_callback
                0x080084c4       0x88 zephyr/drivers/input/libdrivers__input.a(input_gpio_keys.c.obj)
 .text.z_impl_gpio_port_get_raw
                0x0800854c       0x84 zephyr/drivers/input/libdrivers__input.a(input_gpio_keys.c.obj)
 .text.z_impl_gpio_pin_get
                0x080085d0       0x58 zephyr/drivers/input/libdrivers__input.a(input_gpio_keys.c.obj)
 .text.z_impl_gpio_pin_interrupt_configure
                0x08008628      0x1a8 zephyr/drivers/input/libdrivers__input.a(input_gpio_keys.c.obj)
 .text.gpio_keys_interrupt_configure
                0x080087d0       0x40 zephyr/drivers/input/libdrivers__input.a(input_gpio_keys.c.obj)
 .text.gpio_keys_change_deferred
                0x08008810       0x24 zephyr/drivers/input/libdrivers__input.a(input_gpio_keys.c.obj)
 .text.LL_USART_SetBaudRate
                0x08008834       0xcc zephyr/drivers/serial/libdrivers__serial.a(uart_stm32.c.obj)
 .text.uart_stm32_poll_in
                0x08008900       0x10 zephyr/drivers/serial/libdrivers__serial.a(uart_stm32.c.obj)
 .text.uart_stm32_poll_out
                0x08008910       0x10 zephyr/drivers/serial/libdrivers__serial.a(uart_stm32.c.obj)
 .text.uart_stm32_fifo_fill
                0x08008920       0x2c zephyr/drivers/serial/libdrivers__serial.a(uart_stm32.c.obj)
 .text.uart_stm32_fifo_read
                0x0800894c       0x2c zephyr/drivers/serial/libdrivers__serial.a(uart_stm32.c.obj)
 .text.uart_stm32_irq_err_enable
                0x08008978       0x70 zephyr/drivers/serial/libdrivers__serial.a(uart_stm32.c.obj)
 .text.uart_stm32_irq_err_disable
                0x080089e8       0x70 zephyr/drivers/serial/libdrivers__serial.a(uart_stm32.c.obj)
 .text.dma_get_status
                0x08008a58       0x8c zephyr/drivers/serial/libdrivers__serial.a(uart_stm32.c.obj)
 .text.dma_reload
                0x08008ae4       0x94 zephyr/drivers/serial/libdrivers__serial.a(uart_stm32.c.obj)
 .text.dma_start
                0x08008b78       0x84 zephyr/drivers/serial/libdrivers__serial.a(uart_stm32.c.obj)
 .text.clock_control_get_rate
                0x08008bfc       0x8c zephyr/drivers/serial/libdrivers__serial.a(uart_stm32.c.obj)
 .text.uart_stm32_set_baudrate
                0x08008c88       0xd4 zephyr/drivers/serial/libdrivers__serial.a(uart_stm32.c.obj)
 .text.uart_stm32_configure
                0x08008d5c      0x138 zephyr/drivers/serial/libdrivers__serial.a(uart_stm32.c.obj)
 .text.dma_stop
                0x08008e94       0x8c zephyr/drivers/serial/libdrivers__serial.a(uart_stm32.c.obj)
 .text.dma_config
                0x08008f20       0x84 zephyr/drivers/serial/libdrivers__serial.a(uart_stm32.c.obj)
 .text.clock_control_on
                0x08008fa4       0x84 zephyr/drivers/serial/libdrivers__serial.a(uart_stm32.c.obj)
 .text.z_impl_reset_line_toggle
                0x08009028       0x8c zephyr/drivers/serial/libdrivers__serial.a(uart_stm32.c.obj)
 .text.async_timer_start
                0x080090b4       0x74 zephyr/drivers/serial/libdrivers__serial.a(uart_stm32.c.obj)
 .text.uart_stm32_async_init
                0x08009128      0x178 zephyr/drivers/serial/libdrivers__serial.a(uart_stm32.c.obj)
 .text.elapsed  0x080092a0       0x4c zephyr/drivers/timer/libdrivers__timer.a(cortex_m_systick.c.obj)
 .text.sys_clock_driver_init
                0x080092ec       0x40 zephyr/drivers/timer/libdrivers__timer.a(cortex_m_systick.c.obj)
 .text.sys_clock_isr
                0x0800932c       0x7c zephyr/drivers/timer/libdrivers__timer.a(cortex_m_systick.c.obj)
                0x0800932c                sys_clock_isr
 .text.sys_clock_set_timeout
                0x080093a8      0x148 zephyr/drivers/timer/libdrivers__timer.a(cortex_m_systick.c.obj)
                0x080093a8                sys_clock_set_timeout
 .text.sys_clock_elapsed
                0x080094f0       0x70 zephyr/drivers/timer/libdrivers__timer.a(cortex_m_systick.c.obj)
                0x080094f0                sys_clock_elapsed
 .text.sys_clock_cycle_get_32
                0x08009560       0x24 zephyr/drivers/timer/libdrivers__timer.a(cortex_m_systick.c.obj)
                0x08009560                sys_clock_cycle_get_32
 .text.HAL_RCC_GetSysClockFreq
                0x08009584       0xdc modules/hal_stm32/stm32cube/lib..__modules__hal__stm32__stm32cube.a(stm32f4xx_hal_rcc.c.obj)
                0x08009584                HAL_RCC_GetSysClockFreq
 .text.LL_DMA_Init
                0x08009660       0x94 modules/hal_stm32/stm32cube/lib..__modules__hal__stm32__stm32cube.a(stm32f4xx_ll_dma.c.obj)
                0x08009660                LL_DMA_Init
 .text.LL_SetFlashLatency
                0x080096f4       0xcc modules/hal_stm32/stm32cube/lib..__modules__hal__stm32__stm32cube.a(stm32f4xx_ll_utils.c.obj)
                0x080096f4                LL_SetFlashLatency
 .text.do_device_init
                0x080097c0       0x64 zephyr/kernel/libkernel.a(device.c.obj)
                0x080097c0                do_device_init
 .text.z_device_get_all_static
                0x08009824       0x14 zephyr/kernel/libkernel.a(device.c.obj)
                0x08009824                z_device_get_all_static
 .text.z_impl_device_get_binding
                0x08009838       0x78 zephyr/kernel/libkernel.a(device.c.obj)
                0x08009838                z_impl_device_get_binding
 .text.z_impl_device_get_by_dt_nodelabel
                0x080098b0       0x90 zephyr/kernel/libkernel.a(device.c.obj)
                0x080098b0                z_impl_device_get_by_dt_nodelabel
 .text.z_fatal_error
                0x08009940       0x60 zephyr/kernel/libkernel.a(fatal.c.obj)
                0x08009940                z_fatal_error
 .text.init_idle_thread
                0x080099a0       0x60 zephyr/kernel/libkernel.a(init.c.obj)
 .text.z_device_state_init
                0x08009a00       0x4c zephyr/kernel/libkernel.a(init.c.obj)
 .text.z_sys_init_run_level
                0x08009a4c       0x38 zephyr/kernel/libkernel.a(init.c.obj)
 .text.thread_schedule_new
                0x08009a84       0x1c zephyr/kernel/libkernel.a(init.c.obj)
 .text.z_init_static_threads
                0x08009aa0       0xc4 zephyr/kernel/libkernel.a(init.c.obj)
 .text.bg_thread_main
                0x08009b64       0x80 zephyr/kernel/libkernel.a(init.c.obj)
 .text.switch_to_main_thread
                0x08009be4       0x14 zephyr/kernel/libkernel.a(init.c.obj)
 .text.z_init_cpu
                0x08009bf8       0x44 zephyr/kernel/libkernel.a(init.c.obj)
                0x08009bf8                z_init_cpu
 .text.prepare_multithreading
                0x08009c3c       0x60 zephyr/kernel/libkernel.a(init.c.obj)
 .text.z_cstart
                0x08009c9c       0xc8 zephyr/kernel/libkernel.a(init.c.obj)
                0x08009c9c                z_cstart
 .text.statics_init
                0x08009d64       0x58 zephyr/kernel/libkernel.a(kheap.c.obj)
 .text.idle     0x08009dbc       0x48 zephyr/kernel/libkernel.a(idle.c.obj)
                0x08009dbc                idle
 .text.arch_spin_relax
                0x08009e04       0x38 zephyr/kernel/libkernel.a(idle.c.obj)
                0x08009e04                arch_spin_relax
 .text.unpend_thread_no_timeout
                0x08009e3c       0x44 zephyr/kernel/libkernel.a(msg_q.c.obj)
 .text.put_msg_in_queue
                0x08009e80      0x1d0 zephyr/kernel/libkernel.a(msg_q.c.obj)
 .text.z_impl_k_msgq_get
                0x0800a050      0x1c8 zephyr/kernel/libkernel.a(msg_q.c.obj)
                0x0800a050                z_impl_k_msgq_get
 .text.unpend_thread_no_timeout
                0x0800a218       0x44 zephyr/kernel/libkernel.a(mutex.c.obj)
 .text.z_impl_k_mutex_lock
                0x0800a25c      0x24c zephyr/kernel/libkernel.a(mutex.c.obj)
                0x0800a25c                z_impl_k_mutex_lock
 .text.z_impl_k_mutex_unlock
                0x0800a4a8      0x168 zephyr/kernel/libkernel.a(mutex.c.obj)
                0x0800a4a8                z_impl_k_mutex_unlock
 .text.unpend_thread_no_timeout
                0x0800a610       0x44 zephyr/kernel/libkernel.a(sem.c.obj)
 .text.z_impl_k_sem_give
                0x0800a654       0xe0 zephyr/kernel/libkernel.a(sem.c.obj)
                0x0800a654                z_impl_k_sem_give
 .text.z_impl_k_sem_take
                0x0800a734      0x13c zephyr/kernel/libkernel.a(sem.c.obj)
                0x0800a734                z_impl_k_sem_take
 .text.z_impl_k_sem_reset
                0x0800a870       0xe8 zephyr/kernel/libkernel.a(sem.c.obj)
                0x0800a870                z_impl_k_sem_reset
 .text.sys_work_q_init
                0x0800a958       0x2c zephyr/kernel/libkernel.a(system_work_q.c.obj)
 .text.unpend_thread_no_timeout
                0x0800a984       0x44 zephyr/kernel/libkernel.a(work.c.obj)
 .text.queue_submit_locked
                0x0800a9c8       0x80 zephyr/kernel/libkernel.a(work.c.obj)
 .text.submit_to_queue_locked
                0x0800aa48       0x88 zephyr/kernel/libkernel.a(work.c.obj)
 .text.work_timeout
                0x0800aad0       0xcc zephyr/kernel/libkernel.a(work.c.obj)
 .text.unschedule_locked
                0x0800ab9c       0xc8 zephyr/kernel/libkernel.a(work.c.obj)
 .text.finalize_cancel_locked
                0x0800ac64       0x5c zephyr/kernel/libkernel.a(work.c.obj)
 .text.work_queue_main
                0x0800acc0      0x264 zephyr/kernel/libkernel.a(work.c.obj)
 .text.schedule_for_queue_locked
                0x0800af24       0x34 zephyr/kernel/libkernel.a(work.c.obj)
 .text.k_work_queue_start
                0x0800af58      0x104 zephyr/kernel/libkernel.a(work.c.obj)
                0x0800af58                k_work_queue_start
 .text.k_work_init_delayable
                0x0800b05c       0x60 zephyr/kernel/libkernel.a(work.c.obj)
                0x0800b05c                k_work_init_delayable
 .text.k_work_schedule_for_queue
                0x0800b0bc      0x10c zephyr/kernel/libkernel.a(work.c.obj)
                0x0800b0bc                k_work_schedule_for_queue
 .text.k_work_schedule
                0x0800b1c8       0x10 zephyr/kernel/libkernel.a(work.c.obj)
                0x0800b1c8                k_work_schedule
 .text.k_work_reschedule_for_queue
                0x0800b1d8      0x114 zephyr/kernel/libkernel.a(work.c.obj)
                0x0800b1d8                k_work_reschedule_for_queue
 .text.k_work_reschedule
                0x0800b2ec       0x10 zephyr/kernel/libkernel.a(work.c.obj)
                0x0800b2ec                k_work_reschedule
 .text.k_work_cancel_delayable
                0x0800b2fc       0xd8 zephyr/kernel/libkernel.a(work.c.obj)
                0x0800b2fc                k_work_cancel_delayable
 .text.add_thread_to_monitor
                0x0800b3d4       0xb8 zephyr/kernel/libkernel.a(thread.c.obj)
 .text.z_impl_k_thread_name_set
                0x0800b48c       0x18 zephyr/kernel/libkernel.a(thread.c.obj)
                0x0800b48c                z_impl_k_thread_name_set
 .text.k_thread_state_str
                0x0800b4a4       0x78 zephyr/kernel/libkernel.a(thread.c.obj)
                0x0800b4a4                k_thread_state_str
 .text.z_setup_new_thread
                0x0800b51c       0xe4 zephyr/kernel/libkernel.a(thread.c.obj)
                0x0800b51c                z_setup_new_thread
 .text.z_dummy_thread_init
                0x0800b600       0x24 zephyr/kernel/libkernel.a(thread.c.obj)
                0x0800b600                z_dummy_thread_init
 .text.z_impl_k_thread_suspend
                0x0800b624       0xcc zephyr/kernel/libkernel.a(thread.c.obj)
                0x0800b624                z_impl_k_thread_suspend
 .text.z_impl_k_thread_resume
                0x0800b6f0       0xc4 zephyr/kernel/libkernel.a(thread.c.obj)
                0x0800b6f0                z_impl_k_thread_resume
 .text.z_impl_k_wakeup
                0x0800b7b4       0xc8 zephyr/kernel/libkernel.a(thread.c.obj)
                0x0800b7b4                z_impl_k_wakeup
 .text.thread_schedule_new
                0x0800b87c       0x1c zephyr/kernel/libkernel.a(thread.c.obj)
 .text.z_impl_k_thread_create
                0x0800b898       0x7c zephyr/kernel/libkernel.a(thread.c.obj)
                0x0800b898                z_impl_k_thread_create
 .text.z_thread_abort
                0x0800b914       0xe8 zephyr/kernel/libkernel.a(thread.c.obj)
                0x0800b914                z_thread_abort
 .text.k_can_yield
                0x0800b9fc       0x40 zephyr/kernel/libkernel.a(thread.c.obj)
                0x0800b9fc                k_can_yield
 .text.z_impl_k_yield
                0x0800ba3c       0x40 zephyr/kernel/libkernel.a(thread.c.obj)
                0x0800ba3c                z_impl_k_yield
 .text.unpend_thread_no_timeout
                0x0800ba7c       0x44 zephyr/kernel/libkernel.a(sched.c.obj)
 .text.z_swap_irqlock
                0x0800bac0       0x40 zephyr/kernel/libkernel.a(sched.c.obj)
 .text.move_current_to_end_of_prio_q
                0x0800bb00       0x88 zephyr/kernel/libkernel.a(sched.c.obj)
                0x0800bb00                move_current_to_end_of_prio_q
 .text.ready_thread
                0x0800bb88      0x12c zephyr/kernel/libkernel.a(sched.c.obj)
                0x0800bb88                z_sched_ready_locked
 .text.thread_halt_spin
                0x0800bcb4      0x23c zephyr/kernel/libkernel.a(sched.c.obj)
 .text.z_ready_thread
                0x0800bef0       0xb8 zephyr/kernel/libkernel.a(sched.c.obj)
                0x0800bef0                z_ready_thread
 .text.unready_thread
                0x0800bfa8       0xe4 zephyr/kernel/libkernel.a(sched.c.obj)
                0x0800bfa8                z_sched_unready_locked
 .text.reschedule
                0x0800c08c       0xa0 zephyr/kernel/libkernel.a(sched.c.obj)
                0x0800c08c                z_reschedule
 .text.z_sched_lock_reschedule
                0x0800c12c       0x80 zephyr/kernel/libkernel.a(sched.c.obj)
                0x0800c12c                z_sched_lock_reschedule
 .text.z_sched_yield
                0x0800c1ac      0x11c zephyr/kernel/libkernel.a(sched.c.obj)
                0x0800c1ac                z_sched_yield
 .text.add_to_waitq_locked
                0x0800c2c8       0x8c zephyr/kernel/libkernel.a(sched.c.obj)
                0x0800c2c8                z_sched_add_to_waitq_locked
 .text.z_thread_halt
                0x0800c354      0x3b4 zephyr/kernel/libkernel.a(sched.c.obj)
                0x0800c354                z_thread_halt
 .text.pend_locked
                0x0800c708       0x20 zephyr/kernel/libkernel.a(sched.c.obj)
 .text.z_thread_timeout
                0x0800c728       0xbc zephyr/kernel/libkernel.a(sched.c.obj)
                0x0800c728                z_thread_timeout
 .text.z_pend_curr
                0x0800c7e4      0x148 zephyr/kernel/libkernel.a(sched.c.obj)
                0x0800c7e4                z_pend_curr
 .text.z_thread_prio_set
                0x0800c92c      0x258 zephyr/kernel/libkernel.a(sched.c.obj)
                0x0800c92c                z_thread_prio_set
 .text.z_thread_suspend_current
                0x0800cb84      0x130 zephyr/kernel/libkernel.a(sched.c.obj)
                0x0800cb84                z_thread_suspend_current
 .text.z_swap_irqlock
                0x0800ccb4       0x40 zephyr/kernel/libkernel.a(sleep.c.obj)
 .text.z_tick_sleep
                0x0800ccf4      0x130 zephyr/kernel/libkernel.a(sleep.c.obj)
 .text.z_impl_k_sleep
                0x0800ce24       0xa8 zephyr/kernel/libkernel.a(sleep.c.obj)
                0x0800ce24                z_impl_k_sleep
 .text.z_sched_init
                0x0800cecc       0x10 zephyr/kernel/libkernel.a(scheduler.c.obj)
                0x0800cecc                z_sched_init
 .text.k_sched_lock
                0x0800cedc      0x108 zephyr/kernel/libkernel.a(scheduler.c.obj)
                0x0800cedc                k_sched_lock
 .text.k_sched_unlock
                0x0800cfe4       0xc0 zephyr/kernel/libkernel.a(scheduler.c.obj)
                0x0800cfe4                k_sched_unlock
 .text.z_impl_k_sched_current_thread_query
                0x0800d0a4        0xc zephyr/kernel/libkernel.a(scheduler.c.obj)
                0x0800d0a4                z_impl_k_sched_current_thread_query
 .text.z_sched_waitq_walk
                0x0800d0b0      0x124 zephyr/kernel/libkernel.a(scheduler.c.obj)
                0x0800d0b0                z_sched_waitq_walk
 .text.z_sched_wait
                0x0800d1d4       0x28 zephyr/kernel/libkernel.a(scheduler.c.obj)
                0x0800d1d4                z_sched_wait
 .text.z_time_slice_size
                0x0800d1fc       0x44 zephyr/kernel/libkernel.a(timeslicing.c.obj)
 .text.slice_reset
                0x0800d240       0x44 zephyr/kernel/libkernel.a(timeslicing.c.obj)
 .text.slice_timeout
                0x0800d284       0x64 zephyr/kernel/libkernel.a(timeslicing.c.obj)
 .text.z_time_slice
                0x0800d2e8      0x12c zephyr/kernel/libkernel.a(timeslicing.c.obj)
                0x0800d2e8                z_time_slice
 .text.z_spin_lock_valid
                0x0800d414       0x20 zephyr/kernel/libkernel.a(spinlock_validate.c.obj)
                0x0800d414                z_spin_lock_valid
 .text.z_spin_unlock_valid
                0x0800d434       0xbc zephyr/kernel/libkernel.a(spinlock_validate.c.obj)
                0x0800d434                z_spin_unlock_valid
 .text.z_spin_lock_set_owner
                0x0800d4f0       0x34 zephyr/kernel/libkernel.a(spinlock_validate.c.obj)
                0x0800d4f0                z_spin_lock_set_owner
 .text.z_spin_validate_reset
                0x0800d524       0x20 zephyr/kernel/libkernel.a(spinlock_validate.c.obj)
                0x0800d524                z_spin_validate_reset
 .text.z_assert_can_swap
                0x0800d544      0x108 zephyr/kernel/libkernel.a(spinlock_validate.c.obj)
                0x0800d544                z_assert_can_swap
 .text.thread_foreach_helper
                0x0800d64c      0x19c zephyr/kernel/libkernel.a(thread_monitor.c.obj)
 .text.z_thread_monitor_exit
                0x0800d7e8       0xc4 zephyr/kernel/libkernel.a(thread_monitor.c.obj)
                0x0800d7e8                z_thread_monitor_exit
 .text.z_timeout_q_insert
                0x0800d8ac       0x90 zephyr/kernel/libkernel.a(timeout.c.obj)
 .text.z_timeout_q_remove
                0x0800d93c       0x50 zephyr/kernel/libkernel.a(timeout.c.obj)
 .text.z_timeout_q_next_gap
                0x0800d98c       0x34 zephyr/kernel/libkernel.a(timeout.c.obj)
 .text.z_timeout_q_advance
                0x0800d9c0       0x20 zephyr/kernel/libkernel.a(timeout.c.obj)
 .text.z_timeout_q_pop_due
                0x0800d9e0       0x30 zephyr/kernel/libkernel.a(timeout.c.obj)
 .text.next_timeout
                0x0800da10       0x68 zephyr/kernel/libkernel.a(timeout.c.obj)
 .text.elapsed  0x0800da78       0x18 zephyr/kernel/libkernel.a(timeout.c.obj)
 .text.z_add_timeout
                0x0800da90      0x198 zephyr/kernel/libkernel.a(timeout.c.obj)
                0x0800da90                z_add_timeout
 .text.z_try_abort_timeout
                0x0800dc28       0xf0 zephyr/kernel/libkernel.a(timeout.c.obj)
                0x0800dc28                z_try_abort_timeout
 .text.z_timeout_inflight_superseded
                0x0800dd18       0xc0 zephyr/kernel/libkernel.a(timeout.c.obj)
                0x0800dd18                z_timeout_inflight_superseded
 .text.sys_clock_announce_locked
                0x0800ddd8      0x158 zephyr/kernel/libkernel.a(timeout.c.obj)
                0x0800ddd8                sys_clock_announce_locked
 .text.sys_clock_lock
                0x0800df30       0x5c zephyr/kernel/libkernel.a(timeout.c.obj)
                0x0800df30                sys_clock_lock
 .text.sys_clock_unlock
                0x0800df8c       0x54 zephyr/kernel/libkernel.a(timeout.c.obj)
                0x0800df8c                sys_clock_unlock
 .text.sys_clock_tick_get
                0x0800dfe0       0xc4 zephyr/kernel/libkernel.a(timeout.c.obj)
                0x0800dfe0                sys_clock_tick_get
 .text.k_event_post_internal
                0x0800e0a4       0xa0 zephyr/kernel/libkernel.a(events.c.obj)
 .text.k_event_wait_internal
                0x0800e144      0x18c zephyr/kernel/libkernel.a(events.c.obj)
 .text.z_alloc_helper
                0x0800e2d0      0x130 zephyr/kernel/libkernel.a(mempool.c.obj)
 .text.k_malloc
                0x0800e400       0x18 zephyr/kernel/libkernel.a(mempool.c.obj)
                0x0800e400                k_malloc
 .text.k_thread_system_pool_assign
                0x0800e418        0xc zephyr/kernel/libkernel.a(mempool.c.obj)
                0x0800e418                k_thread_system_pool_assign
 .text.memset   0x0800e424       0xb0 D:/Downloads/setup/zephyr-sdk-1.0.1/gnu/arm-zephyr-eabi/bin/../lib/gcc/arm-zephyr-eabi/14.3.0/../../../../arm-zephyr-eabi/lib/thumb/v7e-m/nofp\libc.a(memset.c.o)
                0x0800e424                memset
 .text.memcmp   0x0800e4d4       0x5c D:/Downloads/setup/zephyr-sdk-1.0.1/gnu/arm-zephyr-eabi/bin/../lib/gcc/arm-zephyr-eabi/14.3.0/../../../../arm-zephyr-eabi/lib/thumb/v7e-m/nofp\libc.a(libc_string_memcmp.c.o)
                0x0800e4d4                memcmp
 .text.strchr   0x0800e530       0xd0 D:/Downloads/setup/zephyr-sdk-1.0.1/gnu/arm-zephyr-eabi/bin/../lib/gcc/arm-zephyr-eabi/14.3.0/../../../../arm-zephyr-eabi/lib/thumb/v7e-m/nofp\libc.a(libc_string_strchr.c.o)
                0x0800e530                strchr
 .text.strncmp  0x0800e600       0x78 D:/Downloads/setup/zephyr-sdk-1.0.1/gnu/arm-zephyr-eabi/bin/../lib/gcc/arm-zephyr-eabi/14.3.0/../../../../arm-zephyr-eabi/lib/thumb/v7e-m/nofp\libc.a(libc_string_strncmp.c.o)
                0x0800e600                strncmp
 .text.strncpy  0x0800e678       0x58 D:/Downloads/setup/zephyr-sdk-1.0.1/gnu/arm-zephyr-eabi/bin/../lib/gcc/arm-zephyr-eabi/14.3.0/../../../../arm-zephyr-eabi/lib/thumb/v7e-m/nofp\libc.a(libc_string_strncpy.c.o)
                0x0800e678                strncpy
 .text.strnlen  0x0800e6d0       0x24 D:/Downloads/setup/zephyr-sdk-1.0.1/gnu/arm-zephyr-eabi/bin/../lib/gcc/arm-zephyr-eabi/14.3.0/../../../../arm-zephyr-eabi/lib/thumb/v7e-m/nofp\libc.a(libc_string_strnlen.c.o)
                0x0800e6d0                strnlen
 .text.two_way_long_needle
                0x0800e6f4      0x2c0 D:/Downloads/setup/zephyr-sdk-1.0.1/gnu/arm-zephyr-eabi/bin/../lib/gcc/arm-zephyr-eabi/14.3.0/../../../../arm-zephyr-eabi/lib/thumb/v7e-m/nofp\libc.a(libc_string_strstr.c.o)
 .text.strstr   0x0800e9b4      0x15c D:/Downloads/setup/zephyr-sdk-1.0.1/gnu/arm-zephyr-eabi/bin/../lib/gcc/arm-zephyr-eabi/14.3.0/../../../../arm-zephyr-eabi/lib/thumb/v7e-m/nofp\libc.a(libc_string_strstr.c.o)
                0x0800e9b4                strstr
 .text.gmtime_r
                0x0800eb10      0x1f0 D:/Downloads/setup/zephyr-sdk-1.0.1/gnu/arm-zephyr-eabi/bin/../lib/gcc/arm-zephyr-eabi/14.3.0/../../../../arm-zephyr-eabi/lib/thumb/v7e-m/nofp\libc.a(libc_time_gmtime_r.c.o)
                0x0800eb10                gmtime_r
 .text.snprintf
                0x0800ed00       0x68 D:/Downloads/setup/zephyr-sdk-1.0.1/gnu/arm-zephyr-eabi/bin/../lib/gcc/arm-zephyr-eabi/14.3.0/../../../../arm-zephyr-eabi/lib/thumb/v7e-m/nofp\libc.a(libc_tinystdio_snprintf.c.o)
                0x0800ed00                snprintf
 .text.strtol   0x0800ed68       0xf4 D:/Downloads/setup/zephyr-sdk-1.0.1/gnu/arm-zephyr-eabi/bin/../lib/gcc/arm-zephyr-eabi/14.3.0/../../../../arm-zephyr-eabi/lib/thumb/v7e-m/nofp\libc.a(libc_tinystdio_strtol.c.o)
                0x0800ed68                strtol
 .text.strtoul  0x0800ee5c       0xdc D:/Downloads/setup/zephyr-sdk-1.0.1/gnu/arm-zephyr-eabi/bin/../lib/gcc/arm-zephyr-eabi/14.3.0/../../../../arm-zephyr-eabi/lib/thumb/v7e-m/nofp\libc.a(libc_tinystdio_strtoul.c.o)
                0x0800ee5c                strtoul
 .text.strtoull
                0x0800ef38      0x10c D:/Downloads/setup/zephyr-sdk-1.0.1/gnu/arm-zephyr-eabi/bin/../lib/gcc/arm-zephyr-eabi/14.3.0/../../../../arm-zephyr-eabi/lib/thumb/v7e-m/nofp\libc.a(libc_tinystdio_strtoull.c.o)
                0x0800ef38                strtoull
 .text.__ultoa_invert
                0x0800f044       0xfc D:/Downloads/setup/zephyr-sdk-1.0.1/gnu/arm-zephyr-eabi/bin/../lib/gcc/arm-zephyr-eabi/14.3.0/../../../../arm-zephyr-eabi/lib/thumb/v7e-m/nofp\libc.a(libc_tinystdio_vflprintf.c.o)
 .text.__l_vfprintf
                0x0800f140      0x9b4 D:/Downloads/setup/zephyr-sdk-1.0.1/gnu/arm-zephyr-eabi/bin/../lib/gcc/arm-zephyr-eabi/14.3.0/../../../../arm-zephyr-eabi/lib/thumb/v7e-m/nofp\libc.a(libc_tinystdio_vflprintf.c.o)
                0x0800f140                __l_vfprintf
 .text.__file_str_put
                0x0800faf4       0x10 D:/Downloads/setup/zephyr-sdk-1.0.1/gnu/arm-zephyr-eabi/bin/../lib/gcc/arm-zephyr-eabi/14.3.0/../../../../arm-zephyr-eabi/lib/thumb/v7e-m/nofp\libc.a(libc_tinystdio_filestrput.c.o)
                0x0800faf4                __file_str_put
 .text._OffsetAbsSyms
                0x0800fb04        0x2 zephyr/CMakeFiles/offsets.dir/./arch/arm/core/offsets/offsets.c.obj
                0x0800fb04                _OffsetAbsSyms
 .text.s_has_data
                0x0800fb06       0x22 app/libapp.a(menu.c.obj)
 .text.s_adjust_plus
                0x0800fb28       0x6a app/libapp.a(menu.c.obj)
 .text.s_adjust_minus
                0x0800fb92       0x6a app/libapp.a(menu.c.obj)
 .text.s_count_children
                0x0800fbfc       0x12 app/libapp.a(menu.c.obj)
 .text.menu_reset_to_default
                0x0800fc0e       0x26 app/libapp.a(menu.c.obj)
                0x0800fc0e                menu_reset_to_default
 .text.chunk_mem
                0x0800fc34        0x8 zephyr/libzephyr.a(heap.c.obj)
 .text.free_list_remove_bidx
                0x0800fc3c       0x6e zephyr/libzephyr.a(heap.c.obj)
 .text.free_list_add_bidx
                0x0800fcaa       0x68 zephyr/libzephyr.a(heap.c.obj)
 .text.free_chunk_check
                0x0800fd12       0x42 zephyr/libzephyr.a(heap.c.obj)
 .text.split_chunks
                0x0800fd54       0x40 zephyr/libzephyr.a(heap.c.obj)
 .text.free_list_add
                0x0800fd94       0x18 zephyr/libzephyr.a(heap.c.obj)
 .text.alloc_chunk
                0x0800fdac       0x8e zephyr/libzephyr.a(heap.c.obj)
 .text.sys_heap_alloc
                0x0800fe3a       0x66 zephyr/libzephyr.a(heap.c.obj)
                0x0800fe3a                sys_heap_alloc
 .text.sys_heap_noalign_alloc
                0x0800fea0        0xa zephyr/libzephyr.a(heap.c.obj)
                0x0800fea0                sys_heap_noalign_alloc
 .text.cbprintf_via_va_list
                0x0800feaa        0xe zephyr/libzephyr.a(cbprintf_packaged.c.obj)
 .text.cbpprintf_external
                0x0800feb8       0x60 zephyr/libzephyr.a(cbprintf_packaged.c.obj)
                0x0800feb8                cbpprintf_external
 .text.is_valid_clock_id
                0x0800ff18       0x14 zephyr/libzephyr.a(clock.c.obj)
 .text.arch_printk_char_out
                0x0800ff2c        0x4 zephyr/libzephyr.a(printk.c.obj)
                0x0800ff2c                arch_printk_char_out
 .text.printk   0x0800ff30       0x1c zephyr/libzephyr.a(printk.c.obj)
                0x0800ff30                printk
 .text.assert_post_action
                0x0800ff4c       0x12 zephyr/libzephyr.a(assert.c.obj)
                0x0800ff4c                assert_post_action
 .text.assert_print
                0x0800ff5e       0x1c zephyr/libzephyr.a(assert.c.obj)
                0x0800ff5e                assert_print
 .text.timeutil_timegm64
                0x0800ff7a       0xaa zephyr/libzephyr.a(timeutil.c.obj)
                0x0800ff7a                timeutil_timegm64
 .text.ring_buf_area_claim
                0x08010024       0x42 zephyr/libzephyr.a(ring_buffer.c.obj)
                0x08010024                ring_buf_area_claim
 .text.ring_buf_put_claim
                0x08010066       0x26 zephyr/libzephyr.a(ring_buffer.c.obj)
 .text.ring_buf_get_claim
                0x0801008c       0x24 zephyr/libzephyr.a(ring_buffer.c.obj)
 .text.ring_buf_area_finish
                0x080100b0       0x40 zephyr/libzephyr.a(ring_buffer.c.obj)
                0x080100b0                ring_buf_area_finish
 .text._ConfigAbsSyms
                0x080100f0        0x2 zephyr/libzephyr.a(configs.c.obj)
                0x080100f0                _ConfigAbsSyms
 .text.pm_device_driver_init
                0x080100f2       0x24 zephyr/libzephyr.a(gpioport_mgr.c.obj)
 .text.LL_GPIO_SetAFPin_0_7
                0x08010116       0x3a zephyr/libzephyr.a(gpioport_mgr.c.obj)
 .text.LL_GPIO_SetAFPin_8_15
                0x08010150       0x3c zephyr/libzephyr.a(gpioport_mgr.c.obj)
 .text.LL_GPIO_SetPinSpeed
                0x0801018c       0x3a zephyr/libzephyr.a(gpioport_mgr.c.obj)
 .text.LL_GPIO_SetPinPull
                0x080101c6       0x3a zephyr/libzephyr.a(gpioport_mgr.c.obj)
 .text.ll_gpio_set_pin_pull
                0x08010200        0x8 zephyr/libzephyr.a(gpioport_mgr.c.obj)
 .text.LL_GPIO_SetPinMode
                0x08010208       0x3a zephyr/libzephyr.a(gpioport_mgr.c.obj)
 .text.stm32_gpioport_configure_pin
                0x08010242       0x96 zephyr/libzephyr.a(gpioport_mgr.c.obj)
                0x08010242                stm32_gpioport_configure_pin
 .text.byte_reverse
                0x080102d8       0x30 zephyr/libzephyr.a(cfb.c.obj)
 .text.get_glyph_ptr
                0x08010308       0x4c zephyr/libzephyr.a(cfb.c.obj)
 .text.get_tofu_glyph_byte
                0x08010354       0xac zephyr/libzephyr.a(cfb.c.obj)
 .text.get_glyph_byte
                0x08010400       0x5e zephyr/libzephyr.a(cfb.c.obj)
 .text.draw_char_vtmono_vpacked
                0x0801045e      0x1e4 zephyr/libzephyr.a(cfb.c.obj)
 .text.draw_char_vtmono_hpacked
                0x08010642      0x128 zephyr/libzephyr.a(cfb.c.obj)
 .text.draw_char_vtmono
                0x0801076a       0x40 zephyr/libzephyr.a(cfb.c.obj)
 .text.draw_char_htmono
                0x080107aa      0x114 zephyr/libzephyr.a(cfb.c.obj)
 .text.cfb_invert
                0x080108be       0x20 zephyr/libzephyr.a(cfb.c.obj)
 .text.cfb_print
                0x080108de       0x10 zephyr/libzephyr.a(cfb.c.obj)
                0x080108de                cfb_print
 .text.k_msleep
                0x080108ee       0x20 zephyr/libzephyr.a(sleep.c.obj)
 .text.thread_valid_cb
                0x0801090e        0xe zephyr/libzephyr.a(thread.c.obj)
 .text.cmd_date_get
                0x0801091c       0x28 zephyr/libzephyr.a(date_service.c.obj)
 .text.cmd_buffer_clear
                0x08010944       0x16 zephyr/libzephyr.a(shell.c.obj)
 .text.z_flag_print_noinit_set
                0x0801095a       0x40 zephyr/libzephyr.a(shell.c.obj)
 .text.z_shell_trylock
                0x0801099a       0x14 zephyr/libzephyr.a(shell.c.obj)
 .text.shell_fprintf_impl
                0x080109ae       0x20 zephyr/libzephyr.a(shell.c.obj)
                0x080109ae                shell_fprintf_impl
 .text.shell_help
                0x080109ce       0x24 zephyr/libzephyr.a(shell.c.obj)
                0x080109ce                shell_help
 .text.shell_get_return_value
                0x080109f2       0x10 zephyr/libzephyr.a(shell.c.obj)
                0x080109f2                shell_get_return_value
 .text.z_shell_fprintf_buffer_flush
                0x08010a02       0x18 zephyr/libzephyr.a(shell_fprintf.c.obj)
                0x08010a02                z_shell_fprintf_buffer_flush
 .text.out_func
                0x08010a1a       0x40 zephyr/libzephyr.a(shell_fprintf.c.obj)
 .text.device_has_nodelabel
                0x08010a5a       0x50 zephyr/libzephyr.a(shell_utils.c.obj)
 .text.shell_device_internal
                0x08010aaa       0x8c zephyr/libzephyr.a(shell_utils.c.obj)
 .text.z_shell_multiline_data_calc
                0x08010b36       0x38 zephyr/libzephyr.a(shell_utils.c.obj)
                0x08010b36                z_shell_multiline_data_calc
 .text.shell_device_filter
                0x08010b6e        0xe zephyr/libzephyr.a(shell_utils.c.obj)
                0x08010b6e                shell_device_filter
 .text.shell_device_lookup_all
                0x08010b7c        0xc zephyr/libzephyr.a(shell_utils.c.obj)
                0x08010b7c                shell_device_lookup_all
 .text.shell_device_lookup_non_ready
                0x08010b88        0xc zephyr/libzephyr.a(shell_utils.c.obj)
                0x08010b88                shell_device_lookup_non_ready
 .text.shell_device_get_binding
                0x08010b94       0x14 zephyr/libzephyr.a(shell_utils.c.obj)
                0x08010b94                shell_device_get_binding
 .text.shell_device_get_binding_all
                0x08010ba8       0x5e zephyr/libzephyr.a(shell_utils.c.obj)
                0x08010ba8                shell_device_get_binding_all
 .text.z_shell_raw_fprintf
                0x08010c06       0x1c zephyr/libzephyr.a(shell_ops.c.obj)
 .text.full_line_cmd
                0x08010c22       0x30 zephyr/libzephyr.a(shell_ops.c.obj)
 .text.z_flag_tx_rdy_set
                0x08010c52       0x40 zephyr/libzephyr.a(shell_ops.c.obj)
 .text.shell_pend_on_txdone
                0x08010c92       0x4a zephyr/libzephyr.a(shell_ops.c.obj)
 .text.z_shell_cmd_line_erase
                0x08010cdc       0x36 zephyr/libzephyr.a(shell_ops.c.obj)
                0x08010cdc                z_shell_cmd_line_erase
 .text.z_shell_vt100_colors_restore
                0x08010d12       0x16 zephyr/libzephyr.a(shell_ops.c.obj)
                0x08010d12                z_shell_vt100_colors_restore
 .text.z_shell_print
                0x08010d28       0x66 zephyr/libzephyr.a(shell_ops.c.obj)
 .text.z_shell_cbpprintf
                0x08010d8e       0x16 zephyr/libzephyr.a(shell_ops.c.obj)
                0x08010d8e                z_shell_cbpprintf
 .text.z_shell_vfprintf
                0x08010da4       0x14 zephyr/libzephyr.a(shell_ops.c.obj)
                0x08010da4                z_shell_vfprintf
 .text.z_shell_print_prompt_and_cmd
                0x08010db8       0x24 zephyr/libzephyr.a(shell_ops.c.obj)
                0x08010db8                z_shell_print_prompt_and_cmd
 .text.shell_help_is_structured
                0x08010ddc       0x32 zephyr/libzephyr.a(shell_help.c.obj)
 .text.z_shell_raw_fprintf
                0x08010e0e       0x1c zephyr/libzephyr.a(shell_help.c.obj)
 .text.z_shell_help_subcmd_print
                0x08010e2a       0x72 zephyr/libzephyr.a(shell_help.c.obj)
                0x08010e2a                z_shell_help_subcmd_print
 .text.cmd_comment
                0x08010e9c        0x4 zephyr/libzephyr.a(shell_cmds.c.obj)
 .text.cmd_shell_stats_reset
                0x08010ea0        0x8 zephyr/libzephyr.a(shell_cmds.c.obj)
 .text.z_shell_raw_fprintf
                0x08010ea8       0x1c zephyr/libzephyr.a(shell_cmds.c.obj)
 .text.z_flag_echo_set
                0x08010ec4       0x40 zephyr/libzephyr.a(shell_cmds.c.obj)
 .text.cmd_echo_on
                0x08010f04        0xc zephyr/libzephyr.a(shell_cmds.c.obj)
 .text.cmd_echo_off
                0x08010f10        0xc zephyr/libzephyr.a(shell_cmds.c.obj)
 .text.z_flag_use_vt100_set
                0x08010f1c       0x40 zephyr/libzephyr.a(shell_cmds.c.obj)
 .text.cmd_vt100_on
                0x08010f5c        0xc zephyr/libzephyr.a(shell_cmds.c.obj)
 .text.cmd_vt100_off
                0x08010f68        0xc zephyr/libzephyr.a(shell_cmds.c.obj)
 .text.z_flag_use_colors_set
                0x08010f74       0x40 zephyr/libzephyr.a(shell_cmds.c.obj)
 .text.cmd_colors_on
                0x08010fb4        0xc zephyr/libzephyr.a(shell_cmds.c.obj)
 .text.cmd_colors_off
                0x08010fc0        0xc zephyr/libzephyr.a(shell_cmds.c.obj)
 .text.z_flag_mode_delete_set
                0x08010fcc       0x40 zephyr/libzephyr.a(shell_cmds.c.obj)
 .text.cmd_backspace_mode_delete
                0x0801100c        0xc zephyr/libzephyr.a(shell_cmds.c.obj)
 .text.cmd_backspace_mode_backspace
                0x08011018        0xc zephyr/libzephyr.a(shell_cmds.c.obj)
 .text.cmd_prompt_on
                0x08011024        0xc zephyr/libzephyr.a(shell_cmds.c.obj)
 .text.terminal_size_get
                0x08011030       0x5e zephyr/libzephyr.a(shell_cmds.c.obj)
 .text.z_shell_history_get
                0x0801108e       0x60 zephyr/libzephyr.a(shell_history.c.obj)
                0x0801108e                z_shell_history_get
 .text.arch_early_memset
                0x080110ee        0x8 zephyr/arch/common/libarch__common.a(init.c.obj)
                0x080110ee                arch_early_memset
 .text.arch_early_memcpy
                0x080110f6        0x8 zephyr/arch/common/libarch__common.a(init.c.obj)
                0x080110f6                arch_early_memcpy
 .text.z_do_kernel_oops
                0x080110fe        0xc zephyr/arch/arch/arm/core/libarch__arm__core.a(fatal.c.obj)
                0x080110fe                z_do_kernel_oops
 .text.z_arm_nmi
                0x0801110a        0xc zephyr/arch/arch/arm/core/libarch__arm__core.a(nmi.c.obj)
                0x0801110a                z_arm_nmi
 .text.memory_fault_recoverable
                0x08011116        0x4 zephyr/arch/arch/arm/core/cortex_m/libarch__arm__core__cortex_m.a(fault.c.obj)
 .text.fault_handle
                0x0801111a       0x54 zephyr/arch/arch/arm/core/cortex_m/libarch__arm__core__cortex_m.a(fault.c.obj)
 .text.arm_irq_enable
                0x0801116e        0xa zephyr/arch/arch/arm/core/cortex_m/libarch__arm__core__cortex_m.a(irq_manage.c.obj)
                0x0801116e                arm_irq_enable
 .text.z_irq_spurious
                0x08011178        0xc zephyr/arch/arch/arm/core/cortex_m/libarch__arm__core__cortex_m.a(irq_manage.c.obj)
                0x08011178                z_irq_spurious
 .text.z_check_thread_stack_fail
                0x08011184        0x8 zephyr/arch/arch/arm/core/cortex_m/libarch__arm__core__cortex_m.a(thread.c.obj)
                0x08011184                z_check_thread_stack_fail
 .text.arch_coprocessors_disable
                0x0801118c        0x6 zephyr/arch/arch/arm/core/cortex_m/libarch__arm__core__cortex_m.a(thread.c.obj)
                0x0801118c                arch_coprocessors_disable
 .text.arch_irq_unlock_outlined
                0x08011192        0xe zephyr/arch/arch/arm/core/cortex_m/libarch__arm__core__cortex_m.a(thread.c.obj)
                0x08011192                arch_irq_unlock_outlined
 .text.arch_cpu_idle
                0x080111a0       0x1a zephyr/arch/arch/arm/core/cortex_m/libarch__arm__core__cortex_m.a(cpu_idle.c.obj)
                0x080111a0                arch_cpu_idle
 .text.mpu_partition_is_valid
                0x080111ba       0x22 zephyr/arch/arch/arm/core/mpu/libarch__arm__core__mpu.a(arm_mpu.c.obj)
 .text.mpu_configure_region
                0x080111dc       0x3e zephyr/arch/arch/arm/core/mpu/libarch__arm__core__mpu.a(arm_mpu.c.obj)
 .text.mpu_configure_regions
                0x0801121a       0x50 zephyr/arch/arch/arm/core/mpu/libarch__arm__core__mpu.a(arm_mpu.c.obj)
 .text.cbputc   0x0801126a        0xc zephyr/lib/libc/picolibc/liblib__libc__picolibc.a(cbprintf.c.obj)
 .text.picolibc_put
                0x08011276        0xa zephyr/lib/libc/picolibc/liblib__libc__picolibc.a(stdio.c.obj)
 .text.stm32_exti_init
                0x08011280        0x8 zephyr/drivers/interrupt_controller/libdrivers__interrupt_controller.a(intc_exti_stm32.c.obj)
 .text.stm32_exti_gpio_intc_init
                0x08011288       0x92 zephyr/drivers/interrupt_controller/libdrivers__interrupt_controller.a(intc_gpio_stm32.c.obj)
 .text.stm32_gpio_intc_get_pin_irq_line
                0x0801131a        0xa zephyr/drivers/interrupt_controller/libdrivers__interrupt_controller.a(intc_gpio_stm32.c.obj)
                0x0801131a                stm32_gpio_intc_get_pin_irq_line
 .text.stm32_exti_set_line_src_port
                0x08011324       0x1c zephyr/drivers/interrupt_controller/libdrivers__interrupt_controller.a(intc_gpio_stm32.c.obj)
                0x08011324                stm32_exti_set_line_src_port
 .text.stm32_exti_get_line_src_port
                0x08011340       0x1a zephyr/drivers/interrupt_controller/libdrivers__interrupt_controller.a(intc_gpio_stm32.c.obj)
                0x08011340                stm32_exti_get_line_src_port
 .text.get_bus_clock
                0x0801135a        0x6 zephyr/drivers/clock_control/libdrivers__clock_control.a(clock_stm32_ll_common.c.obj)
 .text.stm32_clock_control_on
                0x08011360       0x44 zephyr/drivers/clock_control/libdrivers__clock_control.a(clock_stm32_ll_common.c.obj)
 .text.stm32_clock_control_off
                0x080113a4       0x2e zephyr/drivers/clock_control/libdrivers__clock_control.a(clock_stm32_ll_common.c.obj)
 .text.stm32_clock_control_configure
                0x080113d2       0x48 zephyr/drivers/clock_control/libdrivers__clock_control.a(clock_stm32_ll_common.c.obj)
 .text.stm32_clock_control_get_status
                0x0801141a       0x3a zephyr/drivers/clock_control/libdrivers__clock_control.a(clock_stm32_ll_common.c.obj)
 .text.config_regulator_voltage
                0x08011454        0x2 zephyr/drivers/clock_control/libdrivers__clock_control.a(clock_stm32_ll_common.c.obj)
                0x08011454                config_regulator_voltage
 .text.get_pll_source
                0x08011456        0x6 zephyr/drivers/clock_control/libdrivers__clock_control.a(clock_stm32f2_f4_f7.c.obj)
 .text.ssd1306_bus_name_i2c
                0x0801145c        0x8 zephyr/drivers/display/libdrivers__display.a(display_ssd1306.c.obj)
 .text.ssd1306_set_panel_orientation
                0x08011464       0x3e zephyr/drivers/display/libdrivers__display.a(display_ssd1306.c.obj)
 .text.ssd1306_set_timing_setting
                0x080114a2       0x32 zephyr/drivers/display/libdrivers__display.a(display_ssd1306.c.obj)
 .text.ssd1306_set_hardware_config
                0x080114d4       0x4e zephyr/drivers/display/libdrivers__display.a(display_ssd1306.c.obj)
 .text.ssd1306_set_power_settings
                0x08011522       0xf6 zephyr/drivers/display/libdrivers__display.a(display_ssd1306.c.obj)
 .text.ssd1306_softreset
                0x08011618       0x24 zephyr/drivers/display/libdrivers__display.a(display_ssd1306.c.obj)
 .text.ssd1306_write_default
                0x0801163c       0x74 zephyr/drivers/display/libdrivers__display.a(display_ssd1306.c.obj)
 .text.ssd1306_write_sh1106
                0x080116b0       0x88 zephyr/drivers/display/libdrivers__display.a(display_ssd1306.c.obj)
 .text.ssd1306_write
                0x08011738       0x7c zephyr/drivers/display/libdrivers__display.a(display_ssd1306.c.obj)
 .text.ssd1306_set_contrast
                0x080117b4       0x1e zephyr/drivers/display/libdrivers__display.a(display_ssd1306.c.obj)
 .text.ssd1306_get_capabilities
                0x080117d2       0x22 zephyr/drivers/display/libdrivers__display.a(display_ssd1306.c.obj)
 .text.ssd1306_set_orientation
                0x080117f4       0x30 zephyr/drivers/display/libdrivers__display.a(display_ssd1306.c.obj)
 .text.ssd1306_set_pixel_format
                0x08011824       0x48 zephyr/drivers/display/libdrivers__display.a(display_ssd1306.c.obj)
 .text.gpio_pin_set_dt
                0x0801186c       0x10 zephyr/drivers/display/libdrivers__display.a(display_ssd1306.c.obj)
 .text.gpio_pin_configure_dt
                0x0801187c       0x16 zephyr/drivers/display/libdrivers__display.a(display_ssd1306.c.obj)
 .text.i2c_write
                0x08011892       0x1c zephyr/drivers/display/libdrivers__display.a(display_ssd1306.c.obj)
 .text.ssd1306_resume
                0x080118ae       0x34 zephyr/drivers/display/libdrivers__display.a(display_ssd1306.c.obj)
 .text.ssd1306_suspend
                0x080118e2       0x34 zephyr/drivers/display/libdrivers__display.a(display_ssd1306.c.obj)
 .text.ssd1306_init_device
                0x08011916       0xe0 zephyr/drivers/display/libdrivers__display.a(display_ssd1306.c.obj)
 .text.ssd1306_init
                0x080119f6       0xc4 zephyr/drivers/display/libdrivers__display.a(display_ssd1306.c.obj)
 .text.ssd1306_bus_ready_i2c
                0x08011aba        0xc zephyr/drivers/display/libdrivers__display.a(display_ssd1306.c.obj)
 .text.ssd1306_write_bus_i2c
                0x08011ac6       0x78 zephyr/drivers/display/libdrivers__display.a(display_ssd1306.c.obj)
 .text.dma_stm32_get_priority
                0x08011b3e       0x36 zephyr/drivers/dma/libdrivers__dma.a(dma_stm32.c.obj)
 .text.dma_stm32_get_direction
                0x08011b74       0x24 zephyr/drivers/dma/libdrivers__dma.a(dma_stm32.c.obj)
 .text.dma_stm32_get_memory_increment
                0x08011b98       0x24 zephyr/drivers/dma/libdrivers__dma.a(dma_stm32.c.obj)
 .text.dma_stm32_get_periph_increment
                0x08011bbc       0x24 zephyr/drivers/dma/libdrivers__dma.a(dma_stm32.c.obj)
 .text.dma_stm32_clear_stream_irq