Archive member included to satisfy reference by file (symbol)

app/libapp.a(main.c.obj)      (--whole-archive)
app/libapp.a(menu_input.c.obj)
                              (--whole-archive)
app/libapp.a(menu.c.obj)      (--whole-archive)
app/libapp.a(OLED_Menu.c.obj)
                              (--whole-archive)
app/libapp.a(font.c.obj)      (--whole-archive)
app/libapp.a(ano_true.c.obj)  (--whole-archive)
app/libapp.a(ano_base.c.obj)  (--whole-archive)
app/libapp.a(ano_board_init.c.obj)
                              (--whole-archive)
app/libapp.a(ano_device_com.c.obj)
                              (--whole-archive)
app/libapp.a(uart_base.c.obj)
                              (--whole-archive)
app/libapp.a(uart_it.c.obj)   (--whole-archive)
app/libapp.a(uart_dma.c.obj)  (--whole-archive)
app/libapp.a(uart_board_init.c.obj)
                              (--whole-archive)
app/libapp.a(my_ring.c.obj)   (--whole-archive)
app/libapp.a(mpu6050.c.obj)   (--whole-archive)
app/libapp.a(euler.c.obj)     (--whole-archive)
app/libapp.a(value_to_str.c.obj)
                              (--whole-archive)
app/libapp.a(encode.c.obj)    (--whole-archive)
app/libapp.a(tb6612.c.obj)    (--whole-archive)
app/libapp.a(key.c.obj)       (--whole-archive)
app/libapp.a(blinky.c.obj)    (--whole-archive)
zephyr/libzephyr.a(validate_libc.c.obj)
                              (--whole-archive)
zephyr/libzephyr.a(heap.c.obj)
                              (--whole-archive)
zephyr/libzephyr.a(boot_banner.c.obj)
                              (--whole-archive)
zephyr/libzephyr.a(cbprintf_packaged.c.obj)
                              (--whole-archive)
zephyr/libzephyr.a(clock.c.obj)
                              (--whole-archive)
zephyr/libzephyr.a(printk.c.obj)
                              (--whole-archive)
zephyr/libzephyr.a(cbprintf_complete.c.obj)
                              (--whole-archive)
zephyr/libzephyr.a(assert.c.obj)
                              (--whole-archive)
zephyr/libzephyr.a(mpsc_pbuf.c.obj)
                              (--whole-archive)
zephyr/libzephyr.a(dec.c.obj)
                              (--whole-archive)
zephyr/libzephyr.a(hex.c.obj)
                              (--whole-archive)
zephyr/libzephyr.a(rb.c.obj)  (--whole-archive)
zephyr/libzephyr.a(set.c.obj)
                              (--whole-archive)
zephyr/libzephyr.a(timeutil.c.obj)
                              (--whole-archive)
zephyr/libzephyr.a(bitarray.c.obj)
                              (--whole-archive)
zephyr/libzephyr.a(bitmask.c.obj)
                              (--whole-archive)
zephyr/libzephyr.a(getopt.c.obj)
                              (--whole-archive)
zephyr/libzephyr.a(getopt_common.c.obj)
                              (--whole-archive)
zephyr/libzephyr.a(ring_buffer.c.obj)
                              (--whole-archive)
zephyr/libzephyr.a(last_section_id.c.obj)
                              (--whole-archive)
zephyr/libzephyr.a(configs.c.obj)
                              (--whole-archive)
zephyr/libzephyr.a(stm32cube_hal.c.obj)
                              (--whole-archive)
zephyr/libzephyr.a(soc_config.c.obj)
                              (--whole-archive)
zephyr/libzephyr.a(gpioport_mgr.c.obj)
                              (--whole-archive)
zephyr/libzephyr.a(stm32_backup_domain.c.obj)
                              (--whole-archive)
zephyr/libzephyr.a(soc.c.obj)
                              (--whole-archive)
zephyr/libzephyr.a(log_core.c.obj)
                              (--whole-archive)
zephyr/libzephyr.a(log_mgmt.c.obj)
                              (--whole-archive)
zephyr/libzephyr.a(log_cache.c.obj)
                              (--whole-archive)
zephyr/libzephyr.a(log_msg.c.obj)
                              (--whole-archive)
zephyr/libzephyr.a(log_output.c.obj)
                              (--whole-archive)
zephyr/libzephyr.a(log_backend_uart.c.obj)
                              (--whole-archive)
zephyr/libzephyr.a(mem_attr.c.obj)
                              (--whole-archive)
zephyr/libzephyr.a(tracing_none.c.obj)
                              (--whole-archive)
zephyr/libzephyr.a(cfb.c.obj)
                              (--whole-archive)
zephyr/libzephyr.a(sem.c.obj)
                              (--whole-archive)
zephyr/libzephyr.a(thread_entry.c.obj)
                              (--whole-archive)
zephyr/arch/common/libarch__common.a(sw_isr_common.c.obj)
                              (--whole-archive)
zephyr/arch/common/libarch__common.a(init.c.obj)
                              (--whole-archive)
zephyr/arch/common/libarch__common.a(xip.c.obj)
                              (--whole-archive)
zephyr/arch/common/libarch__common.a(instr_mem.c.obj)
                              (--whole-archive)
zephyr/arch/arch/arm/core/libarch__arm__core.a(fatal.c.obj)
                              (--whole-archive)
zephyr/arch/arch/arm/core/libarch__arm__core.a(nmi.c.obj)
                              (--whole-archive)
[...]
Memory Configuration

Name             Origin             Length             Attributes
FLASH            0x08000000         0x00080000         xr
RAM              0x20000000         0x00020000         xw
SRAM0            0x20000000         0x00020000         rw
DTCM             0x10000000         0x00010000         rw
IDT_LIST         0xffff7fff         0x00008000         xw
*default*        0x00000000         0xffffffff

Linker script and memory map

                0x08012ec4                        vfprintf = __l_vfprintf
                0x00000000                        vfscanf = __l_vfscanf
LOAD zephyr/CMakeFiles/zephyr_final.dir/misc/empty_file.c.obj
LOAD zephyr/CMakeFiles/zephyr_final.dir/isr_tables.c.obj
LOAD zephyr/CMakeFiles/offsets.dir/./arch/arm/core/offsets/offsets.c.obj
LOAD app/libapp.a
LOAD zephyr/libzephyr.a
LOAD zephyr/arch/common/libarch__common.a
LOAD zephyr/arch/arch/arm/core/libarch__arm__core.a
LOAD zephyr/arch/arch/arm/core/cortex_m/libarch__arm__core__cortex_m.a
LOAD zephyr/arch/arch/arm/core/mpu/libarch__arm__core__mpu.a
LOAD zephyr/lib/libc/picolibc/liblib__libc__picolibc.a
LOAD zephyr/lib/libc/common/liblib__libc__common.a
LOAD zephyr/subsys/portability/posix/c_lib_ext/libsubsys__portability__posix__c_lib_ext.a
LOAD zephyr/subsys/input/libsubsys__input.a
LOAD zephyr/drivers/interrupt_controller/libdrivers__interrupt_controller.a
LOAD zephyr/drivers/clock_control/libdrivers__clock_control.a
LOAD zephyr/drivers/console/libdrivers__console.a
LOAD zephyr/drivers/display/libdrivers__display.a
LOAD zephyr/drivers/dma/libdrivers__dma.a
LOAD zephyr/drivers/gpio/libdrivers__gpio.a
LOAD zephyr/drivers/i2c/libdrivers__i2c.a
LOAD zephyr/drivers/input/libdrivers__input.a
LOAD zephyr/drivers/pinctrl/libdrivers__pinctrl.a
LOAD zephyr/drivers/pwm/libdrivers__pwm.a
LOAD zephyr/drivers/reset/libdrivers__reset.a
LOAD zephyr/drivers/sensor/st/qdec_stm32/libdrivers__sensor__st__qdec_stm32.a
LOAD zephyr/drivers/sensor/tdk/mpu6050/libdrivers__sensor__tdk__mpu6050.a
LOAD zephyr/drivers/serial/libdrivers__serial.a
LOAD zephyr/drivers/timer/libdrivers__timer.a
LOAD modules/hal_stm32/stm32cube/lib..__modules__hal__stm32__stm32cube.a
LOAD zephyr/kernel/libkernel.a
LOAD zephyr/arch/common/libisr_tables.a
LOAD D:/Downloads/setup/zephyr-sdk-1.0.1/gnu/arm-zephyr-eabi/bin/../lib/gcc/arm-zephyr-eabi/14.3.0/../../../../arm-zephyr-eabi/lib/thumb/v7e-m/nofp\libc.a
LOAD D:/Downloads/setup/zephyr-sdk-1.0.1/gnu/arm-zephyr-eabi/bin/../lib/gcc/arm-zephyr-eabi/14.3.0/thumb/v7e-m/nofp\libgcc.a
                0x00000020                        _region_min_align = 0x20

.rel.plt        0x08000000        0x0
 *(SORT_BY_ALIGNMENT(.rel.plt))
                [!provide]                        PROVIDE (__rel_iplt_start = .)
 *(SORT_BY_ALIGNMENT(.rel.iplt))
 .rel.iplt      0x08000000        0x0 zephyr/CMakeFiles/zephyr_final.dir/isr_tables.c.obj
                [!provide]                        PROVIDE (__rel_iplt_end = .)

.rela.plt       0x00000000        0x0
 *(SORT_BY_ALIGNMENT(.rela.plt))
                [!provide]                        PROVIDE (__rela_iplt_start = .)
 *(SORT_BY_ALIGNMENT(.rela.iplt))
                [!provide]                        PROVIDE (__rela_iplt_end = .)

.rel.dyn
 *(SORT_BY_ALIGNMENT(.rel.*))

.rela.dyn
 *(SORT_BY_ALIGNMENT(.rela.*))

/DISCARD/
 *(SORT_BY_ALIGNMENT(.plt))

/DISCARD/
 *(SORT_BY_ALIGNMENT(.iplt))
                0x08000000                        __rom_region_start = 0x8000000

rom_start       0x08000000      0x100
                0x08000000                        __rom_start_address = .
 FILL mask 0x00
                0x08000000                        . = (. + (0x0 - (. - __rom_start_address)))
                0x08000000                        . = ALIGN (0x4)
                0x08000000                        . = ALIGN (0x80)
                0x08000000                        . = ALIGN (0x100)
                0x08000000                        _vector_start = .
 *(SORT_BY_ALIGNMENT(.exc_vector_table))
 *(SORT_BY_ALIGNMENT(.exc_vector_table.*))
 .exc_vector_table._vector_table_section
                0x08000000       0x40 zephyr/arch/arch/arm/core/cortex_m/libarch__arm__core__cortex_m.a(vector_table.S.obj)
                0x08000000                _vector_table
 *(SORT_BY_ALIGNMENT(.vectors))
                0x08000100                        _vector_end = .
                0x08000040                        . = ALIGN (0x4)
 *(SORT_BY_ALIGNMENT(.gnu.linkonce.irq_vector_table*))
 .gnu.linkonce.irq_vector_table
                0x08000040       0xc0 zephyr/CMakeFiles/zephyr_final.dir/isr_tables.c.obj
                0x08000040                _irq_vector_table
                0x08000100                        _vector_end = .

text            0x08000100    0x17534
                0x08000100                        __text_region_start = .
 *(SORT_BY_ALIGNMENT(.text))
 .text          0x08000100       0xd8 D:/Downloads/setup/zephyr-sdk-1.0.1/gnu/arm-zephyr-eabi/bin/../lib/gcc/arm-zephyr-eabi/14.3.0/../../../../arm-zephyr-eabi/lib/thumb/v7e-m/nofp\libc.a(strlen.S.o)
                0x08000100                strlen
 .text          0x080001d8      0x134 D:/Downloads/setup/zephyr-sdk-1.0.1/gnu/arm-zephyr-eabi/bin/../lib/gcc/arm-zephyr-eabi/14.3.0/../../../../arm-zephyr-eabi/lib/thumb/v7e-m/nofp\libc.a(memcpy.S.o)
                0x080001d8                __aeabi_memcpy
                0x080001d8                __aeabi_memcpy4
                0x080001d8                __aeabi_memcpy8
                0x080001d8                memcpy
 .text          0x0800030c      0x378 D:/Downloads/setup/zephyr-sdk-1.0.1/gnu/arm-zephyr-eabi/bin/../lib/gcc/arm-zephyr-eabi/14.3.0/thumb/v7e-m/nofp\libgcc.a(_arm_addsubdf3.o)
                0x0800030c                __aeabi_drsub
                0x08000314                __aeabi_dsub
                0x08000314                __subdf3
                0x08000318                __aeabi_dadd
                0x08000318                __adddf3
                0x08000590                __floatunsidf
                0x08000590                __aeabi_ui2d
                0x080005b0                __floatsidf
                0x080005b0                __aeabi_i2d
                0x080005d4                __aeabi_f2d
                0x080005d4                __extendsfdf2
                0x08000618                __floatundidf
                0x08000618                __aeabi_ul2d
                0x08000628                __floatdidf
                0x08000628                __aeabi_l2d
 .text          0x08000684      0x424 D:/Downloads/setup/zephyr-sdk-1.0.1/gnu/arm-zephyr-eabi/bin/../lib/gcc/arm-zephyr-eabi/14.3.0/thumb/v7e-m/nofp\libgcc.a(_arm_muldivdf3.o)
                0x08000684                __aeabi_dmul
                0x08000684                __muldf3
                0x080008d8                __divdf3
                0x080008d8                __aeabi_ddiv
 .text          0x08000aa8      0x110 D:/Downloads/setup/zephyr-sdk-1.0.1/gnu/arm-zephyr-eabi/bin/../lib/gcc/arm-zephyr-eabi/14.3.0/thumb/v7e-m/nofp\libgcc.a(_arm_cmpdf2.o)
                0x08000aa8                __gtdf2
                0x08000aa8                __gedf2
                0x08000ab0                __ltdf2
                0x08000ab0                __ledf2
                0x08000ab8                __nedf2
                0x08000ab8                __eqdf2
                0x08000ab8                __cmpdf2
                0x08000b34                __aeabi_cdrcmple
                0x08000b44                __aeabi_cdcmpeq
                0x08000b44                __aeabi_cdcmple
                0x08000b54                __aeabi_dcmpeq
                0x08000b68                __aeabi_dcmplt
                0x08000b7c                __aeabi_dcmple
                0x08000b90                __aeabi_dcmpge
                0x08000ba4                __aeabi_dcmpgt
 .text          0x08000bb8       0xa0 D:/Downloads/setup/zephyr-sdk-1.0.1/gnu/arm-zephyr-eabi/bin/../lib/gcc/arm-zephyr-eabi/14.3.0/thumb/v7e-m/nofp\libgcc.a(_arm_truncdfsf2.o)
                0x08000bb8                __truncdfsf2
                0x08000bb8                __aeabi_d2f
 .text          0x08000c58      0x21c D:/Downloads/setup/zephyr-sdk-1.0.1/gnu/arm-zephyr-eabi/bin/../lib/gcc/arm-zephyr-eabi/14.3.0/thumb/v7e-m/nofp\libgcc.a(_arm_addsubsf3.o)
                0x08000c58                __aeabi_frsub
                0x08000c60                __subsf3
                0x08000c60                __aeabi_fsub
                0x08000c64                __aeabi_fadd
                0x08000c64                __addsf3
                0x08000dc4                __aeabi_ui2f
                0x08000dc4                __floatunsisf
                0x08000dcc                __aeabi_i2f
                0x08000dcc                __floatsisf
                0x08000de8                __aeabi_ul2f
                0x08000de8                __floatundisf
                0x08000df8                __aeabi_l2f
                0x08000df8                __floatdisf
 .text          0x08000e74      0x2a0 D:/Downloads/setup/zephyr-sdk-1.0.1/gnu/arm-zephyr-eabi/bin/../lib/gcc/arm-zephyr-eabi/14.3.0/thumb/v7e-m/nofp\libgcc.a(_arm_muldivsf3.o)
                0x08000e74                __mulsf3
                0x08000e74                __aeabi_fmul
                0x08000fdc                __aeabi_fdiv
                0x08000fdc                __divsf3
 .text          0x08001114       0xec D:/Downloads/setup/zephyr-sdk-1.0.1/gnu/arm-zephyr-eabi/bin/../lib/gcc/arm-zephyr-eabi/14.3.0/thumb/v7e-m/nofp\libgcc.a(_arm_cmpsf2.o)
                0x08001114                __gesf2
                0x08001114                __gtsf2
                0x0800111c                __lesf2
                0x0800111c                __ltsf2
                0x08001124                __nesf2
                0x08001124                __eqsf2
                0x08001124                __cmpsf2
                0x08001184                __aeabi_cfrcmple
                0x0800118c                __aeabi_cfcmpeq
                0x0800118c                __aeabi_cfcmple
                0x0800119c                __aeabi_fcmpeq
                0x080011b0                __aeabi_fcmplt
                0x080011c4                __aeabi_fcmple
                0x080011d8                __aeabi_fcmpge
                0x080011ec                __aeabi_fcmpgt
 .text          0x08001200       0x4c D:/Downloads/setup/zephyr-sdk-1.0.1/gnu/arm-zephyr-eabi/bin/../lib/gcc/arm-zephyr-eabi/14.3.0/thumb/v7e-m/nofp\libgcc.a(_arm_fixsfsi.o)
                0x08001200                __aeabi_f2iz
                0x08001200                __fixsfsi
 .text          0x0800124c       0x40 D:/Downloads/setup/zephyr-sdk-1.0.1/gnu/arm-zephyr-eabi/bin/../lib/gcc/arm-zephyr-eabi/14.3.0/thumb/v7e-m/nofp\libgcc.a(_arm_fixunssfsi.o)
                0x0800124c                __fixunssfsi
                0x0800124c                __aeabi_f2uiz
 .text          0x0800128c       0xa0 D:/Downloads/setup/zephyr-sdk-1.0.1/gnu/arm-zephyr-eabi/bin/../lib/gcc/arm-zephyr-eabi/14.3.0/thumb/v7e-m/nofp\libgcc.a(_aeabi_ldivmod.o)
                0x0800128c                __aeabi_ldivmod
 .text          0x0800132c       0x30 D:/Downloads/setup/zephyr-sdk-1.0.1/gnu/arm-zephyr-eabi/bin/../lib/gcc/arm-zephyr-eabi/14.3.0/thumb/v7e-m/nofp\libgcc.a(_aeabi_uldivmod.o)
                0x0800132c                __aeabi_uldivmod
 .text          0x0800135c        0x4 D:/Downloads/setup/zephyr-sdk-1.0.1/gnu/arm-zephyr-eabi/bin/../lib/gcc/arm-zephyr-eabi/14.3.0/thumb/v7e-m/nofp\libgcc.a(_dvmd_tls.o)
                0x0800135c                __aeabi_idiv0
                0x0800135c                __aeabi_ldiv0
 .text          0x08001360      0x2bc D:/Downloads/setup/zephyr-sdk-1.0.1/gnu/arm-zephyr-eabi/bin/../lib/gcc/arm-zephyr-eabi/14.3.0/thumb/v7e-m/nofp\libgcc.a(_udivmoddi4.o)
                0x08001360                __udivmoddi4
 *(SORT_BY_ALIGNMENT(.text.*))
 *fill*         0x0800161c        0x4 
 .text.mpu6050_get_accel
                0x08001620       0xac app/libapp.a(mpu6050.c.obj)
                0x08001620                mpu6050_get_accel
 *fill*         0x080016cc        0x4 
 .text.mpu6050_get_gyro
                0x080016d0       0xac app/libapp.a(mpu6050.c.obj)
                0x080016d0                mpu6050_get_gyro
 *fill*         0x0800177c        0x4 
 .text.euler_update
                0x08001780      0x1e8 app/libapp.a(euler.c.obj)
                0x08001780                euler_update
 .text.pwm_set  0x08001968       0x9c app/libapp.a(tb6612.c.obj)
 *fill*         0x08001a04        0x4 
 .text.atan     0x08001a08      0x3ac D:/Downloads/setup/zephyr-sdk-1.0.1/gnu/arm-zephyr-eabi/bin/../lib/gcc/arm-zephyr-eabi/14.3.0/../../../../arm-zephyr-eabi/lib/thumb/v7e-m/nofp\libc.a(libm_math_s_atan.c.o)
                0x08001a08                atan
                0x08001a08                atanl
 *fill*         0x08001db4        0x4 
 .text.atan2    0x08001db8      0x20c D:/Downloads/setup/zephyr-sdk-1.0.1/gnu/arm-zephyr-eabi/bin/../lib/gcc/arm-zephyr-eabi/14.3.0/../../../../arm-zephyr-eabi/lib/thumb/v7e-m/nofp\libc.a(libm_math_s_atan2.c.o)
                0x08001db8                atan2
                0x08001db8                atan2l
 .text.k_msleep
                0x08001fc4       0x54 app/libapp.a(main.c.obj)
 .text.s_task_5ms_low
                0x08002018       0x5c app/libapp.a(main.c.obj)
 .text.s_task_5ms_high
                0x08002074       0x50 app/libapp.a(main.c.obj)
 .text.s_task_1ms_high
                0x080020c4       0x18 app/libapp.a(main.c.obj)
 .text.main     0x080020dc       0xec app/libapp.a(main.c.obj)
                0x080020dc                main
 .text.menu_input_callback
                0x080021c8       0x84 app/libapp.a(menu_input.c.obj)
                0x080021c8                menu_input_callback
 .text.menu_input_sub_init
                0x0800224c       0x10 app/libapp.a(menu_input.c.obj)
 .text.menu_input_register_handler
                0x0800225c        0xc app/libapp.a(menu_input.c.obj)
                0x0800225c                menu_input_register_handler
 .text.s_get_step
                0x08002268       0x28 app/libapp.a(menu.c.obj)
 .text.menu_init_v
                0x08002290       0x24 app/libapp.a(menu.c.obj)
                0x08002290                menu_init_v
 .text.s_cfb_char
                0x080022b4       0x24 app/libapp.a(menu.c.obj)
 .text.s_menu_folder_draw
                0x080022d8      0x100 app/libapp.a(menu.c.obj)
 .text.format_fixed
                0x080023d8       0xb4 app/libapp.a(menu.c.obj)
 .text.s_format_value
                0x0800248c       0x6c app/libapp.a(menu.c.obj)
 .text.menu_create_item
                0x080024f8       0x5c app/libapp.a(menu.c.obj)
                0x080024f8                menu_create_item
 .text.s_menu_action_handler
                0x08002554      0x1dc app/libapp.a(menu.c.obj)
 .text.menu_request_refresh
                0x08002730       0x1c app/libapp.a(menu.c.obj)
                0x08002730                menu_request_refresh
 .text.menu_task_v
                0x0800274c      0x120 app/libapp.a(menu.c.obj)
                0x0800274c                menu_task_v
 .text.s_build_menu_tree
                0x0800286c       0xe4 app/libapp.a(OLED_Menu.c.obj)
 .text.s_draw_speed_a
                0x08002950       0x3c app/libapp.a(OLED_Menu.c.obj)
 .text.s_draw_encoder
                0x0800298c       0xb8 app/libapp.a(OLED_Menu.c.obj)
 .text.s_draw_euler
                0x08002a44       0xd4 app/libapp.a(OLED_Menu.c.obj)
 .text.s_draw_mpu6050
                0x08002b18      0x168 app/libapp.a(OLED_Menu.c.obj)
 .text.ano_device_init_noraml
                0x08002c80       0x3c app/libapp.a(ano_true.c.obj)
                0x08002c80                ano_device_init_noraml
 .text.ano_board_init
                0x08002cbc       0x2c app/libapp.a(ano_board_init.c.obj)
                0x08002cbc                ano_board_init
 .text.s_ano_device_com_init
                0x08002ce8       0x2c app/libapp.a(ano_device_com.c.obj)
 .text.z_impl_gpio_port_toggle_bits
                0x08002d14       0x84 app/libapp.a(ano_device_com.c.obj)
 .text.z_impl_gpio_pin_toggle
                0x08002d98       0x48 app/libapp.a(ano_device_com.c.obj)
 .text.com_receive_anl
                0x08002de0       0xa4 app/libapp.a(ano_device_com.c.obj)
                0x08002de0                com_receive_anl
 .text.com_add_send_data
                0x08002e84       0xb4 app/libapp.a(ano_device_com.c.obj)
                0x08002e84                com_add_send_data
 .text.com_send_buffer
                0x08002f38       0x14 app/libapp.a(ano_device_com.c.obj)
                0x08002f38                com_send_buffer
 .text.z_impl_uart_irq_rx_enable
                0x08002f4c       0x80 app/libapp.a(uart_it.c.obj)
 .text.z_impl_uart_irq_tx_enable
                0x08002fcc       0x80 app/libapp.a(uart_it.c.obj)
 .text.uart_irq_update
                0x0800304c       0x80 app/libapp.a(uart_it.c.obj)
 .text.uart_irq_tx_ready
                0x080030cc       0x88 app/libapp.a(uart_it.c.obj)
 .text.uart_fifo_fill
                0x08003154       0x84 app/libapp.a(uart_it.c.obj)
 .text.z_impl_uart_irq_tx_disable
                0x080031d8       0x80 app/libapp.a(uart_it.c.obj)
 .text.uart_irq_rx_ready
                0x08003258       0x88 app/libapp.a(uart_it.c.obj)
 .text.uart_fifo_read
                0x080032e0       0x8c app/libapp.a(uart_it.c.obj)
 .text.uart_irq_callback_user_data_set
                0x0800336c       0x98 app/libapp.a(uart_it.c.obj)
 .text.uart_it_init_rt
                0x08003404       0x28 app/libapp.a(uart_it.c.obj)
                0x08003404                uart_it_init_rt
 .text.uart_board_init
                0x0800342c       0x84 app/libapp.a(uart_board_init.c.obj)
                0x0800342c                uart_board_init
 .text.ring_buf_init
                0x080034b0       0x48 app/libapp.a(my_ring.c.obj)
 .text.my_ring_buf_board_init
                0x080034f8       0x98 app/libapp.a(my_ring.c.obj)
                0x080034f8                my_ring_buf_board_init
 .text.s_mpu6050_init
                0x08003590       0x20 app/libapp.a(mpu6050.c.obj)
 .text.z_impl_sensor_sample_fetch
                0x080035b0       0x80 app/libapp.a(mpu6050.c.obj)
 .text.z_impl_sensor_channel_get
                0x08003630       0x84 app/libapp.a(mpu6050.c.obj)
 .text.mpu6050_sample
                0x080036b4       0x1c app/libapp.a(mpu6050.c.obj)
                0x080036b4                mpu6050_sample
 .text.euler_copy
                0x080036d0       0x1c app/libapp.a(euler.c.obj)
                0x080036d0                euler_copy
 .text.float_to_str
                0x080036ec      0x134 app/libapp.a(value_to_str.c.obj)
                0x080036ec                float_to_str
 .text.z_impl_sensor_sample_fetch
                0x08003820       0x80 app/libapp.a(encode.c.obj)
 .text.z_impl_sensor_channel_get
                0x080038a0       0x84 app/libapp.a(encode.c.obj)
 .text.encoder_init
                0x08003924      0x188 app/libapp.a(encode.c.obj)
 .text.encoder_board_init
                0x08003aac       0x48 app/libapp.a(encode.c.obj)
 .text.encoder_read
                0x08003af4      0x228 app/libapp.a(encode.c.obj)
                0x08003af4                encoder_read
 .text.encoder_update_all
                0x08003d1c       0x28 app/libapp.a(encode.c.obj)
                0x08003d1c                encoder_update_all
 .text.motor_key_sub_init
                0x08003d44       0x10 app/libapp.a(tb6612.c.obj)
 .text.z_impl_gpio_port_set_bits_raw
                0x08003d54       0x84 app/libapp.a(tb6612.c.obj)
 .text.z_impl_gpio_port_clear_bits_raw
                0x08003dd8       0x84 app/libapp.a(tb6612.c.obj)
 .text.z_impl_gpio_pin_set_raw
                0x08003e5c       0x50 app/libapp.a(tb6612.c.obj)
 .text.z_impl_gpio_pin_set
                0x08003eac       0x54 app/libapp.a(tb6612.c.obj)
 .text.motor_key_callback
                0x08003f00       0x28 app/libapp.a(tb6612.c.obj)
 .text.z_impl_gpio_pin_configure
                0x08003f28      0x21c app/libapp.a(tb6612.c.obj)
 .text.z_impl_pwm_get_cycles_per_sec
                0x08004144       0x84 app/libapp.a(tb6612.c.obj)
 .text.z_impl_pwm_set_cycles
                0x080041c8       0x94 app/libapp.a(tb6612.c.obj)
 .text.tb6612_init
                0x0800425c      0x1e4 app/libapp.a(tb6612.c.obj)
 .text.tb6612_board_init
                0x08004440       0x64 app/libapp.a(tb6612.c.obj)
                0x08004440                tb6612_board_init
 .text.motor_set
                0x080044a4       0xa0 app/libapp.a(tb6612.c.obj)
                0x080044a4                motor_set
 .text.emit_event
                0x08004544       0x24 app/libapp.a(key.c.obj)
 .text.double_click_timeout
                0x08004568       0x34 app/libapp.a(key.c.obj)
 .text.raw_input_cb
                0x0800459c       0xf0 app/libapp.a(key.c.obj)
 .text.repeat_timeout
                0x0800468c       0x58 app/libapp.a(key.c.obj)
 .text.long_press_timeout
                0x080046e4       0x70 app/libapp.a(key.c.obj)
 .text.key_event_init
                0x08004754       0x6c app/libapp.a(key.c.obj)
 .text.key_event_subscribe
                0x080047c0       0x10 app/libapp.a(key.c.obj)
                0x080047c0                key_event_subscribe
 .text.blinky_step1
                0x080047d0       0xf4 app/libapp.a(blinky.c.obj)
                0x080047d0                blinky_step1
 .text.free_chunk_check
                0x080048c4       0x58 zephyr/libzephyr.a(heap.c.obj)
 .text.free_list_remove_bidx
                0x0800491c       0x80 zephyr/libzephyr.a(heap.c.obj)
 .text.free_list_add_bidx
                0x0800499c       0x84 zephyr/libzephyr.a(heap.c.obj)
 .text.sys_heap_init
                0x08004a20      0x144 zephyr/libzephyr.a(heap.c.obj)
                0x08004a20                sys_heap_init
 .text.boot_banner
                0x08004b64       0x10 zephyr/libzephyr.a(boot_banner.c.obj)
 .text.linker_is_in_rodata
                0x08004b74       0x58 zephyr/libzephyr.a(cbprintf_packaged.c.obj)
 .text.append_string
                0x08004bcc       0x38 zephyr/libzephyr.a(cbprintf_packaged.c.obj)
 .text.get_package_len
                0x08004c04       0x50 zephyr/libzephyr.a(cbprintf_packaged.c.obj)
 .text.cbvprintf_package
                0x08004c54      0x518 zephyr/libzephyr.a(cbprintf_packaged.c.obj)
                0x08004c54                cbvprintf_package
 .text.cbprintf_package_convert
                0x0800516c      0x5a8 zephyr/libzephyr.a(cbprintf_packaged.c.obj)
                0x0800516c                cbprintf_package_convert
 .text.__printk_hook_install
                0x08005714        0xc zephyr/libzephyr.a(printk.c.obj)
                0x08005714                __printk_hook_install
 .text.mpsc_pbuf_init
                0x08005720       0x68 zephyr/libzephyr.a(mpsc_pbuf.c.obj)
                0x08005720                mpsc_pbuf_init
 .text.mpsc_pbuf_alloc
                0x08005788      0x240 zephyr/libzephyr.a(mpsc_pbuf.c.obj)
                0x08005788                mpsc_pbuf_alloc
 .text.mpsc_pbuf_commit
                0x080059c8       0xdc zephyr/libzephyr.a(mpsc_pbuf.c.obj)
                0x080059c8                mpsc_pbuf_commit
 .text.mpsc_pbuf_claim
                0x08005aa4      0x178 zephyr/libzephyr.a(mpsc_pbuf.c.obj)
                0x08005aa4                mpsc_pbuf_claim
 .text.mpsc_pbuf_free
                0x08005c1c      0x110 zephyr/libzephyr.a(mpsc_pbuf.c.obj)
                0x08005c1c                mpsc_pbuf_free
 .text.mpsc_pbuf_is_pending
                0x08005d2c       0xb4 zephyr/libzephyr.a(mpsc_pbuf.c.obj)
                0x08005d2c                mpsc_pbuf_is_pending
 .text.ring_buf_put
                0x08005de0       0x68 zephyr/libzephyr.a(ring_buffer.c.obj)
                0x08005de0                ring_buf_put
 .text.ring_buf_get
                0x08005e48       0x70 zephyr/libzephyr.a(ring_buffer.c.obj)
                0x08005e48                ring_buf_get
 .text.st_stm32_common_config
                0x08005eb8       0x14 zephyr/libzephyr.a(soc_config.c.obj)
 .text.stm32_gpioport_init
                0x08005ecc       0x10 zephyr/libzephyr.a(gpioport_mgr.c.obj)
 .text.clock_control_on
                0x08005edc       0x84 zephyr/libzephyr.a(gpioport_mgr.c.obj)
 .text.clock_control_off
                0x08005f60       0x84 zephyr/libzephyr.a(gpioport_mgr.c.obj)
 .text.stm32_gpioport_pm_action
                0x08005fe4       0x3c zephyr/libzephyr.a(gpioport_mgr.c.obj)
 .text.stm32_gpioport_get
                0x08006020       0x24 zephyr/libzephyr.a(gpioport_mgr.c.obj)
                0x08006020                stm32_gpioport_get
 .text.soc_early_init_hook
                0x08006044       0x30 zephyr/libzephyr.a(soc.c.obj)
                0x08006044                soc_early_init_hook
 .text.log_backend_is_active
                0x08006074       0x30 zephyr/libzephyr.a(log_core.c.obj)
 .text.log_backend_id_set
                0x080060a4       0x2c zephyr/libzephyr.a(log_core.c.obj)
 .text.log_backend_init
                0x080060d0       0x38 zephyr/libzephyr.a(log_core.c.obj)
 .text.log_backend_is_ready
                0x08006108       0x3c zephyr/libzephyr.a(log_core.c.obj)
 .text.log_backend_panic
                0x08006144       0x30 zephyr/libzephyr.a(log_core.c.obj)
 .text.log_backend_dropped
                0x08006174       0x30 zephyr/libzephyr.a(log_core.c.obj)
 .text.log_backend_msg_process
                0x080061a4       0x4c zephyr/libzephyr.a(log_core.c.obj)
 .text.msg_process
                0x080061f0       0x70 zephyr/libzephyr.a(log_core.c.obj)
 .text.k_current_get
                0x08006260       0x4c zephyr/libzephyr.a(log_core.c.obj)
 .text.log_backend_notify
                0x080062ac       0x38 zephyr/libzephyr.a(log_core.c.obj)
 .text.log_backend_notify_all
                0x080062e4       0x5c zephyr/libzephyr.a(log_core.c.obj)
 .text.activate_foreach_backend
                0x08006340       0x50 zephyr/libzephyr.a(log_core.c.obj)
 .text.k_msleep
                0x08006390       0x54 zephyr/libzephyr.a(log_core.c.obj)
 .text.z_log_init
                0x080063e4       0xf0 zephyr/libzephyr.a(log_core.c.obj)
 .text.thread_set
                0x080064d4       0x28 zephyr/libzephyr.a(log_core.c.obj)
 .text.log_process_thread_timer_expiry_fn
                0x080064fc       0x10 zephyr/libzephyr.a(log_core.c.obj)
 .text.enable_logger
                0x0800650c       0x5c zephyr/libzephyr.a(log_core.c.obj)
 .text.log_format_func_t_get
                0x08006568        0xc zephyr/libzephyr.a(log_core.c.obj)
                0x08006568                log_format_func_t_get
 .text.log_set_timestamp_func
                0x08006574       0x24 zephyr/libzephyr.a(log_core.c.obj)
                0x08006574                log_set_timestamp_func
 .text.z_log_notify_backend_enabled
                0x08006598       0x20 zephyr/libzephyr.a(log_core.c.obj)
                0x08006598                z_log_notify_backend_enabled
 .text.z_log_dropped
                0x080065b8       0x54 zephyr/libzephyr.a(log_core.c.obj)
                0x080065b8                z_log_dropped
 .text.z_log_dropped_read_and_clear
                0x0800660c       0x20 zephyr/libzephyr.a(log_core.c.obj)
                0x0800660c                z_log_dropped_read_and_clear
 .text.dropped_notify
                0x0800662c       0x68 zephyr/libzephyr.a(log_core.c.obj)
                0x0800662c                dropped_notify
 .text.z_log_dropped_pending
                0x08006694       0x14 zephyr/libzephyr.a(log_core.c.obj)
                0x08006694                z_log_dropped_pending
 .text.z_log_msg_init
                0x080066a8       0x20 zephyr/libzephyr.a(log_core.c.obj)
                0x080066a8                z_log_msg_init
 .text.log_core_init
                0x080066c8       0x8c zephyr/libzephyr.a(log_core.c.obj)
                0x080066c8                log_core_init
 .text.z_log_msg_alloc
                0x08006754       0x10 zephyr/libzephyr.a(log_core.c.obj)
                0x08006754                z_log_msg_alloc
 .text.z_log_msg_local_claim
                0x08006764       0x10 zephyr/libzephyr.a(log_core.c.obj)
                0x08006764                z_log_msg_local_claim
 .text.z_log_msg_free
                0x08006774       0x14 zephyr/libzephyr.a(log_core.c.obj)
                0x08006774                z_log_msg_free
 .text.z_log_msg_pending
                0x08006788       0x10 zephyr/libzephyr.a(log_core.c.obj)
                0x08006788                z_log_msg_pending
 .text.z_impl_log_process
                0x08006798       0xb0 zephyr/libzephyr.a(log_core.c.obj)
                0x08006798                z_impl_log_process
 .text.z_impl_log_panic
                0x08006848       0x84 zephyr/libzephyr.a(log_core.c.obj)
                0x08006848                z_impl_log_panic
 .text.z_log_msg_post_finalize
                0x080068cc      0x108 zephyr/libzephyr.a(log_core.c.obj)
 .text.z_log_msg_commit
                0x080069d4       0x20 zephyr/libzephyr.a(log_core.c.obj)
                0x080069d4                z_log_msg_commit
 .text.log_process_thread_func
                0x080069f4       0xa8 zephyr/libzephyr.a(log_core.c.obj)
 .text.log_backend_activate
                0x08006a9c       0x38 zephyr/libzephyr.a(log_mgmt.c.obj)
 .text.log_src_cnt_get
                0x08006ad4       0x14 zephyr/libzephyr.a(log_mgmt.c.obj)
                0x08006ad4                log_src_cnt_get
 .text.log_source_name_get
                0x08006ae8       0x1c zephyr/libzephyr.a(log_mgmt.c.obj)
                0x08006ae8                log_source_name_get
 .text.cbprintf_package_copy
                0x08006b04       0x30 zephyr/libzephyr.a(log_msg.c.obj)
 .text.z_impl_z_log_msg_static_create
                0x08006b34      0x180 zephyr/libzephyr.a(log_msg.c.obj)
                0x08006b34                z_impl_z_log_msg_static_create
 .text.z_log_msg_runtime_vcreate
                0x08006cb4       0xf4 zephyr/libzephyr.a(log_msg.c.obj)
                0x08006cb4                z_log_msg_runtime_vcreate
 .text.log_msg_get_source_id
                0x08006da8       0x18 zephyr/libzephyr.a(log_msg.c.obj)
                0x08006da8                log_msg_get_source_id
 .text.out_func
                0x08006dc0       0x64 zephyr/libzephyr.a(log_output.c.obj)
 .text.print_formatted
                0x08006e24       0x24 zephyr/libzephyr.a(log_output.c.obj)
 .text.timestamp_print
                0x08006e48       0x8c zephyr/libzephyr.a(log_output.c.obj)
 .text.color_print
                0x08006ed4       0x2c zephyr/libzephyr.a(log_output.c.obj)
 .text.ids_print
                0x08006f00       0x70 zephyr/libzephyr.a(log_output.c.obj)
 .text.prefix_print
                0x08006f70       0xbc zephyr/libzephyr.a(log_output.c.obj)
 .text.newline_print
                0x0800702c       0x28 zephyr/libzephyr.a(log_output.c.obj)
 .text.hexdump_line_print
                0x08007054       0xc4 zephyr/libzephyr.a(log_output.c.obj)
 .text.log_output_process
                0x08007118       0xc0 zephyr/libzephyr.a(log_output.c.obj)
                0x08007118                log_output_process
 .text.log_output_dropped_process
                0x080071d8       0x84 zephyr/libzephyr.a(log_output.c.obj)
                0x080071d8                log_output_dropped_process
 .text.log_output_timestamp_freq_set
                0x0800725c       0x2c zephyr/libzephyr.a(log_output.c.obj)
                0x0800725c                log_output_timestamp_freq_set
 .text.z_impl_uart_poll_out
                0x08007288       0x7c zephyr/libzephyr.a(log_backend_uart.c.obj)
 .text.char_out
                0x08007304       0x20 zephyr/libzephyr.a(log_backend_uart.c.obj)
 .text.log_backend_uart_init
                0x08007324       0x44 zephyr/libzephyr.a(log_backend_uart.c.obj)
 .text.mem_attr_get_regions
                0x08007368        0xc zephyr/libzephyr.a(mem_attr.c.obj)
                0x08007368                mem_attr_get_regions
 .text.is_tofu_border_pixel
                0x08007374      0x108 zephyr/libzephyr.a(cfb.c.obj)
 .text.get_tofu_glyph_byte
                0x0800747c       0xc0 zephyr/libzephyr.a(cfb.c.obj)
 .text.draw_text
                0x0800753c       0xb8 zephyr/libzephyr.a(cfb.c.obj)
 .text.cfb_framebuffer_finalize
                0x080075f4       0xbc zephyr/libzephyr.a(cfb.c.obj)
                0x080075f4                cfb_framebuffer_finalize
 .text.cfb_framebuffer_clear
                0x080076b0       0x30 zephyr/libzephyr.a(cfb.c.obj)
                0x080076b0                cfb_framebuffer_clear
 .text.cfb_framebuffer_set_font
                0x080076e0       0x1c zephyr/libzephyr.a(cfb.c.obj)
                0x080076e0                cfb_framebuffer_set_font
 .text.cfb_framebuffer_init
                0x080076fc       0xc0 zephyr/libzephyr.a(cfb.c.obj)
                0x080076fc                cfb_framebuffer_init
 .text.k_current_get
                0x080077bc       0x4c zephyr/libzephyr.a(thread_entry.c.obj)
 .text.z_thread_entry
                0x08007808       0x2c zephyr/libzephyr.a(thread_entry.c.obj)
                0x08007808                z_thread_entry
 .text.arch_bss_zero
                0x08007834       0x18 zephyr/arch/common/libarch__common.a(init.c.obj)
                0x08007834                arch_bss_zero
 .text.arch_data_copy
                0x0800784c       0x34 zephyr/arch/common/libarch__common.a(xip.c.obj)
                0x0800784c                arch_data_copy
 .text.esf_dump
                0x08007880      0x160 zephyr/arch/arch/arm/core/libarch__arm__core.a(fatal.c.obj)
 .text.z_arm_fatal_error
                0x080079e0       0x38 zephyr/arch/arch/arm/core/libarch__arm__core.a(fatal.c.obj)
                0x080079e0                z_arm_fatal_error
 .text.z_SysNmiOnReset
                0x08007a18        0x8 zephyr/arch/arch/arm/core/libarch__arm__core.a(nmi_on_reset.S.obj)
                0x08007a18                z_SysNmiOnReset
 .text.z_tls_copy
                0x08007a20       0x28 zephyr/arch/arch/arm/core/libarch__arm__core.a(tls.c.obj)
 .text.arch_tls_stack_setup
                0x08007a48       0x24 zephyr/arch/arch/arm/core/libarch__arm__core.a(tls.c.obj)
                0x08007a48                arch_tls_stack_setup
 .text.z_arm_is_synchronous_svc
                0x08007a6c       0x48 zephyr/arch/arch/arm/core/cortex_m/libarch__arm__core__cortex_m.a(fault.c.obj)
 .text.get_esf  0x08007ab4       0x50 zephyr/arch/arch/arm/core/cortex_m/libarch__arm__core__cortex_m.a(fault.c.obj)
 .text.usage_fault
                0x08007b04       0xd4 zephyr/arch/arch/arm/core/cortex_m/libarch__arm__core__cortex_m.a(fault.c.obj)
 .text.debug_monitor
                0x08007bd8       0x1c zephyr/arch/arch/arm/core/cortex_m/libarch__arm__core__cortex_m.a(fault.c.obj)
 .text.reserved_exception
                0x08007bf4       0xd8 zephyr/arch/arch/arm/core/cortex_m/libarch__arm__core__cortex_m.a(fault.c.obj)
 .text.bus_fault
                0x08007ccc      0x110 zephyr/arch/arch/arm/core/cortex_m/libarch__arm__core__cortex_m.a(fault.c.obj)
 .text.mem_manage_fault
                0x08007ddc      0x180 zephyr/arch/arch/arm/core/cortex_m/libarch__arm__core__cortex_m.a(fault.c.obj)
 .text.hard_fault
                0x08007f5c      0x124 zephyr/arch/arch/arm/core/cortex_m/libarch__arm__core__cortex_m.a(fault.c.obj)
 .text.z_arm_fault
                0x08008080       0xa8 zephyr/arch/arch/arm/core/cortex_m/libarch__arm__core__cortex_m.a(fault.c.obj)
                0x08008080                z_arm_fault
 .text.z_arm_fault_init
                0x08008128       0x18 zephyr/arch/arch/arm/core/cortex_m/libarch__arm__core__cortex_m.a(fault.c.obj)
                0x08008128                z_arm_fault_init
 .text.__fault  0x08008140       0x14 zephyr/arch/arch/arm/core/cortex_m/libarch__arm__core__cortex_m.a(fault_s.S.obj)
                0x08008140                z_arm_usage_fault
                0x08008140                z_arm_mpu_fault
                0x08008140                z_arm_exc_spurious
                0x08008140                z_arm_debug_monitor
                0x08008140                z_arm_hard_fault
                0x08008140                z_arm_bus_fault
 .text._reset_section
                0x08008154       0x34 zephyr/arch/arch/arm/core/cortex_m/libarch__arm__core__cortex_m.a(reset.S.obj)
                0x08008154                __start
                0x08008154                z_arm_reset
 .text.z_arm_svc
                0x08008188       0x24 zephyr/arch/arch/arm/core/cortex_m/libarch__arm__core__cortex_m.a(svc.S.obj)
                0x08008188                z_arm_svc
 .text.__NVIC_EnableIRQ
                0x080081ac       0x1c zephyr/arch/arch/arm/core/cortex_m/libarch__arm__core__cortex_m.a(irq_manage.c.obj)
 .text.__NVIC_SetPriority
                0x080081c8       0x28 zephyr/arch/arch/arm/core/cortex_m/libarch__arm__core__cortex_m.a(irq_manage.c.obj)
 .text.arm_irq_priority_set
                0x080081f0       0x48 zephyr/arch/arch/arm/core/cortex_m/libarch__arm__core__cortex_m.a(irq_manage.c.obj)
                0x080081f0                arm_irq_priority_set
 .text.relocate_vector_table
                0x08008238       0x1c zephyr/arch/arch/arm/core/cortex_m/libarch__arm__core__cortex_m.a(prep_c.c.obj)
                0x08008238                relocate_vector_table
 .text.z_prep_c
                0x08008254       0x38 zephyr/arch/arch/arm/core/cortex_m/libarch__arm__core__cortex_m.a(prep_c.c.obj)
                0x08008254                z_prep_c
 .text.min_stack
                0x0800828c       0x40 zephyr/arch/arch/arm/core/cortex_m/libarch__arm__core__cortex_m.a(thread.c.obj)
 .text.arch_new_thread
                0x080082cc       0x40 zephyr/arch/arch/arm/core/cortex_m/libarch__arm__core__cortex_m.a(thread.c.obj)
                0x080082cc                arch_new_thread
 .text.arch_switch_to_main_thread
                0x0800830c       0x3c zephyr/arch/arch/arm/core/cortex_m/libarch__arm__core__cortex_m.a(thread.c.obj)
                0x0800830c                arch_switch_to_main_thread
 .text.z_arm_cpu_idle_init
                0x08008348        0xc zephyr/arch/arch/arm/core/cortex_m/libarch__arm__core__cortex_m.a(cpu_idle.c.obj)
                0x08008348                z_arm_cpu_idle_init
 .text._HandlerModeExit
                0x08008354       0x20 zephyr/arch/arch/arm/core/cortex_m/libarch__arm__core__cortex_m.a(exc_exit.c.obj)
                0x08008354                z_arm_int_exit
                0x08008354                z_arm_exc_exit
 .text.z_impl_k_thread_abort
                0x08008374       0x34 zephyr/arch/arch/arm/core/cortex_m/libarch__arm__core__cortex_m.a(thread_abort.c.obj)
                0x08008374                z_impl_k_thread_abort
 .text.z_arm_pendsv
                0x080083a8       0x60 zephyr/arch/arch/arm/core/cortex_m/libarch__arm__core__cortex_m.a(swap_helper.S.obj)
                0x080083a8                z_arm_pendsv
 .text.z_arm_interrupt_init
                0x08008408       0x34 zephyr/arch/arch/arm/core/cortex_m/libarch__arm__core__cortex_m.a(irq_init.c.obj)
                0x08008408                z_arm_interrupt_init
 .text._isr_wrapper
                0x0800843c       0x20 zephyr/arch/arch/arm/core/cortex_m/libarch__arm__core__cortex_m.a(isr_wrapper.c.obj)
                0x0800843c                _isr_wrapper
 .text.__aeabi_read_tp
                0x0800845c        0xc zephyr/arch/arch/arm/core/cortex_m/libarch__arm__core__cortex_m.a(__aeabi_read_tp.S.obj)
                0x0800845c                __aeabi_read_tp
 .text.z_arm_configure_static_mpu_regions
                0x08008468       0x1c zephyr/arch/arch/arm/core/mpu/libarch__arm__core__mpu.a(arm_core_mpu.c.obj)
                0x08008468                z_arm_configure_static_mpu_regions
 .text.z_arm_configure_dynamic_mpu_regions
                0x08008484       0x24 zephyr/arch/arch/arm/core/mpu/libarch__arm__core__mpu.a(arm_core_mpu.c.obj)
                0x08008484                z_arm_configure_dynamic_mpu_regions
 .text.region_init
                0x080084a8       0x28 zephyr/arch/arch/arm/core/mpu/libarch__arm__core__mpu.a(arm_mpu.c.obj)
 .text.region_allocate_and_init
                0x080084d0       0x3c zephyr/arch/arch/arm/core/mpu/libarch__arm__core__mpu.a(arm_mpu.c.obj)
 .text.mpu_configure_regions
                0x0800850c       0x64 zephyr/arch/arch/arm/core/mpu/libarch__arm__core__mpu.a(arm_mpu.c.obj)
 .text.mpu_configure_static_mpu_regions
                0x08008570       0x14 zephyr/arch/arch/arm/core/mpu/libarch__arm__core__mpu.a(arm_mpu.c.obj)
 .text.mpu_configure_dynamic_mpu_regions
                0x08008584       0x3c zephyr/arch/arch/arm/core/mpu/libarch__arm__core__mpu.a(arm_mpu.c.obj)
 .text.mpu_configure_regions_from_dt
                0x080085c0      0x244 zephyr/arch/arch/arm/core/mpu/libarch__arm__core__mpu.a(arm_mpu.c.obj)
 .text.arm_core_mpu_enable
                0x08008804       0x18 zephyr/arch/arch/arm/core/mpu/libarch__arm__core__mpu.a(arm_mpu.c.obj)
                0x08008804                arm_core_mpu_enable
 .text.arm_core_mpu_disable
                0x0800881c       0x14 zephyr/arch/arch/arm/core/mpu/libarch__arm__core__mpu.a(arm_mpu.c.obj)
                0x0800881c                arm_core_mpu_disable
 .text.arm_core_mpu_configure_static_mpu_regions
                0x08008830       0x44 zephyr/arch/arch/arm/core/mpu/libarch__arm__core__mpu.a(arm_mpu.c.obj)
                0x08008830                arm_core_mpu_configure_static_mpu_regions
 .text.arm_core_mpu_configure_dynamic_mpu_regions
                0x08008874       0x44 zephyr/arch/arch/arm/core/mpu/libarch__arm__core__mpu.a(arm_mpu.c.obj)
                0x08008874                arm_core_mpu_configure_dynamic_mpu_regions
 .text.z_arm_mpu_init
                0x080088b8      0x110 zephyr/arch/arch/arm/core/mpu/libarch__arm__core__mpu.a(arm_mpu.c.obj)
                0x080088b8                z_arm_mpu_init
 .text.cbvprintf
                0x080089c8       0x38 zephyr/lib/libc/picolibc/liblib__libc__picolibc.a(cbprintf.c.obj)
                0x080089c8                cbvprintf
 .text.z_impl_zephyr_fputc
                0x08008a00       0x10 zephyr/lib/libc/picolibc/liblib__libc__picolibc.a(stdio.c.obj)
                0x08008a00                z_impl_zephyr_fputc
 .text.__stdout_hook_install
                0x08008a10       0x18 zephyr/lib/libc/picolibc/liblib__libc__picolibc.a(stdio.c.obj)
                0x08008a10                __stdout_hook_install
 .text.malloc_prepare
                0x08008a28       0x24 zephyr/lib/libc/common/liblib__libc__common.a(malloc.c.obj)
 .text.k_current_get
                0x08008a4c       0x4c zephyr/subsys/input/libsubsys__input.a(input.c.obj)
 .text.input_process
                0x08008a98       0x64 zephyr/subsys/input/libsubsys__input.a(input.c.obj)
 .text.input_thread
                0x08008afc       0x3c zephyr/subsys/input/libsubsys__input.a(input.c.obj)
 .text.input_report
                0x08008b38       0x6c zephyr/subsys/input/libsubsys__input.a(input.c.obj)
                0x08008b38                input_report
 .text.clock_control_on
                0x08008ba4       0x84 zephyr/drivers/interrupt_controller/libdrivers__interrupt_controller.a(intc_exti_stm32.c.obj)
 .text.stm32_exti_enable_clocks
                0x08008c28       0x24 zephyr/drivers/interrupt_controller/libdrivers__interrupt_controller.a(intc_exti_stm32.c.obj)
 .text.stm32_exti_is_pending
                0x08008c4c       0x38 zephyr/drivers/interrupt_controller/libdrivers__interrupt_controller.a(intc_exti_stm32.c.obj)
                0x08008c4c                stm32_exti_is_pending
 .text.stm32_exti_clear_pending
                0x08008c84       0x34 zephyr/drivers/interrupt_controller/libdrivers__interrupt_controller.a(intc_exti_stm32.c.obj)
                0x08008c84                stm32_exti_clear_pending
 .text.stm32_fill_irq_table
                0x08008cb8       0x24 zephyr/drivers/interrupt_controller/libdrivers__interrupt_controller.a(intc_gpio_stm32.c.obj)
 .text.stm32_intc_gpio_isr
                0x08008cdc       0x48 zephyr/drivers/interrupt_controller/libdrivers__interrupt_controller.a(intc_gpio_stm32.c.obj)
 .text.ll_exti_line_to_linenum
                0x08008d24       0x74 zephyr/drivers/interrupt_controller/libdrivers__interrupt_controller.a(intc_gpio_stm32.c.obj)
 .text.LL_SYSCFG_SetEXTISource
                0x08008d98       0x38 zephyr/drivers/interrupt_controller/libdrivers__interrupt_controller.a(intc_gpio_stm32.c.obj)
 .text.LL_SYSCFG_GetEXTISource
                0x08008dd0       0x28 zephyr/drivers/interrupt_controller/libdrivers__interrupt_controller.a(intc_gpio_stm32.c.obj)
 .text.stm32_gpio_intc_enable_line
                0x08008df8       0x24 zephyr/drivers/interrupt_controller/libdrivers__interrupt_controller.a(intc_gpio_stm32.c.obj)
                0x08008df8                stm32_gpio_intc_enable_line
 .text.stm32_gpio_intc_disable_line
                0x08008e1c       0x10 zephyr/drivers/interrupt_controller/libdrivers__interrupt_controller.a(intc_gpio_stm32.c.obj)
                0x08008e1c                stm32_gpio_intc_disable_line
 .text.stm32_gpio_intc_select_line_trigger
                0x08008e2c       0x80 zephyr/drivers/interrupt_controller/libdrivers__interrupt_controller.a(intc_gpio_stm32.c.obj)
                0x08008e2c                stm32_gpio_intc_select_line_trigger
 .text.stm32_gpio_intc_set_irq_callback
                0x08008eac       0x40 zephyr/drivers/interrupt_controller/libdrivers__interrupt_controller.a(intc_gpio_stm32.c.obj)
                0x08008eac                stm32_gpio_intc_set_irq_callback
 .text.stm32_gpio_intc_remove_irq_callback
                0x08008eec       0x1c zephyr/drivers/interrupt_controller/libdrivers__interrupt_controller.a(intc_gpio_stm32.c.obj)
                0x08008eec                stm32_gpio_intc_remove_irq_callback
 .text.stm32_clock_switch_to_hsi
                0x08008f08       0x38 zephyr/drivers/clock_control/libdrivers__clock_control.a(clock_stm32_ll_common.c.obj)
 .text.set_up_fixed_clock_sources
                0x08008f40       0x38 zephyr/drivers/clock_control/libdrivers__clock_control.a(clock_stm32_ll_common.c.obj)
 .text.get_pll_div_frequency
                0x08008f78       0x38 zephyr/drivers/clock_control/libdrivers__clock_control.a(clock_stm32_ll_common.c.obj)
 .text.stm32_clock_control_get_subsys_rate
                0x08008fb0      0x11c zephyr/drivers/clock_control/libdrivers__clock_control.a(clock_stm32_ll_common.c.obj)
 .text.set_up_plls
                0x080090cc       0x74 zephyr/drivers/clock_control/libdrivers__clock_control.a(clock_stm32_ll_common.c.obj)
 .text.enabled_clock
                0x08009140       0x24 zephyr/drivers/clock_control/libdrivers__clock_control.a(clock_stm32_ll_common.c.obj)
                0x08009140                enabled_clock
 .text.stm32_clock_control_init
                0x08009164       0x9c zephyr/drivers/clock_control/libdrivers__clock_control.a(clock_stm32_ll_common.c.obj)
                0x08009164                stm32_clock_control_init
 .text.get_pllsrc_frequency
                0x08009200        0x8 zephyr/drivers/clock_control/libdrivers__clock_control.a(clock_stm32f2_f4_f7.c.obj)
                0x08009200                get_pllsrc_frequency
 .text.config_pll_sysclock
                0x08009208       0x44 zephyr/drivers/clock_control/libdrivers__clock_control.a(clock_stm32f2_f4_f7.c.obj)
                0x08009208                config_pll_sysclock
 .text.config_enable_default_clocks
                0x0800924c       0x20 zephyr/drivers/clock_control/libdrivers__clock_control.a(clock_stm32f2_f4_f7.c.obj)
                0x0800924c                config_enable_default_clocks
 .text.uart_console_hook_install
                0x0800926c       0x18 zephyr/drivers/console/libdrivers__console.a(uart_console.c.obj)
 .text.uart_console_init
                0x08009284       0x1c zephyr/drivers/console/libdrivers__console.a(uart_console.c.obj)
 .text.z_impl_uart_poll_out
                0x080092a0       0x7c zephyr/drivers/console/libdrivers__console.a(uart_console.c.obj)
 .text.console_out
                0x0800931c       0x24 zephyr/drivers/console/libdrivers__console.a(uart_console.c.obj)
 .text.z_impl_gpio_port_set_bits_raw
                0x08009340       0x84 zephyr/drivers/display/libdrivers__display.a(display_ssd1306.c.obj)
 .text.z_impl_gpio_port_clear_bits_raw
                0x080093c4       0x84 zephyr/drivers/display/libdrivers__display.a(display_ssd1306.c.obj)
 .text.z_impl_gpio_pin_set_raw
                0x08009448       0x50 zephyr/drivers/display/libdrivers__display.a(display_ssd1306.c.obj)
 .text.z_impl_gpio_pin_set
                0x08009498       0x54 zephyr/drivers/display/libdrivers__display.a(display_ssd1306.c.obj)
 .text.z_impl_gpio_pin_configure
                0x080094ec      0x21c zephyr/drivers/display/libdrivers__display.a(display_ssd1306.c.obj)
 .text.z_impl_i2c_transfer
                0x08009708       0xa4 zephyr/drivers/display/libdrivers__display.a(display_ssd1306.c.obj)
 .text.ssd1306_set_orientation
                0x080097ac       0x44 zephyr/drivers/display/libdrivers__display.a(display_ssd1306.c.obj)
 .text.ssd1306_set_pixel_format
                0x080097f0       0x6c zephyr/drivers/display/libdrivers__display.a(display_ssd1306.c.obj)
 .text.ssd1306_write_sh1106
                0x0800985c       0xb0 zephyr/drivers/display/libdrivers__display.a(display_ssd1306.c.obj)
 .text.ssd1306_write_default
                0x0800990c       0x90 zephyr/drivers/display/libdrivers__display.a(display_ssd1306.c.obj)
 .text.ssd1306_write
                0x0800999c       0xc8 zephyr/drivers/display/libdrivers__display.a(display_ssd1306.c.obj)
 .text.ssd1306_set_power_settings
                0x08009a64      0x144 zephyr/drivers/display/libdrivers__display.a(display_ssd1306.c.obj)
 .text.ssd1306_init_device
                0x08009ba8      0x154 zephyr/drivers/display/libdrivers__display.a(display_ssd1306.c.obj)
 .text.ssd1306_init
                0x08009cfc      0x1d0 zephyr/drivers/display/libdrivers__display.a(display_ssd1306.c.obj)
 .text.dma_stm32_get_status
                0x08009ecc       0x4c zephyr/drivers/dma/libdrivers__dma.a(dma_stm32.c.obj)
 .text.dma_stm32_stop
                0x08009f18       0x6c zephyr/drivers/dma/libdrivers__dma.a(dma_stm32.c.obj)
 .text.dma_stm32_reload
                0x08009f84       0xf0 zephyr/drivers/dma/libdrivers__dma.a(dma_stm32.c.obj)
 .text.clock_control_on
                0x0800a074       0x84 zephyr/drivers/dma/libdrivers__dma.a(dma_stm32.c.obj)
 .text.dma_stm32_get_priority
                0x0800a0f8       0x4c zephyr/drivers/dma/libdrivers__dma.a(dma_stm32.c.obj)
 .text.dma_stm32_get_direction
                0x0800a144       0x3c zephyr/drivers/dma/libdrivers__dma.a(dma_stm32.c.obj)
 .text.dma_stm32_get_memory_increment
                0x0800a180       0x3c zephyr/drivers/dma/libdrivers__dma.a(dma_stm32.c.obj)
 .text.dma_stm32_get_periph_increment
                0x0800a1bc       0x3c zephyr/drivers/dma/libdrivers__dma.a(dma_stm32.c.obj)
 .text.dma_stm32_init
                0x0800a1f8       0x60 zephyr/drivers/dma/libdrivers__dma.a(dma_stm32.c.obj)
 .text.dma_stm32_configure
                0x0800a258      0x534 zephyr/drivers/dma/libdrivers__dma.a(dma_stm32.c.obj)
 .text.dma_stm32_irq_handler
                0x0800a78c      0x110 zephyr/drivers/dma/libdrivers__dma.a(dma_stm32.c.obj)
 .text.dma_stm32_id_to_stream
                0x0800a89c       0x34 zephyr/drivers/dma/libdrivers__dma.a(dma_stm32_v1.c.obj)
                0x0800a89c                dma_stm32_id_to_stream
 .text.dma_stm32_slot_to_channel
                0x0800a8d0       0x34 zephyr/drivers/dma/libdrivers__dma.a(dma_stm32_v1.c.obj)
                0x0800a8d0                dma_stm32_slot_to_channel
 .text.dma_stm32_clear_ht
                0x0800a904       0x38 zephyr/drivers/dma/libdrivers__dma.a(dma_stm32_v1.c.obj)
                0x0800a904                dma_stm32_clear_ht
 .text.dma_stm32_clear_tc
                0x0800a93c       0x38 zephyr/drivers/dma/libdrivers__dma.a(dma_stm32_v1.c.obj)
                0x0800a93c                dma_stm32_clear_tc
 .text.dma_stm32_is_ht_active
                0x0800a974       0x3c zephyr/drivers/dma/libdrivers__dma.a(dma_stm32_v1.c.obj)
                0x0800a974                dma_stm32_is_ht_active
 .text.dma_stm32_is_tc_active
                0x0800a9b0       0x3c zephyr/drivers/dma/libdrivers__dma.a(dma_stm32_v1.c.obj)
                0x0800a9b0                dma_stm32_is_tc_active
 .text.dma_stm32_clear_te
                0x0800a9ec       0x38 zephyr/drivers/dma/libdrivers__dma.a(dma_stm32_v1.c.obj)
                0x0800a9ec                dma_stm32_clear_te
 .text.dma_stm32_clear_dme
                0x0800aa24       0x38 zephyr/drivers/dma/libdrivers__dma.a(dma_stm32_v1.c.obj)
                0x0800aa24                dma_stm32_clear_dme
 .text.dma_stm32_clear_fe
                0x0800aa5c       0x38 zephyr/drivers/dma/libdrivers__dma.a(dma_stm32_v1.c.obj)
                0x0800aa5c                dma_stm32_clear_fe
 .text.dma_stm32_is_te_active
                0x0800aa94       0x3c zephyr/drivers/dma/libdrivers__dma.a(dma_stm32_v1.c.obj)
                0x0800aa94                dma_stm32_is_te_active
 .text.dma_stm32_is_dme_active
                0x0800aad0       0x3c zephyr/drivers/dma/libdrivers__dma.a(dma_stm32_v1.c.obj)
                0x0800aad0                dma_stm32_is_dme_active
 .text.dma_stm32_is_fe_active
                0x0800ab0c       0x3c zephyr/drivers/dma/libdrivers__dma.a(dma_stm32_v1.c.obj)
                0x0800ab0c                dma_stm32_is_fe_active
 .text.stm32_dma_dump_stream_irq
                0x0800ab48       0xd4 zephyr/drivers/dma/libdrivers__dma.a(dma_stm32_v1.c.obj)
                0x0800ab48                stm32_dma_dump_stream_irq
 .text.stm32_dma_is_tc_irq_active
                0x0800ac1c       0x34 zephyr/drivers/dma/libdrivers__dma.a(dma_stm32_v1.c.obj)
                0x0800ac1c                stm32_dma_is_tc_irq_active
 .text.stm32_dma_is_ht_irq_active
                0x0800ac50       0x34 zephyr/drivers/dma/libdrivers__dma.a(dma_stm32_v1.c.obj)
                0x0800ac50                stm32_dma_is_ht_irq_active
 .text.stm32_dma_is_unexpected_irq_happened
                0x0800ac84       0x48 zephyr/drivers/dma/libdrivers__dma.a(dma_stm32_v1.c.obj)
                0x0800ac84                stm32_dma_is_unexpected_irq_happened
 .text.stm32_dma_enable_stream
                0x0800accc       0x1c zephyr/drivers/dma/libdrivers__dma.a(dma_stm32_v1.c.obj)
                0x0800accc                stm32_dma_enable_stream
 .text.stm32_dma_is_enabled_stream
                0x0800ace8       0x24 zephyr/drivers/dma/libdrivers__dma.a(dma_stm32_v1.c.obj)
                0x0800ace8                stm32_dma_is_enabled_stream
 .text.stm32_dma_disable_stream
                0x0800ad0c       0x34 zephyr/drivers/dma/libdrivers__dma.a(dma_stm32_v1.c.obj)
                0x0800ad0c                stm32_dma_disable_stream
 .text.stm32_dma_disable_fifo_irq
                0x0800ad40       0x20 zephyr/drivers/dma/libdrivers__dma.a(dma_stm32_v1.c.obj)
                0x0800ad40                stm32_dma_disable_fifo_irq
 .text.stm32_dma_get_mburst
                0x0800ad60       0x98 zephyr/drivers/dma/libdrivers__dma.a(dma_stm32_v1.c.obj)
                0x0800ad60                stm32_dma_get_mburst
 .text.stm32_dma_get_pburst
                0x0800adf8       0x98 zephyr/drivers/dma/libdrivers__dma.a(dma_stm32_v1.c.obj)
                0x0800adf8                stm32_dma_get_pburst
 .text.stm32_dma_get_fifo_threshold
                0x0800ae90       0x34 zephyr/drivers/dma/libdrivers__dma.a(dma_stm32_v1.c.obj)
                0x0800ae90                stm32_dma_get_fifo_threshold
 .text.gpio_manage_callback
                0x0800aec4       0x98 zephyr/drivers/gpio/libdrivers__gpio.a(gpio_stm32.c.obj)
 .text.gpio_fire_callbacks
                0x0800af5c       0x70 zephyr/drivers/gpio/libdrivers__gpio.a(gpio_stm32.c.obj)
 .text.gpio_stm32_pin_interrupt_configure
                0x0800afcc       0x94 zephyr/drivers/gpio/libdrivers__gpio.a(gpio_stm32.c.obj)
 .text.i2c_map_dt_bitrate
                0x0800b060       0x54 zephyr/drivers/i2c/libdrivers__i2c.a(i2c_stm32.c.obj)
 .text.clock_control_get_rate
                0x0800b0b4       0x8c zephyr/drivers/i2c/libdrivers__i2c.a(i2c_stm32.c.obj)
 .text.clock_control_configure
                0x0800b140       0x8c zephyr/drivers/i2c/libdrivers__i2c.a(i2c_stm32.c.obj)
 .text.i2c_stm32_get_config
                0x0800b1cc       0x2c zephyr/drivers/i2c/libdrivers__i2c.a(i2c_stm32.c.obj)
                0x0800b1cc                i2c_stm32_get_config
 .text.i2c_stm32_transfer
                0x0800b1f8       0xd8 zephyr/drivers/i2c/libdrivers__i2c.a(i2c_stm32.c.obj)
 .text.i2c_stm32_set_smbus_mode
                0x0800b2d0       0xe0 zephyr/drivers/i2c/libdrivers__i2c.a(i2c_stm32.c.obj)
                0x0800b2d0                i2c_stm32_set_smbus_mode
 .text.i2c_stm32_runtime_configure
                0x0800b3b0       0xb4 zephyr/drivers/i2c/libdrivers__i2c.a(i2c_stm32.c.obj)
                0x0800b3b0                i2c_stm32_runtime_configure
 .text.i2c_stm32_init
                0x0800b464       0x8c zephyr/drivers/i2c/libdrivers__i2c.a(i2c_stm32.c.obj)
                0x0800b464                i2c_stm32_init
 .text.clock_control_on
                0x0800b4f0       0x84 zephyr/drivers/i2c/libdrivers__i2c.a(i2c_stm32_common.c.obj)
 .text.i2c_stm32_activate
                0x0800b574       0x50 zephyr/drivers/i2c/libdrivers__i2c.a(i2c_stm32_common.c.obj)
                0x0800b574                i2c_stm32_activate
 .text.LL_I2C_ConfigSpeed
                0x0800b5c4       0xb8 zephyr/drivers/i2c/libdrivers__i2c.a(i2c_stm32_v1.c.obj)
 .text.i2c_stm32_msg_write
                0x0800b67c       0x48 zephyr/drivers/i2c/libdrivers__i2c.a(i2c_stm32_v1.c.obj)
 .text.i2c_stm32_msg_read
                0x0800b6c4       0x58 zephyr/drivers/i2c/libdrivers__i2c.a(i2c_stm32_v1.c.obj)
 .text.i2c_stm32_configure_timing
                0x0800b71c       0x3c zephyr/drivers/i2c/libdrivers__i2c.a(i2c_stm32_v1.c.obj)
                0x0800b71c                i2c_stm32_configure_timing
 .text.z_impl_gpio_pin_configure
                0x0800b758      0x21c zephyr/drivers/input/libdrivers__input.a(input_gpio_keys.c.obj)
 .text.gpio_init_callback
                0x0800b974       0x64 zephyr/drivers/input/libdrivers__input.a(input_gpio_keys.c.obj)
 .text.gpio_add_callback
                0x0800b9d8       0x88 zephyr/drivers/input/libdrivers__input.a(input_gpio_keys.c.obj)
 .text.z_impl_gpio_port_get_raw
                0x0800ba60       0x84 zephyr/drivers/input/libdrivers__input.a(input_gpio_keys.c.obj)
 .text.z_impl_gpio_pin_get
                0x0800bae4       0x58 zephyr/drivers/input/libdrivers__input.a(input_gpio_keys.c.obj)
 .text.z_impl_gpio_pin_interrupt_configure
                0x0800bb3c      0x1a8 zephyr/drivers/input/libdrivers__input.a(input_gpio_keys.c.obj)
 .text.gpio_keys_interrupt
                0x0800bce4       0x60 zephyr/drivers/input/libdrivers__input.a(input_gpio_keys.c.obj)
 .text.gpio_keys_interrupt_configure
                0x0800bd44       0x68 zephyr/drivers/input/libdrivers__input.a(input_gpio_keys.c.obj)
 .text.gpio_keys_init
                0x0800bdac      0x1c8 zephyr/drivers/input/libdrivers__input.a(input_gpio_keys.c.obj)
 .text.gpio_keys_poll_pin
                0x0800bf74       0x74 zephyr/drivers/input/libdrivers__input.a(input_gpio_keys.c.obj)
 .text.gpio_keys_change_deferred
                0x0800bfe8       0x24 zephyr/drivers/input/libdrivers__input.a(input_gpio_keys.c.obj)
 .text.LL_TIM_OC_SetMode
                0x0800c00c       0x70 zephyr/drivers/pwm/libdrivers__pwm.a(pwm_stm32.c.obj)
 .text.LL_TIM_OC_SetPolarity
                0x0800c07c       0x6c zephyr/drivers/pwm/libdrivers__pwm.a(pwm_stm32.c.obj)
 .text.LL_TIM_OC_SetIdleState
                0x0800c0e8       0x70 zephyr/drivers/pwm/libdrivers__pwm.a(pwm_stm32.c.obj)
 .text.LL_TIM_OC_EnablePreload
                0x0800c158       0x64 zephyr/drivers/pwm/libdrivers__pwm.a(pwm_stm32.c.obj)
 .text.clock_control_on
                0x0800c1bc       0x84 zephyr/drivers/pwm/libdrivers__pwm.a(pwm_stm32.c.obj)
 .text.clock_control_configure
                0x0800c240       0x8c zephyr/drivers/pwm/libdrivers__pwm.a(pwm_stm32.c.obj)
 .text.clock_control_get_rate
                0x0800c2cc       0x8c zephyr/drivers/pwm/libdrivers__pwm.a(pwm_stm32.c.obj)
 .text.z_impl_reset_line_toggle
                0x0800c358       0x8c zephyr/drivers/pwm/libdrivers__pwm.a(pwm_stm32.c.obj)
 .text.pwm_stm32_set_cycles
                0x0800c3e4      0x134 zephyr/drivers/pwm/libdrivers__pwm.a(pwm_stm32.c.obj)
 .text.pwm_stm32_init
                0x0800c518      0x4dc zephyr/drivers/pwm/libdrivers__pwm.a(pwm_stm32.c.obj)
 .text.LL_TIM_IC_SetActiveInput
                0x0800c9f4       0x70 zephyr/drivers/sensor/st/qdec_stm32/libdrivers__sensor__st__qdec_stm32.a(qdec_stm32.c.obj)
 .text.LL_TIM_IC_SetPrescaler
                0x0800ca64       0x70 zephyr/drivers/sensor/st/qdec_stm32/libdrivers__sensor__st__qdec_stm32.a(qdec_stm32.c.obj)
 .text.LL_TIM_IC_SetFilter
                0x0800cad4       0x70 zephyr/drivers/sensor/st/qdec_stm32/libdrivers__sensor__st__qdec_stm32.a(qdec_stm32.c.obj)
 .text.LL_TIM_IC_SetPolarity
                0x0800cb44       0x6c zephyr/drivers/sensor/st/qdec_stm32/libdrivers__sensor__st__qdec_stm32.a(qdec_stm32.c.obj)
 .text.qdec_stm32_fetch
                0x0800cbb0       0x4c zephyr/drivers/sensor/st/qdec_stm32/libdrivers__sensor__st__qdec_stm32.a(qdec_stm32.c.obj)
 .text.clock_control_on
                0x0800cbfc       0x84 zephyr/drivers/sensor/st/qdec_stm32/libdrivers__sensor__st__qdec_stm32.a(qdec_stm32.c.obj)
 .text.qdec_stm32_initialize
                0x0800cc80       0xbc zephyr/drivers/sensor/st/qdec_stm32/libdrivers__sensor__st__qdec_stm32.a(qdec_stm32.c.obj)
 .text.mpu6050_convert_accel
                0x0800cd3c       0x58 zephyr/drivers/sensor/tdk/mpu6050/libdrivers__sensor__tdk__mpu6050.a(mpu6050.c.obj)
 .text.mpu6050_convert_gyro
                0x0800cd94       0x44 zephyr/drivers/sensor/tdk/mpu6050/libdrivers__sensor__tdk__mpu6050.a(mpu6050.c.obj)
 .text.mpu6050_convert_temp
                0x0800cdd8      0x108 zephyr/drivers/sensor/tdk/mpu6050/libdrivers__sensor__tdk__mpu6050.a(mpu6050.c.obj)
 .text.z_impl_i2c_transfer
                0x0800cee0       0xa4 zephyr/drivers/sensor/tdk/mpu6050/libdrivers__sensor__tdk__mpu6050.a(mpu6050.c.obj)
 .text.mpu6050_sample_fetch
                0x0800cf84       0x6c zephyr/drivers/sensor/tdk/mpu6050/libdrivers__sensor__tdk__mpu6050.a(mpu6050.c.obj)
 .text.mpu6050_init
                0x0800cff0      0x230 zephyr/drivers/sensor/tdk/mpu6050/libdrivers__sensor__tdk__mpu6050.a(mpu6050.c.obj)
                0x0800cff0                mpu6050_init
 .text.LL_USART_SetBaudRate
                0x0800d220       0xcc zephyr/drivers/serial/libdrivers__serial.a(uart_stm32.c.obj)
 .text.uart_stm32_poll_in
                0x0800d2ec       0x10 zephyr/drivers/serial/libdrivers__serial.a(uart_stm32.c.obj)
 .text.uart_stm32_poll_out
                0x0800d2fc       0x10 zephyr/drivers/serial/libdrivers__serial.a(uart_stm32.c.obj)
 .text.uart_stm32_fifo_fill
                0x0800d30c       0x2c zephyr/drivers/serial/libdrivers__serial.a(uart_stm32.c.obj)
 .text.uart_stm32_fifo_read
                0x0800d338       0x2c zephyr/drivers/serial/libdrivers__serial.a(uart_stm32.c.obj)
 .text.uart_stm32_irq_err_enable
                0x0800d364       0x70 zephyr/drivers/serial/libdrivers__serial.a(uart_stm32.c.obj)
 .text.uart_stm32_irq_err_disable
                0x0800d3d4       0x70 zephyr/drivers/serial/libdrivers__serial.a(uart_stm32.c.obj)
 .text.dma_get_status
                0x0800d444       0x8c zephyr/drivers/serial/libdrivers__serial.a(uart_stm32.c.obj)
 .text.dma_start
                0x0800d4d0       0x84 zephyr/drivers/serial/libdrivers__serial.a(uart_stm32.c.obj)
 .text.clock_control_get_rate
                0x0800d554       0x8c zephyr/drivers/serial/libdrivers__serial.a(uart_stm32.c.obj)
 .text.dma_stop
                0x0800d5e0       0x8c zephyr/drivers/serial/libdrivers__serial.a(uart_stm32.c.obj)
 .text.dma_config
                0x0800d66c       0x84 zephyr/drivers/serial/libdrivers__serial.a(uart_stm32.c.obj)
 .text.clock_control_on
                0x0800d6f0       0x84 zephyr/drivers/serial/libdrivers__serial.a(uart_stm32.c.obj)
 .text.z_impl_reset_line_toggle
                0x0800d774       0x8c zephyr/drivers/serial/libdrivers__serial.a(uart_stm32.c.obj)
 .text.uart_stm32_async_rx_enable
                0x0800d800      0x104 zephyr/drivers/serial/libdrivers__serial.a(uart_stm32.c.obj)
 .text.uart_stm32_async_tx
                0x0800d904       0xdc zephyr/drivers/serial/libdrivers__serial.a(uart_stm32.c.obj)
 .text.uart_stm32_clocks_enable
                0x0800d9e0       0x28 zephyr/drivers/serial/libdrivers__serial.a(uart_stm32.c.obj)
 .text.uart_stm32_set_baudrate
                0x0800da08      0x1a8 zephyr/drivers/serial/libdrivers__serial.a(uart_stm32.c.obj)
 .text.uart_stm32_configure
                0x0800dbb0      0x138 zephyr/drivers/serial/libdrivers__serial.a(uart_stm32.c.obj)
 .text.uart_stm32_registers_configure
                0x0800dce8       0x80 zephyr/drivers/serial/libdrivers__serial.a(uart_stm32.c.obj)
 .text.uart_stm32_async_init
                0x0800dd68      0x178 zephyr/drivers/serial/libdrivers__serial.a(uart_stm32.c.obj)
 .text.elapsed  0x0800dee0       0x4c zephyr/drivers/timer/libdrivers__timer.a(cortex_m_systick.c.obj)
 .text.sys_clock_driver_init
                0x0800df2c       0x40 zephyr/drivers/timer/libdrivers__timer.a(cortex_m_systick.c.obj)
 .text.sys_clock_isr
                0x0800df6c       0x7c zephyr/drivers/timer/libdrivers__timer.a(cortex_m_systick.c.obj)
                0x0800df6c                sys_clock_isr
 .text.sys_clock_set_timeout
                0x0800dfe8      0x120 zephyr/drivers/timer/libdrivers__timer.a(cortex_m_systick.c.obj)
                0x0800dfe8                sys_clock_set_timeout
 .text.sys_clock_elapsed
                0x0800e108       0x70 zephyr/drivers/timer/libdrivers__timer.a(cortex_m_systick.c.obj)
                0x0800e108                sys_clock_elapsed
 .text.HAL_RCC_GetSysClockFreq
                0x0800e178       0xdc modules/hal_stm32/stm32cube/lib..__modules__hal__stm32__stm32cube.a(stm32f4xx_hal_rcc.c.obj)
                0x0800e178                HAL_RCC_GetSysClockFreq
 .text.LL_DMA_Init
                0x0800e254       0x94 modules/hal_stm32/stm32cube/lib..__modules__hal__stm32__stm32cube.a(stm32f4xx_ll_dma.c.obj)
                0x0800e254                LL_DMA_Init
 .text.LL_SetFlashLatency
                0x0800e2e8       0xcc modules/hal_stm32/stm32cube/lib..__modules__hal__stm32__stm32cube.a(stm32f4xx_ll_utils.c.obj)
                0x0800e2e8                LL_SetFlashLatency
 .text.do_device_init
                0x0800e3b4       0x64 zephyr/kernel/libkernel.a(device.c.obj)
                0x0800e3b4                do_device_init
 .text.reason_to_str
                0x0800e418       0x40 zephyr/kernel/libkernel.a(fatal.c.obj)
 .text.thread_name_get
                0x0800e458       0x20 zephyr/kernel/libkernel.a(fatal.c.obj)
 .text.k_sys_fatal_error_handler
                0x0800e478       0x20 zephyr/kernel/libkernel.a(fatal.c.obj)
                0x0800e478                k_sys_fatal_error_handler
 .text.z_fatal_error
                0x0800e498      0x224 zephyr/kernel/libkernel.a(fatal.c.obj)
                0x0800e498                z_fatal_error
 .text.init_idle_thread
                0x0800e6bc       0x58 zephyr/kernel/libkernel.a(init.c.obj)
 .text.z_device_state_init
                0x0800e714       0x4c zephyr/kernel/libkernel.a(init.c.obj)
 .text.z_sys_init_run_level
                0x0800e760       0x38 zephyr/kernel/libkernel.a(init.c.obj)
 .text.thread_schedule_new
                0x0800e798       0x1c zephyr/kernel/libkernel.a(init.c.obj)
 .text.z_init_static_threads
                0x0800e7b4       0xc4 zephyr/kernel/libkernel.a(init.c.obj)
 .text.bg_thread_main
                0x0800e878       0x80 zephyr/kernel/libkernel.a(init.c.obj)
 .text.switch_to_main_thread
                0x0800e8f8       0x14 zephyr/kernel/libkernel.a(init.c.obj)
 .text.z_init_cpu
                0x0800e90c       0x44 zephyr/kernel/libkernel.a(init.c.obj)
                0x0800e90c                z_init_cpu
 .text.prepare_multithreading
                0x0800e950       0x60 zephyr/kernel/libkernel.a(init.c.obj)
 .text.z_cstart
                0x0800e9b0       0xcc zephyr/kernel/libkernel.a(init.c.obj)
                0x0800e9b0                z_cstart
 .text.idle     0x0800ea7c       0x48 zephyr/kernel/libkernel.a(idle.c.obj)
                0x0800ea7c                idle
 .text.arch_spin_relax
                0x0800eac4       0x38 zephyr/kernel/libkernel.a(idle.c.obj)
                0x0800eac4                arch_spin_relax
 .text.unpend_thread_no_timeout
                0x0800eafc       0x44 zephyr/kernel/libkernel.a(msg_q.c.obj)
 .text.put_msg_in_queue
                0x0800eb40      0x1cc zephyr/kernel/libkernel.a(msg_q.c.obj)
 .text.z_impl_k_msgq_get
                0x0800ed0c      0x1c4 zephyr/kernel/libkernel.a(msg_q.c.obj)
                0x0800ed0c                z_impl_k_msgq_get
 .text.unpend_thread_no_timeout
                0x0800eed0       0x44 zephyr/kernel/libkernel.a(mutex.c.obj)
 .text.z_impl_k_mutex_lock
                0x0800ef14      0x24c zephyr/kernel/libkernel.a(mutex.c.obj)
                0x0800ef14                z_impl_k_mutex_lock
 .text.z_impl_k_mutex_unlock
                0x0800f160      0x168 zephyr/kernel/libkernel.a(mutex.c.obj)
                0x0800f160                z_impl_k_mutex_unlock
 .text.unpend_thread_no_timeout
                0x0800f2c8       0x44 zephyr/kernel/libkernel.a(sem.c.obj)
 .text.z_impl_k_sem_give
                0x0800f30c       0xdc zephyr/kernel/libkernel.a(sem.c.obj)
                0x0800f30c                z_impl_k_sem_give
 .text.z_impl_k_sem_take
                0x0800f3e8      0x13c zephyr/kernel/libkernel.a(sem.c.obj)
                0x0800f3e8                z_impl_k_sem_take
 .text.z_impl_k_sem_reset
                0x0800f524       0xe4 zephyr/kernel/libkernel.a(sem.c.obj)
                0x0800f524                z_impl_k_sem_reset
 .text.sys_work_q_init
                0x0800f608       0x2c zephyr/kernel/libkernel.a(system_work_q.c.obj)
 .text.unpend_thread_no_timeout
                0x0800f634       0x44 zephyr/kernel/libkernel.a(work.c.obj)
 .text.queue_submit_locked
                0x0800f678       0x80 zephyr/kernel/libkernel.a(work.c.obj)
 .text.submit_to_queue_locked
                0x0800f6f8       0x88 zephyr/kernel/libkernel.a(work.c.obj)
 .text.work_timeout
                0x0800f780       0xcc zephyr/kernel/libkernel.a(work.c.obj)
 .text.unschedule_locked
                0x0800f84c       0xc8 zephyr/kernel/libkernel.a(work.c.obj)
 .text.finalize_cancel_locked
                0x0800f914       0x5c zephyr/kernel/libkernel.a(work.c.obj)
 .text.work_queue_main
                0x0800f970      0x264 zephyr/kernel/libkernel.a(work.c.obj)
 .text.schedule_for_queue_locked
                0x0800fbd4       0x34 zephyr/kernel/libkernel.a(work.c.obj)
 .text.k_work_queue_start
                0x0800fc08      0x104 zephyr/kernel/libkernel.a(work.c.obj)
                0x0800fc08                k_work_queue_start
 .text.k_work_init_delayable
                0x0800fd0c       0x60 zephyr/kernel/libkernel.a(work.c.obj)
                0x0800fd0c                k_work_init_delayable
 .text.k_work_schedule_for_queue
                0x0800fd6c      0x10c zephyr/kernel/libkernel.a(work.c.obj)
                0x0800fd6c                k_work_schedule_for_queue
 .text.k_work_schedule
                0x0800fe78       0x10 zephyr/kernel/libkernel.a(work.c.obj)
                0x0800fe78                k_work_schedule
 .text.k_work_reschedule_for_queue
                0x0800fe88      0x114 zephyr/kernel/libkernel.a(work.c.obj)
                0x0800fe88                k_work_reschedule_for_queue
 .text.k_work_reschedule
                0x0800ff9c       0x10 zephyr/kernel/libkernel.a(work.c.obj)
                0x0800ff9c                k_work_reschedule
 .text.k_work_cancel_delayable
                0x0800ffac       0xd8 zephyr/kernel/libkernel.a(work.c.obj)
                0x0800ffac                k_work_cancel_delayable
 .text.z_setup_new_thread
                0x08010084       0xb8 zephyr/kernel/libkernel.a(thread.c.obj)
                0x08010084                z_setup_new_thread
 .text.z_dummy_thread_init
                0x0801013c       0x20 zephyr/kernel/libkernel.a(thread.c.obj)
                0x0801013c                z_dummy_thread_init
 .text.z_impl_k_wakeup
                0x0801015c       0xc8 zephyr/kernel/libkernel.a(thread.c.obj)
                0x0801015c                z_impl_k_wakeup
 .text.thread_schedule_new
                0x08010224       0x1c zephyr/kernel/libkernel.a(thread.c.obj)
 .text.z_impl_k_thread_create
                0x08010240       0x7c zephyr/kernel/libkernel.a(thread.c.obj)
                0x08010240                z_impl_k_thread_create
 .text.z_thread_abort
                0x080102bc       0xe8 zephyr/kernel/libkernel.a(thread.c.obj)
                0x080102bc                z_thread_abort
 .text.z_impl_k_yield
                0x080103a4       0x40 zephyr/kernel/libkernel.a(thread.c.obj)
                0x080103a4                z_impl_k_yield
 .text.unpend_thread_no_timeout
                0x080103e4       0x44 zephyr/kernel/libkernel.a(sched.c.obj)
 .text.z_swap_irqlock
                0x08010428       0x38 zephyr/kernel/libkernel.a(sched.c.obj)
 .text.move_current_to_end_of_prio_q
                0x08010460       0x88 zephyr/kernel/libkernel.a(sched.c.obj)
                0x08010460                move_current_to_end_of_prio_q
 .text.ready_thread
                0x080104e8      0x12c zephyr/kernel/libkernel.a(sched.c.obj)
                0x080104e8                z_sched_ready_locked
 .text.thread_halt_spin
                0x08010614      0x238 zephyr/kernel/libkernel.a(sched.c.obj)
 .text.z_ready_thread
                0x0801084c       0xb8 zephyr/kernel/libkernel.a(sched.c.obj)
                0x0801084c                z_ready_thread
 .text.unready_thread
                0x08010904       0xe4 zephyr/kernel/libkernel.a(sched.c.obj)
                0x08010904                z_sched_unready_locked
 .text.reschedule
                0x080109e8       0xa0 zephyr/kernel/libkernel.a(sched.c.obj)
                0x080109e8                z_reschedule
 .text.z_sched_lock_reschedule
                0x08010a88       0x80 zephyr/kernel/libkernel.a(sched.c.obj)
                0x08010a88                z_sched_lock_reschedule
 .text.z_sched_yield
                0x08010b08      0x11c zephyr/kernel/libkernel.a(sched.c.obj)
                0x08010b08                z_sched_yield
 .text.add_to_waitq_locked
                0x08010c24       0x8c zephyr/kernel/libkernel.a(sched.c.obj)
                0x08010c24                z_sched_add_to_waitq_locked
 .text.z_thread_halt
                0x08010cb0      0x3b0 zephyr/kernel/libkernel.a(sched.c.obj)
                0x08010cb0                z_thread_halt
 .text.pend_locked
                0x08011060       0x20 zephyr/kernel/libkernel.a(sched.c.obj)
 .text.z_unpend_thread_no_timeout
                0x08011080       0xb4 zephyr/kernel/libkernel.a(sched.c.obj)
                0x08011080                z_unpend_thread_no_timeout
 .text.z_thread_timeout
                0x08011134       0xbc zephyr/kernel/libkernel.a(sched.c.obj)
                0x08011134                z_thread_timeout
 .text.z_pend_curr
                0x080111f0      0x148 zephyr/kernel/libkernel.a(sched.c.obj)
                0x080111f0                z_pend_curr
 .text.z_unpend1_no_timeout
                0x08011338       0xc0 zephyr/kernel/libkernel.a(sched.c.obj)
                0x08011338                z_unpend1_no_timeout
 .text.z_thread_prio_set
                0x080113f8      0x258 zephyr/kernel/libkernel.a(sched.c.obj)
                0x080113f8                z_thread_prio_set
 .text.z_swap_irqlock
                0x08011650       0x38 zephyr/kernel/libkernel.a(sleep.c.obj)
 .text.z_tick_sleep
                0x08011688      0x130 zephyr/kernel/libkernel.a(sleep.c.obj)
 .text.z_impl_k_sleep
                0x080117b8       0x74 zephyr/kernel/libkernel.a(sleep.c.obj)
                0x080117b8                z_impl_k_sleep
 .text.z_sched_init
                0x0801182c       0x10 zephyr/kernel/libkernel.a(scheduler.c.obj)
                0x0801182c                z_sched_init
 .text.k_sched_lock
                0x0801183c      0x108 zephyr/kernel/libkernel.a(scheduler.c.obj)
                0x0801183c                k_sched_lock
 .text.k_sched_unlock
                0x08011944       0xc0 zephyr/kernel/libkernel.a(scheduler.c.obj)
                0x08011944                k_sched_unlock
 .text.z_impl_k_sched_current_thread_query
                0x08011a04        0xc zephyr/kernel/libkernel.a(scheduler.c.obj)
                0x08011a04                z_impl_k_sched_current_thread_query
 .text.z_sched_wait
                0x08011a10       0x28 zephyr/kernel/libkernel.a(scheduler.c.obj)
                0x08011a10                z_sched_wait
 .text.z_time_slice_size
                0x08011a38       0x44 zephyr/kernel/libkernel.a(timeslicing.c.obj)
 .text.slice_reset
                0x08011a7c       0x44 zephyr/kernel/libkernel.a(timeslicing.c.obj)
 .text.slice_timeout
                0x08011ac0       0x64 zephyr/kernel/libkernel.a(timeslicing.c.obj)
 .text.z_time_slice
                0x08011b24      0x12c zephyr/kernel/libkernel.a(timeslicing.c.obj)
                0x08011b24                z_time_slice
 .text.z_spin_lock_valid
                0x08011c50       0x20 zephyr/kernel/libkernel.a(spinlock_validate.c.obj)
                0x08011c50                z_spin_lock_valid
 .text.z_spin_unlock_valid
                0x08011c70       0xbc zephyr/kernel/libkernel.a(spinlock_validate.c.obj)
                0x08011c70                z_spin_unlock_valid
 .text.z_spin_lock_set_owner
                0x08011d2c       0x34 zephyr/kernel/libkernel.a(spinlock_validate.c.obj)
                0x08011d2c                z_spin_lock_set_owner
 .text.z_spin_validate_reset
                0x08011d60       0x20 zephyr/kernel/libkernel.a(spinlock_validate.c.obj)
                0x08011d60                z_spin_validate_reset
 .text.z_assert_can_swap
                0x08011d80      0x108 zephyr/kernel/libkernel.a(spinlock_validate.c.obj)
                0x08011d80                z_assert_can_swap
 .text.z_timeout_q_insert
                0x08011e88       0x90 zephyr/kernel/libkernel.a(timeout.c.obj)
 .text.z_timeout_q_remove
                0x08011f18       0x50 zephyr/kernel/libkernel.a(timeout.c.obj)
 .text.z_timeout_q_next_gap
                0x08011f68       0x34 zephyr/kernel/libkernel.a(timeout.c.obj)
 .text.z_timeout_q_advance
                0x08011f9c       0x20 zephyr/kernel/libkernel.a(timeout.c.obj)
 .text.z_timeout_q_pop_due
                0x08011fbc       0x30 zephyr/kernel/libkernel.a(timeout.c.obj)
 .text.next_timeout
                0x08011fec       0x68 zephyr/kernel/libkernel.a(timeout.c.obj)
 .text.elapsed  0x08012054       0x18 zephyr/kernel/libkernel.a(timeout.c.obj)
 .text.z_add_timeout
                0x0801206c      0x198 zephyr/kernel/libkernel.a(timeout.c.obj)
                0x0801206c                z_add_timeout
 .text.z_try_abort_timeout
                0x08012204       0xf0 zephyr/kernel/libkernel.a(timeout.c.obj)
                0x08012204                z_try_abort_timeout
 .text.z_timeout_inflight_superseded
                0x080122f4       0xc0 zephyr/kernel/libkernel.a(timeout.c.obj)
                0x080122f4                z_timeout_inflight_superseded
 .text.sys_clock_announce_locked
                0x080123b4      0x158 zephyr/kernel/libkernel.a(timeout.c.obj)
                0x080123b4                sys_clock_announce_locked
 .text.sys_clock_lock
                0x0801250c       0x5c zephyr/kernel/libkernel.a(timeout.c.obj)
                0x0801250c                sys_clock_lock
 .text.sys_clock_tick_get
                0x08012568       0xc4 zephyr/kernel/libkernel.a(timeout.c.obj)
                0x08012568                sys_clock_tick_get
 .text.z_timer_expiration_handler
                0x0801262c      0x250 zephyr/kernel/libkernel.a(timer.c.obj)
                0x0801262c                z_timer_expiration_handler
 .text.z_impl_k_timer_start
                0x0801287c       0xdc zephyr/kernel/libkernel.a(timer.c.obj)
                0x0801287c                z_impl_k_timer_start
 .text.z_impl_k_timer_stop
                0x08012958      0x188 zephyr/kernel/libkernel.a(timer.c.obj)
                0x08012958                z_impl_k_timer_stop
 .text.z_alloc_helper
                0x08012ae0      0x130 zephyr/kernel/libkernel.a(mempool.c.obj)
 .text.k_malloc
                0x08012c10       0x18 zephyr/kernel/libkernel.a(mempool.c.obj)
                0x08012c10                k_malloc
 .text.k_thread_system_pool_assign
                0x08012c28        0xc zephyr/kernel/libkernel.a(mempool.c.obj)
                0x08012c28                k_thread_system_pool_assign
 .text.statics_init
                0x08012c34       0x58 zephyr/kernel/libkernel.a(kheap.c.obj)
 .text.memset   0x08012c8c       0xb0 D:/Downloads/setup/zephyr-sdk-1.0.1/gnu/arm-zephyr-eabi/bin/../lib/gcc/arm-zephyr-eabi/14.3.0/../../../../arm-zephyr-eabi/lib/thumb/v7e-m/nofp\libc.a(memset.c.o)
                0x08012c8c                memset
 .text.strnlen  0x08012d3c       0x24 D:/Downloads/setup/zephyr-sdk-1.0.1/gnu/arm-zephyr-eabi/bin/../lib/gcc/arm-zephyr-eabi/14.3.0/../../../../arm-zephyr-eabi/lib/thumb/v7e-m/nofp\libc.a(libc_string_strnlen.c.o)
                0x08012d3c                strnlen
 .text.snprintf
                0x08012d60       0x68 D:/Downloads/setup/zephyr-sdk-1.0.1/gnu/arm-zephyr-eabi/bin/../lib/gcc/arm-zephyr-eabi/14.3.0/../../../../arm-zephyr-eabi/lib/thumb/v7e-m/nofp\libc.a(libc_tinystdio_snprintf.c.o)
                0x08012d60                snprintf
 .text.__ultoa_invert
                0x08012dc8       0xfc D:/Downloads/setup/zephyr-sdk-1.0.1/gnu/arm-zephyr-eabi/bin/../lib/gcc/arm-zephyr-eabi/14.3.0/../../../../arm-zephyr-eabi/lib/thumb/v7e-m/nofp\libc.a(libc_tinystdio_vflprintf.c.o)
 .text.__l_vfprintf
                0x08012ec4      0x9b4 D:/Downloads/setup/zephyr-sdk-1.0.1/gnu/arm-zephyr-eabi/bin/../lib/gcc/arm-zephyr-eabi/14.3.0/../../../../arm-zephyr-eabi/lib/thumb/v7e-m/nofp\libc.a(libc_tinystdio_vflprintf.c.o)
                0x08012ec4                __l_vfprintf
 .text.floorf   0x08013878       0x60 D:/Downloads/setup/zephyr-sdk-1.0.1/gnu/arm-zephyr-eabi/bin/../lib/gcc/arm-zephyr-eabi/14.3.0/../../../../arm-zephyr-eabi/lib/thumb/v7e-m/nofp\libc.a(libm_machine_arm_sf_floor.c.o)
                0x08013878                floorf
 .text.sqrt     0x080138d8      0x1a0 D:/Downloads/setup/zephyr-sdk-1.0.1/gnu/arm-zephyr-eabi/bin/../lib/gcc/arm-zephyr-eabi/14.3.0/../../../../arm-zephyr-eabi/lib/thumb/v7e-m/nofp\libc.a(libm_machine_arm_s_sqrt.c.o)
                0x080138d8                sqrtl
                0x080138d8                sqrt
 .text.isnan    0x08013a78       0x1c D:/Downloads/setup/zephyr-sdk-1.0.1/gnu/arm-zephyr-eabi/bin/../lib/gcc/arm-zephyr-eabi/14.3.0/../../../../arm-zephyr-eabi/lib/thumb/v7e-m/nofp\libc.a(libm_common_s_isnan.c.o)
                0x08013a78                isnan
                0x08013a78                isnanl
                0x08013a78                __isnand
                0x08013a78                __isnanl
 .text.__math_invalid
                0x08013a94       0x10 D:/Downloads/setup/zephyr-sdk-1.0.1/gnu/arm-zephyr-eabi/bin/../lib/gcc/arm-zephyr-eabi/14.3.0/../../../../arm-zephyr-eabi/lib/thumb/v7e-m/nofp\libc.a(libm_common_math_err_invalid.c.o)
                0x08013a94                __math_invalid
 .text.__file_str_put
                0x08013aa4       0x10 D:/Downloads/setup/zephyr-sdk-1.0.1/gnu/arm-zephyr-eabi/bin/../lib/gcc/arm-zephyr-eabi/14.3.0/../../../../arm-zephyr-eabi/lib/thumb/v7e-m/nofp\libc.a(libc_tinystdio_filestrput.c.o)
                0x08013aa4                __file_str_put
 .text._OffsetAbsSyms
                0x08013ab4        0x2 zephyr/CMakeFiles/offsets.dir/./arch/arm/core/offsets/offsets.c.obj
                0x08013ab4                _OffsetAbsSyms
 .text.s_task_100ms_high
                0x08013ab6        0xc app/libapp.a(main.c.obj)
 .text.s_task_1ms_low
                0x08013ac2        0xa app/libapp.a(main.c.obj)
 .text.s_has_data
                0x08013acc       0x22 app/libapp.a(menu.c.obj)
 .text.s_adjust_plus
                0x08013aee       0x6a app/libapp.a(menu.c.obj)
 .text.s_adjust_minus
                0x08013b58       0x6a app/libapp.a(menu.c.obj)
 .text.s_count_children
                0x08013bc2       0x12 app/libapp.a(menu.c.obj)
 .text.menu_reset_to_default
                0x08013bd4       0x26 app/libapp.a(menu.c.obj)
                0x08013bd4                menu_reset_to_default
 .text.s_data_to_ano
                0x08013bfa       0xde app/libapp.a(ano_true.c.obj)
 .text.s_frame_send
                0x08013cd8       0xe0 app/libapp.a(ano_true.c.obj)
 .text.s_send_cmd
                0x08013db8       0x1e app/libapp.a(ano_true.c.obj)
 .text.s_set_check_back
                0x08013dd6       0x1a app/libapp.a(ano_true.c.obj)
 .text.s_set_par
                0x08013df0       0x1a app/libapp.a(ano_true.c.obj)
 .text.s_get_send_check_back
                0x08013e0a       0x12 app/libapp.a(ano_true.c.obj)
 .text.s_get_cmd
                0x08013e1c       0x1e app/libapp.a(ano_true.c.obj)
 .text.s_get_par
                0x08013e3a       0x14 app/libapp.a(ano_true.c.obj)
 .text.s_set_wts
                0x08013e4e       0x12 app/libapp.a(ano_true.c.obj)
 .text.s_check_to_send
                0x08013e60       0x6e app/libapp.a(ano_true.c.obj)
 .text.s_ck_back_check
                0x08013ece       0x4e app/libapp.a(ano_true.c.obj)
 .text.s_set_send_id
                0x08013f1c       0x26 app/libapp.a(ano_true.c.obj)
 .text.s_clear_wait
                0x08013f42        0xa app/libapp.a(ano_true.c.obj)
 .text.s_ano_check_data
                0x08013f4c       0x42 app/libapp.a(ano_true.c.obj)
 .text.ano_set_check_back
                0x08013f8e       0x22 app/libapp.a(ano_base.c.obj)
                0x08013f8e                ano_set_check_back
 .text.ano_set_send_id
                0x08013fb0       0x26 app/libapp.a(ano_base.c.obj)
                0x08013fb0                ano_set_send_id
 .text.ano_get_check_back
                0x08013fd6       0x22 app/libapp.a(ano_base.c.obj)
                0x08013fd6                ano_get_check_back
 .text.ano_check_data
                0x08013ff8       0x22 app/libapp.a(ano_base.c.obj)
                0x08013ff8                ano_check_data
 .text.ano_clear_wait
                0x0801401a       0x22 app/libapp.a(ano_base.c.obj)
                0x0801401a                ano_clear_wait
 .text.uart_transmit
                0x0801403c       0x16 app/libapp.a(uart_base.c.obj)
                0x0801403c                uart_transmit
 .text.uart_receive_enable
                0x08014052       0x12 app/libapp.a(uart_base.c.obj)
                0x08014052                uart_receive_enable
 .text.s_uart_rx_enable_it
                0x08014064       0x16 app/libapp.a(uart_it.c.obj)
 .text.s_uart_transmit_it
                0x0801407a       0x4a app/libapp.a(uart_it.c.obj)
 .text.s_uart_isr
                0x080140c4       0x6e app/libapp.a(uart_it.c.obj)
 .text.my_ring_buf_init
                0x08014132       0x12 app/libapp.a(my_ring.c.obj)
 .text.my_ring_buf_get
                0x08014144        0xa app/libapp.a(my_ring.c.obj)
                0x08014144                my_ring_buf_get
 .text.my_ring_buf_put
                0x0801414e        0xa app/libapp.a(my_ring.c.obj)
                0x0801414e                my_ring_buf_put
 .text.kalman_get_angle
                0x08014158      0x202 app/libapp.a(euler.c.obj)
                0x08014158                kalman_get_angle
 .text.encoder_get_data
                0x0801435a       0x1e app/libapp.a(encode.c.obj)
                0x0801435a                encoder_get_data
 .text.gpio_pin_set_dt
                0x08014378       0x10 app/libapp.a(tb6612.c.obj)
 .text.gpio_pin_configure_dt
                0x08014388       0x16 app/libapp.a(tb6612.c.obj)
 .text.code_to_key
                0x0801439e       0x28 app/libapp.a(key.c.obj)
 .text.blinky_initialize
                0x080143c6        0x2 app/libapp.a(blinky.c.obj)
                0x080143c6                blinky_initialize
 .text.chunk_mem
                0x080143c8        0x8 zephyr/libzephyr.a(heap.c.obj)
 .text.split_chunks
                0x080143d0       0x40 zephyr/libzephyr.a(heap.c.obj)
 .text.free_list_add
                0x08014410       0x18 zephyr/libzephyr.a(heap.c.obj)
 .text.alloc_chunk
                0x08014428       0x8e zephyr/libzephyr.a(heap.c.obj)
 .text.sys_heap_alloc
                0x080144b6       0x66 zephyr/libzephyr.a(heap.c.obj)
                0x080144b6                sys_heap_alloc
 .text.sys_heap_noalign_alloc
                0x0801451c        0xa zephyr/libzephyr.a(heap.c.obj)
                0x0801451c                sys_heap_noalign_alloc
 .text.cbprintf_via_va_list
                0x08014526        0xe zephyr/libzephyr.a(cbprintf_packaged.c.obj)
 .text.is_fmt_spec
                0x08014534        0xe zephyr/libzephyr.a(cbprintf_packaged.c.obj)
 .text.cbpprintf_external
                0x08014542       0x60 zephyr/libzephyr.a(cbprintf_packaged.c.obj)
                0x08014542                cbpprintf_external
 .text.is_ptr   0x080145a2       0x4e zephyr/libzephyr.a(cbprintf_packaged.c.obj)
                0x080145a2                is_ptr
 .text.arch_printk_char_out
                0x080145f0        0x4 zephyr/libzephyr.a(printk.c.obj)
                0x080145f0                arch_printk_char_out
 .text.vprintk  0x080145f4        0x8 zephyr/libzephyr.a(printk.c.obj)
                0x080145f4                vprintk
 .text.printk   0x080145fc       0x1c zephyr/libzephyr.a(printk.c.obj)
                0x080145fc                printk
 .text.assert_post_action
                0x08014618       0x12 zephyr/libzephyr.a(assert.c.obj)
                0x08014618                assert_post_action
 .text.assert_print
                0x0801462a       0x1c zephyr/libzephyr.a(assert.c.obj)
                0x0801462a                assert_print
 .text.free_space
                0x08014646       0x28 zephyr/libzephyr.a(mpsc_pbuf.c.obj)
 .text.available
                0x0801466e       0x24 zephyr/libzephyr.a(mpsc_pbuf.c.obj)
 .text.get_usage
                0x08014692       0x24 zephyr/libzephyr.a(mpsc_pbuf.c.obj)
 .text.max_utilization_update
                0x080146b6       0x1e zephyr/libzephyr.a(mpsc_pbuf.c.obj)
 .text.rd_idx_inc
                0x080146d4       0x26 zephyr/libzephyr.a(mpsc_pbuf.c.obj)
 .text.add_skip_item
                0x080146fa       0x66 zephyr/libzephyr.a(mpsc_pbuf.c.obj)
 .text.drop_item_locked
                0x08014760      0x12e zephyr/libzephyr.a(mpsc_pbuf.c.obj)
 .text.post_drop_action
                0x0801488e       0x62 zephyr/libzephyr.a(mpsc_pbuf.c.obj)
 .text.ring_buf_area_claim
                0x080148f0       0x42 zephyr/libzephyr.a(ring_buffer.c.obj)
                0x080148f0                ring_buf_area_claim
 .text.ring_buf_put_claim
                0x08014932       0x26 zephyr/libzephyr.a(ring_buffer.c.obj)
 .text.ring_buf_get_claim
                0x08014958       0x24 zephyr/libzephyr.a(ring_buffer.c.obj)
 .text.ring_buf_area_finish
                0x0801497c       0x40 zephyr/libzephyr.a(ring_buffer.c.obj)
                0x0801497c                ring_buf_area_finish
 .text._ConfigAbsSyms
                0x080149bc        0x2 zephyr/libzephyr.a(configs.c.obj)
                0x080149bc                _ConfigAbsSyms
 .text.pm_device_driver_init
                0x080149be       0x24 zephyr/libzephyr.a(gpioport_mgr.c.obj)
 .text.LL_GPIO_SetAFPin_0_7
                0x080149e2       0x3a zephyr/libzephyr.a(gpioport_mgr.c.obj)
 .text.LL_GPIO_SetAFPin_8_15
                0x08014a1c       0x3c zephyr/libzephyr.a(gpioport_mgr.c.obj)
 .text.LL_GPIO_SetPinSpeed
                0x08014a58       0x3a zephyr/libzephyr.a(gpioport_mgr.c.obj)
 .text.LL_GPIO_SetPinPull
                0x08014a92       0x3a zephyr/libzephyr.a(gpioport_mgr.c.obj)
 .text.ll_gpio_set_pin_pull
                0x08014acc        0x8 zephyr/libzephyr.a(gpioport_mgr.c.obj)
 .text.LL_GPIO_SetPinMode
                0x08014ad4       0x3a zephyr/libzephyr.a(gpioport_mgr.c.obj)
 .text.stm32_gpioport_configure_pin
                0x08014b0e       0x96 zephyr/libzephyr.a(gpioport_mgr.c.obj)
                0x08014b0e                stm32_gpioport_configure_pin
 .text.log_msg_generic_get_wlen
                0x08014ba4       0x20 zephyr/libzephyr.a(log_core.c.obj)
 .text.dummy_timestamp
                0x08014bc4        0x4 zephyr/libzephyr.a(log_core.c.obj)
 .text.msg_filter_check
                0x08014bc8        0x4 zephyr/libzephyr.a(log_core.c.obj)
 .text.default_lf_get_timestamp
                0x08014bcc        0xe zephyr/libzephyr.a(log_core.c.obj)
 .text.msg_alloc
                0x08014bda        0xc zephyr/libzephyr.a(log_core.c.obj)
 .text.msg_free
                0x08014be6        0x8 zephyr/libzephyr.a(log_core.c.obj)
 .text.msg_pending
                0x08014bee        0x8 zephyr/libzephyr.a(log_core.c.obj)
 .text.z_log_vprintk
                0x08014bf6       0x1e zephyr/libzephyr.a(log_core.c.obj)
                0x08014bf6                z_log_vprintk
 .text.z_log_notify_drop
                0x08014c14        0xa zephyr/libzephyr.a(log_core.c.obj)
 .text.z_log_msg_claim