Archive member included to satisfy reference by file (symbol)

app/libapp.a(main.c.obj)      (--whole-archive)
app/libapp.a(menu_input.c.obj)
                              (--whole-archive)
app/libapp.a(menu.c.obj)      (--whole-archive)
app/libapp.a(OLED_Menu.c.obj)
                              (--whole-archive)
app/libapp.a(font.c.obj)      (--whole-archive)
app/libapp.a(ano_true.c.obj)  (--whole-archive)
app/libapp.a(ano_base.c.obj)  (--whole-archive)
app/libapp.a(ano_board_init.c.obj)
                              (--whole-archive)
app/libapp.a(ano_device_com.c.obj)
                              (--whole-archive)
app/libapp.a(uart_base.c.obj)
                              (--whole-archive)
app/libapp.a(uart_it.c.obj)   (--whole-archive)
app/libapp.a(uart_dma.c.obj)  (--whole-archive)
app/libapp.a(uart_board_init.c.obj)
                              (--whole-archive)
app/libapp.a(my_ring.c.obj)   (--whole-archive)
app/libapp.a(mpu6050.c.obj)   (--whole-archive)
app/libapp.a(euler.c.obj)     (--whole-archive)
app/libapp.a(value_to_str.c.obj)
                              (--whole-archive)
app/libapp.a(encode.c.obj)    (--whole-archive)
app/libapp.a(tb6612.c.obj)    (--whole-archive)
app/libapp.a(key.c.obj)       (--whole-archive)
app/libapp.a(blinky.c.obj)    (--whole-archive)
app/libapp.a(rtmodel.c.obj)   (--whole-archive)
app/libapp.a(blinky_data.c.obj)
                              (--whole-archive)
app/libapp.a(debug.c.obj)     (--whole-archive)
zephyr/libzephyr.a(validate_libc.c.obj)
                              (--whole-archive)
zephyr/libzephyr.a(heap.c.obj)
                              (--whole-archive)
zephyr/libzephyr.a(boot_banner.c.obj)
                              (--whole-archive)
zephyr/libzephyr.a(cbprintf_packaged.c.obj)
                              (--whole-archive)
zephyr/libzephyr.a(clock.c.obj)
                              (--whole-archive)
zephyr/libzephyr.a(printk.c.obj)
                              (--whole-archive)
zephyr/libzephyr.a(cbprintf_complete.c.obj)
                              (--whole-archive)
zephyr/libzephyr.a(assert.c.obj)
                              (--whole-archive)
zephyr/libzephyr.a(mpsc_pbuf.c.obj)
                              (--whole-archive)
zephyr/libzephyr.a(dec.c.obj)
                              (--whole-archive)
zephyr/libzephyr.a(hex.c.obj)
                              (--whole-archive)
zephyr/libzephyr.a(rb.c.obj)  (--whole-archive)
zephyr/libzephyr.a(set.c.obj)
                              (--whole-archive)
zephyr/libzephyr.a(timeutil.c.obj)
                              (--whole-archive)
zephyr/libzephyr.a(bitarray.c.obj)
                              (--whole-archive)
zephyr/libzephyr.a(bitmask.c.obj)
                              (--whole-archive)
zephyr/libzephyr.a(getopt.c.obj)
                              (--whole-archive)
zephyr/libzephyr.a(getopt_common.c.obj)
                              (--whole-archive)
zephyr/libzephyr.a(ring_buffer.c.obj)
                              (--whole-archive)
zephyr/libzephyr.a(last_section_id.c.obj)
                              (--whole-archive)
zephyr/libzephyr.a(configs.c.obj)
                              (--whole-archive)
zephyr/libzephyr.a(stm32cube_hal.c.obj)
                              (--whole-archive)
zephyr/libzephyr.a(soc_config.c.obj)
                              (--whole-archive)
zephyr/libzephyr.a(gpioport_mgr.c.obj)
                              (--whole-archive)
zephyr/libzephyr.a(stm32_backup_domain.c.obj)
                              (--whole-archive)
zephyr/libzephyr.a(soc.c.obj)
                              (--whole-archive)
zephyr/libzephyr.a(log_core.c.obj)
                              (--whole-archive)
zephyr/libzephyr.a(log_mgmt.c.obj)
                              (--whole-archive)
zephyr/libzephyr.a(log_cache.c.obj)
                              (--whole-archive)
zephyr/libzephyr.a(log_msg.c.obj)
                              (--whole-archive)
zephyr/libzephyr.a(log_output.c.obj)
                              (--whole-archive)
zephyr/libzephyr.a(log_backend_uart.c.obj)
                              (--whole-archive)
zephyr/libzephyr.a(mem_attr.c.obj)
                              (--whole-archive)
zephyr/libzephyr.a(tracing_none.c.obj)
                              (--whole-archive)
zephyr/libzephyr.a(cfb.c.obj)
                              (--whole-archive)
zephyr/libzephyr.a(sem.c.obj)
                              (--whole-archive)
zephyr/libzephyr.a(thread_entry.c.obj)
                              (--whole-archive)
zephyr/arch/common/libarch__common.a(sw_isr_common.c.obj)
                              (--whole-archive)
zephyr/arch/common/libarch__common.a(init.c.obj)
                              (--whole-archive)
zephyr/arch/common/libarch__common.a(xip.c.obj)
                              (--whole-archive)
zephyr/arch/common/libarch__common.a(instr_mem.c.obj)
                              (--whole-archive)
[...]
Memory Configuration

Name             Origin             Length             Attributes
FLASH            0x08000000         0x00080000         xr
RAM              0x20000000         0x00020000         xw
SRAM0            0x20000000         0x00020000         rw
DTCM             0x10000000         0x00010000         rw
IDT_LIST         0xffff7fff         0x00008000         xw
*default*        0x00000000         0xffffffff

Linker script and memory map

                0x08014498                        vfprintf = __l_vfprintf
                0x00000000                        vfscanf = __l_vfscanf
LOAD zephyr/CMakeFiles/zephyr_pre0.dir/misc/empty_file.c.obj
LOAD zephyr/CMakeFiles/offsets.dir/./arch/arm/core/offsets/offsets.c.obj
LOAD app/libapp.a
LOAD zephyr/libzephyr.a
LOAD zephyr/arch/common/libarch__common.a
LOAD zephyr/arch/arch/arm/core/libarch__arm__core.a
LOAD zephyr/arch/arch/arm/core/cortex_m/libarch__arm__core__cortex_m.a
LOAD zephyr/arch/arch/arm/core/mpu/libarch__arm__core__mpu.a
LOAD zephyr/lib/libc/picolibc/liblib__libc__picolibc.a
LOAD zephyr/lib/libc/common/liblib__libc__common.a
LOAD zephyr/subsys/portability/posix/c_lib_ext/libsubsys__portability__posix__c_lib_ext.a
LOAD zephyr/subsys/input/libsubsys__input.a
LOAD zephyr/drivers/interrupt_controller/libdrivers__interrupt_controller.a
LOAD zephyr/drivers/clock_control/libdrivers__clock_control.a
LOAD zephyr/drivers/console/libdrivers__console.a
LOAD zephyr/drivers/counter/libdrivers__counter.a
LOAD zephyr/drivers/display/libdrivers__display.a
LOAD zephyr/drivers/dma/libdrivers__dma.a
LOAD zephyr/drivers/gpio/libdrivers__gpio.a
LOAD zephyr/drivers/i2c/libdrivers__i2c.a
LOAD zephyr/drivers/input/libdrivers__input.a
LOAD zephyr/drivers/pinctrl/libdrivers__pinctrl.a
LOAD zephyr/drivers/pwm/libdrivers__pwm.a
LOAD zephyr/drivers/reset/libdrivers__reset.a
LOAD zephyr/drivers/sensor/st/qdec_stm32/libdrivers__sensor__st__qdec_stm32.a
LOAD zephyr/drivers/sensor/tdk/mpu6050/libdrivers__sensor__tdk__mpu6050.a
LOAD zephyr/drivers/serial/libdrivers__serial.a
LOAD zephyr/drivers/timer/libdrivers__timer.a
LOAD modules/hal_stm32/stm32cube/lib..__modules__hal__stm32__stm32cube.a
LOAD zephyr/kernel/libkernel.a
LOAD zephyr/arch/common/libisr_tables.a
LOAD D:/Downloads/setup/zephyr-sdk-1.0.1/gnu/arm-zephyr-eabi/bin/../lib/gcc/arm-zephyr-eabi/14.3.0/../../../../arm-zephyr-eabi/lib/thumb/v7e-m/nofp\libc.a
LOAD D:/Downloads/setup/zephyr-sdk-1.0.1/gnu/arm-zephyr-eabi/bin/../lib/gcc/arm-zephyr-eabi/14.3.0/thumb/v7e-m/nofp\libgcc.a
                0x00000020                        _region_min_align = 0x20

.rel.plt        0x08000000        0x0
 *(SORT_BY_ALIGNMENT(.rel.plt))
                [!provide]                        PROVIDE (__rel_iplt_start = .)
 *(SORT_BY_ALIGNMENT(.rel.iplt))
 .rel.iplt      0x08000000        0x0 app/libapp.a(main.c.obj)
                [!provide]                        PROVIDE (__rel_iplt_end = .)

.rela.plt       0x00000000        0x0
 *(SORT_BY_ALIGNMENT(.rela.plt))
                [!provide]                        PROVIDE (__rela_iplt_start = .)
 *(SORT_BY_ALIGNMENT(.rela.iplt))
                [!provide]                        PROVIDE (__rela_iplt_end = .)

.rel.dyn
 *(SORT_BY_ALIGNMENT(.rel.*))

.rela.dyn
 *(SORT_BY_ALIGNMENT(.rela.*))

/DISCARD/
 *(SORT_BY_ALIGNMENT(.plt))

/DISCARD/
 *(SORT_BY_ALIGNMENT(.iplt))
                0x08000000                        __rom_region_start = 0x8000000

rom_start       0x08000000      0x10c
                0x08000000                        __rom_start_address = .
 FILL mask 0x00
                0x08000000                        . = (. + (0x0 - (. - __rom_start_address)))
                0x08000000                        . = ALIGN (0x4)
                0x08000000                        . = ALIGN (0x80)
                0x08000000                        . = ALIGN (0x200)
                0x08000000                        _vector_start = .
 *(SORT_BY_ALIGNMENT(.exc_vector_table))
 *(SORT_BY_ALIGNMENT(.exc_vector_table.*))
 .exc_vector_table._vector_table_section
                0x08000000       0x40 zephyr/arch/arch/arm/core/cortex_m/libarch__arm__core__cortex_m.a(vector_table.S.obj)
                0x08000000                _vector_table
 *(SORT_BY_ALIGNMENT(.vectors))
                0x0800010c                        _vector_end = .
                0x08000040                        . = ALIGN (0x4)
 *(SORT_BY_ALIGNMENT(.gnu.linkonce.irq_vector_table*))
 .gnu.linkonce.irq_vector_table
                0x08000040       0xcc zephyr/arch/common/libisr_tables.a(isr_tables.c.obj)
                0x08000040                _irq_vector_table
                0x0800010c                        _vector_end = .

text            0x08000140    0x192c4
                0x08000140                        __text_region_start = .
 *(SORT_BY_ALIGNMENT(.text))
 .text          0x08000140       0xd8 D:/Downloads/setup/zephyr-sdk-1.0.1/gnu/arm-zephyr-eabi/bin/../lib/gcc/arm-zephyr-eabi/14.3.0/../../../../arm-zephyr-eabi/lib/thumb/v7e-m/nofp\libc.a(strlen.S.o)
                0x08000140                strlen
 .text          0x08000218      0x134 D:/Downloads/setup/zephyr-sdk-1.0.1/gnu/arm-zephyr-eabi/bin/../lib/gcc/arm-zephyr-eabi/14.3.0/../../../../arm-zephyr-eabi/lib/thumb/v7e-m/nofp\libc.a(memcpy.S.o)
                0x08000218                __aeabi_memcpy
                0x08000218                __aeabi_memcpy4
                0x08000218                __aeabi_memcpy8
                0x08000218                memcpy
 .text          0x0800034c      0x378 D:/Downloads/setup/zephyr-sdk-1.0.1/gnu/arm-zephyr-eabi/bin/../lib/gcc/arm-zephyr-eabi/14.3.0/thumb/v7e-m/nofp\libgcc.a(_arm_addsubdf3.o)
                0x0800034c                __aeabi_drsub
                0x08000354                __aeabi_dsub
                0x08000354                __subdf3
                0x08000358                __aeabi_dadd
                0x08000358                __adddf3
                0x080005d0                __floatunsidf
                0x080005d0                __aeabi_ui2d
                0x080005f0                __floatsidf
                0x080005f0                __aeabi_i2d
                0x08000614                __aeabi_f2d
                0x08000614                __extendsfdf2
                0x08000658                __floatundidf
                0x08000658                __aeabi_ul2d
                0x08000668                __floatdidf
                0x08000668                __aeabi_l2d
 .text          0x080006c4      0x424 D:/Downloads/setup/zephyr-sdk-1.0.1/gnu/arm-zephyr-eabi/bin/../lib/gcc/arm-zephyr-eabi/14.3.0/thumb/v7e-m/nofp\libgcc.a(_arm_muldivdf3.o)
                0x080006c4                __aeabi_dmul
                0x080006c4                __muldf3
                0x08000918                __divdf3
                0x08000918                __aeabi_ddiv
 .text          0x08000ae8       0xa0 D:/Downloads/setup/zephyr-sdk-1.0.1/gnu/arm-zephyr-eabi/bin/../lib/gcc/arm-zephyr-eabi/14.3.0/thumb/v7e-m/nofp\libgcc.a(_arm_truncdfsf2.o)
                0x08000ae8                __truncdfsf2
                0x08000ae8                __aeabi_d2f
 .text          0x08000b88      0x21c D:/Downloads/setup/zephyr-sdk-1.0.1/gnu/arm-zephyr-eabi/bin/../lib/gcc/arm-zephyr-eabi/14.3.0/thumb/v7e-m/nofp\libgcc.a(_arm_addsubsf3.o)
                0x08000b88                __aeabi_frsub
                0x08000b90                __subsf3
                0x08000b90                __aeabi_fsub
                0x08000b94                __aeabi_fadd
                0x08000b94                __addsf3
                0x08000cf4                __aeabi_ui2f
                0x08000cf4                __floatunsisf
                0x08000cfc                __aeabi_i2f
                0x08000cfc                __floatsisf
                0x08000d18                __aeabi_ul2f
                0x08000d18                __floatundisf
                0x08000d28                __aeabi_l2f
                0x08000d28                __floatdisf
 .text          0x08000da4      0x2a0 D:/Downloads/setup/zephyr-sdk-1.0.1/gnu/arm-zephyr-eabi/bin/../lib/gcc/arm-zephyr-eabi/14.3.0/thumb/v7e-m/nofp\libgcc.a(_arm_muldivsf3.o)
                0x08000da4                __mulsf3
                0x08000da4                __aeabi_fmul
                0x08000f0c                __aeabi_fdiv
                0x08000f0c                __divsf3
 .text          0x08001044       0xec D:/Downloads/setup/zephyr-sdk-1.0.1/gnu/arm-zephyr-eabi/bin/../lib/gcc/arm-zephyr-eabi/14.3.0/thumb/v7e-m/nofp\libgcc.a(_arm_cmpsf2.o)
                0x08001044                __gesf2
                0x08001044                __gtsf2
                0x0800104c                __lesf2
                0x0800104c                __ltsf2
                0x08001054                __nesf2
                0x08001054                __eqsf2
                0x08001054                __cmpsf2
                0x080010b4                __aeabi_cfrcmple
                0x080010bc                __aeabi_cfcmpeq
                0x080010bc                __aeabi_cfcmple
                0x080010cc                __aeabi_fcmpeq
                0x080010e0                __aeabi_fcmplt
                0x080010f4                __aeabi_fcmple
                0x08001108                __aeabi_fcmpge
                0x0800111c                __aeabi_fcmpgt
 .text          0x08001130       0x4c D:/Downloads/setup/zephyr-sdk-1.0.1/gnu/arm-zephyr-eabi/bin/../lib/gcc/arm-zephyr-eabi/14.3.0/thumb/v7e-m/nofp\libgcc.a(_arm_fixsfsi.o)
                0x08001130                __aeabi_f2iz
                0x08001130                __fixsfsi
 .text          0x0800117c       0x40 D:/Downloads/setup/zephyr-sdk-1.0.1/gnu/arm-zephyr-eabi/bin/../lib/gcc/arm-zephyr-eabi/14.3.0/thumb/v7e-m/nofp\libgcc.a(_arm_fixunssfsi.o)
                0x0800117c                __fixunssfsi
                0x0800117c                __aeabi_f2uiz
 .text          0x080011bc       0xa0 D:/Downloads/setup/zephyr-sdk-1.0.1/gnu/arm-zephyr-eabi/bin/../lib/gcc/arm-zephyr-eabi/14.3.0/thumb/v7e-m/nofp\libgcc.a(_aeabi_ldivmod.o)
                0x080011bc                __aeabi_ldivmod
 .text          0x0800125c       0x30 D:/Downloads/setup/zephyr-sdk-1.0.1/gnu/arm-zephyr-eabi/bin/../lib/gcc/arm-zephyr-eabi/14.3.0/thumb/v7e-m/nofp\libgcc.a(_aeabi_uldivmod.o)
                0x0800125c                __aeabi_uldivmod
 .text          0x0800128c        0x4 D:/Downloads/setup/zephyr-sdk-1.0.1/gnu/arm-zephyr-eabi/bin/../lib/gcc/arm-zephyr-eabi/14.3.0/thumb/v7e-m/nofp\libgcc.a(_dvmd_tls.o)
                0x0800128c                __aeabi_idiv0
                0x0800128c                __aeabi_ldiv0
 .text          0x08001290      0x2bc D:/Downloads/setup/zephyr-sdk-1.0.1/gnu/arm-zephyr-eabi/bin/../lib/gcc/arm-zephyr-eabi/14.3.0/thumb/v7e-m/nofp\libgcc.a(_udivmoddi4.o)
                0x08001290                __udivmoddi4
 *(SORT_BY_ALIGNMENT(.text.*))
 *fill*         0x0800154c        0x4 
 .text.mpu6050_get_accel
                0x08001550       0xac app/libapp.a(mpu6050.c.obj)
                0x08001550                mpu6050_get_accel
 *fill*         0x080015fc        0x4 
 .text.mpu6050_get_gyro
                0x08001600      0x10c app/libapp.a(mpu6050.c.obj)
                0x08001600                mpu6050_get_gyro
 *fill*         0x0800170c        0x4 
 .text.pwm_set  0x08001710       0x9c app/libapp.a(tb6612.c.obj)
 .text.my_1ms_isr
                0x080017ac       0x10 app/libapp.a(main.c.obj)
 .text.z_impl_counter_get_frequency
                0x080017bc       0x88 app/libapp.a(main.c.obj)
 .text.z_impl_counter_us_to_ticks
                0x08001844       0x88 app/libapp.a(main.c.obj)
 .text.z_impl_counter_start
                0x080018cc       0x80 app/libapp.a(main.c.obj)
 .text.z_impl_counter_set_top_value
                0x0800194c       0x94 app/libapp.a(main.c.obj)
 .text.tim5_1ms_init
                0x080019e0       0xac app/libapp.a(main.c.obj)
                0x080019e0                tim5_1ms_init
 .text.s_task_1ms_high
                0x08001a8c       0x48 app/libapp.a(main.c.obj)
 .text.s_task_5ms_low
                0x08001ad4       0xfc app/libapp.a(main.c.obj)
 .text.s_task_10ms_high
                0x08001bd0       0x44 app/libapp.a(main.c.obj)
 .text.s_task_5ms_high
                0x08001c14       0x60 app/libapp.a(main.c.obj)
 .text.main     0x08001c74      0x118 app/libapp.a(main.c.obj)
                0x08001c74                main
 .text.menu_input_callback
                0x08001d8c       0x84 app/libapp.a(menu_input.c.obj)
                0x08001d8c                menu_input_callback
 .text.menu_input_sub_init
                0x08001e10       0x10 app/libapp.a(menu_input.c.obj)
 .text.menu_input_register_handler
                0x08001e20        0xc app/libapp.a(menu_input.c.obj)
                0x08001e20                menu_input_register_handler
 .text.s_get_step
                0x08001e2c       0x28 app/libapp.a(menu.c.obj)
 .text.menu_init_v
                0x08001e54       0x24 app/libapp.a(menu.c.obj)
                0x08001e54                menu_init_v
 .text.s_cfb_char
                0x08001e78       0x24 app/libapp.a(menu.c.obj)
 .text.s_menu_folder_draw
                0x08001e9c      0x100 app/libapp.a(menu.c.obj)
 .text.format_fixed
                0x08001f9c       0xb4 app/libapp.a(menu.c.obj)
 .text.s_format_value
                0x08002050       0x6c app/libapp.a(menu.c.obj)
 .text.menu_create_item
                0x080020bc       0x5c app/libapp.a(menu.c.obj)
                0x080020bc                menu_create_item
 .text.s_menu_action_handler
                0x08002118      0x1dc app/libapp.a(menu.c.obj)
 .text.menu_request_refresh
                0x080022f4       0x1c app/libapp.a(menu.c.obj)
                0x080022f4                menu_request_refresh
 .text.menu_task_v
                0x08002310      0x120 app/libapp.a(menu.c.obj)
                0x08002310                menu_task_v
 .text.s_build_menu_tree
                0x08002430       0xe0 app/libapp.a(OLED_Menu.c.obj)
 .text.s_draw_speed_a
                0x08002510       0x5c app/libapp.a(OLED_Menu.c.obj)
 .text.s_draw_encoder
                0x0800256c       0xc4 app/libapp.a(OLED_Menu.c.obj)
 .text.s_draw_euler
                0x08002630       0x84 app/libapp.a(OLED_Menu.c.obj)
 .text.s_draw_mpu6050
                0x080026b4      0x168 app/libapp.a(OLED_Menu.c.obj)
 .text.ano_device_init_noraml
                0x0800281c       0x3c app/libapp.a(ano_true.c.obj)
                0x0800281c                ano_device_init_noraml
 .text.ano_board_init
                0x08002858       0x2c app/libapp.a(ano_board_init.c.obj)
                0x08002858                ano_board_init
 .text.s_ano_device_com_init
                0x08002884       0x20 app/libapp.a(ano_device_com.c.obj)
 .text.z_impl_gpio_port_toggle_bits
                0x080028a4       0x84 app/libapp.a(ano_device_com.c.obj)
 .text.z_impl_gpio_pin_toggle
                0x08002928       0x48 app/libapp.a(ano_device_com.c.obj)
 .text.com_receive_anl
                0x08002970       0xd8 app/libapp.a(ano_device_com.c.obj)
                0x08002970                com_receive_anl
 .text.com_add_send_data
                0x08002a48       0x50 app/libapp.a(ano_device_com.c.obj)
                0x08002a48                com_add_send_data
 .text.com_send_buffer
                0x08002a98       0x14 app/libapp.a(ano_device_com.c.obj)
                0x08002a98                com_send_buffer
 .text.z_impl_uart_irq_rx_enable
                0x08002aac       0x80 app/libapp.a(uart_it.c.obj)
 .text.z_impl_uart_irq_tx_enable
                0x08002b2c       0x80 app/libapp.a(uart_it.c.obj)
 .text.uart_irq_update
                0x08002bac       0x80 app/libapp.a(uart_it.c.obj)
 .text.uart_irq_tx_ready
                0x08002c2c       0x88 app/libapp.a(uart_it.c.obj)
 .text.uart_fifo_fill
                0x08002cb4       0x84 app/libapp.a(uart_it.c.obj)
 .text.z_impl_uart_irq_tx_disable
                0x08002d38       0x80 app/libapp.a(uart_it.c.obj)
 .text.uart_irq_rx_ready
                0x08002db8       0x88 app/libapp.a(uart_it.c.obj)
 .text.uart_fifo_read
                0x08002e40       0x8c app/libapp.a(uart_it.c.obj)
 .text.uart_irq_callback_user_data_set
                0x08002ecc       0x98 app/libapp.a(uart_it.c.obj)
 .text.uart_it_init_rt
                0x08002f64       0x28 app/libapp.a(uart_it.c.obj)
                0x08002f64                uart_it_init_rt
 .text.uart_board_init
                0x08002f8c       0x84 app/libapp.a(uart_board_init.c.obj)
                0x08002f8c                uart_board_init
 .text.ring_buf_init
                0x08003010       0x48 app/libapp.a(my_ring.c.obj)
 .text.my_ring_buf_board_init
                0x08003058       0x98 app/libapp.a(my_ring.c.obj)
                0x08003058                my_ring_buf_board_init
 .text.s_mpu6050_init
                0x080030f0       0x20 app/libapp.a(mpu6050.c.obj)
 .text.z_impl_sensor_sample_fetch
                0x08003110       0x80 app/libapp.a(mpu6050.c.obj)
 .text.z_impl_sensor_channel_get
                0x08003190       0x84 app/libapp.a(mpu6050.c.obj)
 .text.mpu6050_sample
                0x08003214       0x1c app/libapp.a(mpu6050.c.obj)
                0x08003214                mpu6050_sample
 .text.euler_update
                0x08003230       0x6c app/libapp.a(euler.c.obj)
                0x08003230                euler_update
 .text.float_to_str
                0x0800329c      0x134 app/libapp.a(value_to_str.c.obj)
                0x0800329c                float_to_str
 .text.str_to_float
                0x080033d0      0x134 app/libapp.a(value_to_str.c.obj)
                0x080033d0                str_to_float
 .text.z_impl_sensor_sample_fetch
                0x08003504       0x80 app/libapp.a(encode.c.obj)
 .text.z_impl_sensor_channel_get
                0x08003584       0x84 app/libapp.a(encode.c.obj)
 .text.encoder_init
                0x08003608      0x180 app/libapp.a(encode.c.obj)
 .text.encoder_board_init
                0x08003788       0x48 app/libapp.a(encode.c.obj)
 .text.encoder_read
                0x080037d0      0x21c app/libapp.a(encode.c.obj)
                0x080037d0                encoder_read
 .text.encoder_update_all
                0x080039ec       0x28 app/libapp.a(encode.c.obj)
                0x080039ec                encoder_update_all
 .text.motor_key_sub_init
                0x08003a14       0x10 app/libapp.a(tb6612.c.obj)
 .text.z_impl_gpio_port_set_bits_raw
                0x08003a24       0x84 app/libapp.a(tb6612.c.obj)
 .text.z_impl_gpio_port_clear_bits_raw
                0x08003aa8       0x84 app/libapp.a(tb6612.c.obj)
 .text.z_impl_gpio_pin_set_raw
                0x08003b2c       0x50 app/libapp.a(tb6612.c.obj)
 .text.z_impl_gpio_pin_set
                0x08003b7c       0x54 app/libapp.a(tb6612.c.obj)
 .text.motor_key_callback
                0x08003bd0       0x2c app/libapp.a(tb6612.c.obj)
 .text.z_impl_gpio_pin_configure
                0x08003bfc      0x21c app/libapp.a(tb6612.c.obj)
 .text.z_impl_pwm_get_cycles_per_sec
                0x08003e18       0x84 app/libapp.a(tb6612.c.obj)
 .text.z_impl_pwm_set_cycles
                0x08003e9c       0x94 app/libapp.a(tb6612.c.obj)
 .text.tb6612_init
                0x08003f30      0x1e4 app/libapp.a(tb6612.c.obj)
 .text.tb6612_board_init
                0x08004114       0x64 app/libapp.a(tb6612.c.obj)
                0x08004114                tb6612_board_init
 .text.motor_set
                0x08004178       0xa0 app/libapp.a(tb6612.c.obj)
                0x08004178                motor_set
 .text.emit_event
                0x08004218       0x24 app/libapp.a(key.c.obj)
 .text.double_click_timeout
                0x0800423c       0x34 app/libapp.a(key.c.obj)
 .text.raw_input_cb
                0x08004270       0xf0 app/libapp.a(key.c.obj)
 .text.repeat_timeout
                0x08004360       0x54 app/libapp.a(key.c.obj)
 .text.long_press_timeout
                0x080043b4       0x68 app/libapp.a(key.c.obj)
 .text.key_event_init
                0x0800441c       0x6c app/libapp.a(key.c.obj)
 .text.key_event_subscribe
                0x08004488       0x10 app/libapp.a(key.c.obj)
                0x08004488                key_event_subscribe
 .text.rt_hypotf
                0x08004498       0x70 app/libapp.a(blinky.c.obj)
                0x08004498                rt_hypotf
 .text.qrFactor
                0x08004508      0x5bc app/libapp.a(blinky.c.obj)
 .text.blinky_step1
                0x08004ac4      0x844 app/libapp.a(blinky.c.obj)
                0x08004ac4                blinky_step1
 .text.blinky_step2
                0x08005308      0x158 app/libapp.a(blinky.c.obj)
                0x08005308                blinky_step2
 .text.blinky_step3
                0x08005460       0xb8 app/libapp.a(blinky.c.obj)
                0x08005460                blinky_step3
 .text.blinky_initialize
                0x08005518       0x2c app/libapp.a(blinky.c.obj)
                0x08005518                blinky_initialize
 .text.z_impl_gpio_port_set_bits_raw
                0x08005544       0x84 app/libapp.a(debug.c.obj)
 .text.z_impl_gpio_port_clear_bits_raw
                0x080055c8       0x84 app/libapp.a(debug.c.obj)
 .text.z_impl_gpio_pin_set_raw
                0x0800564c       0x50 app/libapp.a(debug.c.obj)
 .text.z_impl_gpio_pin_set
                0x0800569c       0x54 app/libapp.a(debug.c.obj)
 .text.dispatch_line
                0x080056f0      0x1a4 app/libapp.a(debug.c.obj)
 .text.debug_par_check
                0x08005894       0x58 app/libapp.a(debug.c.obj)
                0x08005894                debug_par_check
 .text.free_chunk_check
                0x080058ec       0x58 zephyr/libzephyr.a(heap.c.obj)
 .text.free_list_remove_bidx
                0x08005944       0x80 zephyr/libzephyr.a(heap.c.obj)
 .text.free_list_add_bidx
                0x080059c4       0x84 zephyr/libzephyr.a(heap.c.obj)
 .text.sys_heap_init
                0x08005a48      0x144 zephyr/libzephyr.a(heap.c.obj)
                0x08005a48                sys_heap_init
 .text.boot_banner
                0x08005b8c       0x10 zephyr/libzephyr.a(boot_banner.c.obj)
 .text.linker_is_in_rodata
                0x08005b9c       0x58 zephyr/libzephyr.a(cbprintf_packaged.c.obj)
 .text.append_string
                0x08005bf4       0x38 zephyr/libzephyr.a(cbprintf_packaged.c.obj)
 .text.get_package_len
                0x08005c2c       0x50 zephyr/libzephyr.a(cbprintf_packaged.c.obj)
 .text.cbvprintf_package
                0x08005c7c      0x518 zephyr/libzephyr.a(cbprintf_packaged.c.obj)
                0x08005c7c                cbvprintf_package
 .text.cbprintf_package_convert
                0x08006194      0x5a8 zephyr/libzephyr.a(cbprintf_packaged.c.obj)
                0x08006194                cbprintf_package_convert
 .text.__printk_hook_install
                0x0800673c        0xc zephyr/libzephyr.a(printk.c.obj)
                0x0800673c                __printk_hook_install
 .text.mpsc_pbuf_init
                0x08006748       0x68 zephyr/libzephyr.a(mpsc_pbuf.c.obj)
                0x08006748                mpsc_pbuf_init
 .text.mpsc_pbuf_alloc
                0x080067b0      0x240 zephyr/libzephyr.a(mpsc_pbuf.c.obj)
                0x080067b0                mpsc_pbuf_alloc
 .text.mpsc_pbuf_commit
                0x080069f0       0xdc zephyr/libzephyr.a(mpsc_pbuf.c.obj)
                0x080069f0                mpsc_pbuf_commit
 .text.mpsc_pbuf_claim
                0x08006acc      0x178 zephyr/libzephyr.a(mpsc_pbuf.c.obj)
                0x08006acc                mpsc_pbuf_claim
 .text.mpsc_pbuf_free
                0x08006c44      0x110 zephyr/libzephyr.a(mpsc_pbuf.c.obj)
                0x08006c44                mpsc_pbuf_free
 .text.mpsc_pbuf_is_pending
                0x08006d54       0xb4 zephyr/libzephyr.a(mpsc_pbuf.c.obj)
                0x08006d54                mpsc_pbuf_is_pending
 .text.ring_buf_put
                0x08006e08       0x68 zephyr/libzephyr.a(ring_buffer.c.obj)
                0x08006e08                ring_buf_put
 .text.ring_buf_get
                0x08006e70       0x70 zephyr/libzephyr.a(ring_buffer.c.obj)
                0x08006e70                ring_buf_get
 .text.st_stm32_common_config
                0x08006ee0       0x14 zephyr/libzephyr.a(soc_config.c.obj)
 .text.stm32_gpioport_init
                0x08006ef4       0x10 zephyr/libzephyr.a(gpioport_mgr.c.obj)
 .text.clock_control_on
                0x08006f04       0x84 zephyr/libzephyr.a(gpioport_mgr.c.obj)
 .text.clock_control_off
                0x08006f88       0x84 zephyr/libzephyr.a(gpioport_mgr.c.obj)
 .text.stm32_gpioport_pm_action
                0x0800700c       0x3c zephyr/libzephyr.a(gpioport_mgr.c.obj)
 .text.stm32_gpioport_get
                0x08007048       0x24 zephyr/libzephyr.a(gpioport_mgr.c.obj)
                0x08007048                stm32_gpioport_get
 .text.soc_early_init_hook
                0x0800706c       0x30 zephyr/libzephyr.a(soc.c.obj)
                0x0800706c                soc_early_init_hook
 .text.log_backend_is_active
                0x0800709c       0x30 zephyr/libzephyr.a(log_core.c.obj)
 .text.log_backend_id_set
                0x080070cc       0x2c zephyr/libzephyr.a(log_core.c.obj)
 .text.log_backend_init
                0x080070f8       0x38 zephyr/libzephyr.a(log_core.c.obj)
 .text.log_backend_is_ready
                0x08007130       0x3c zephyr/libzephyr.a(log_core.c.obj)
 .text.log_backend_panic
                0x0800716c       0x30 zephyr/libzephyr.a(log_core.c.obj)
 .text.log_backend_dropped
                0x0800719c       0x30 zephyr/libzephyr.a(log_core.c.obj)
 .text.log_backend_msg_process
                0x080071cc       0x4c zephyr/libzephyr.a(log_core.c.obj)
 .text.msg_process
                0x08007218       0x70 zephyr/libzephyr.a(log_core.c.obj)
 .text.k_current_get
                0x08007288       0x4c zephyr/libzephyr.a(log_core.c.obj)
 .text.log_backend_notify
                0x080072d4       0x38 zephyr/libzephyr.a(log_core.c.obj)
 .text.log_backend_notify_all
                0x0800730c       0x5c zephyr/libzephyr.a(log_core.c.obj)
 .text.activate_foreach_backend
                0x08007368       0x50 zephyr/libzephyr.a(log_core.c.obj)
 .text.z_log_init
                0x080073b8       0xf0 zephyr/libzephyr.a(log_core.c.obj)
 .text.thread_set
                0x080074a8       0x28 zephyr/libzephyr.a(log_core.c.obj)
 .text.log_process_thread_timer_expiry_fn
                0x080074d0       0x10 zephyr/libzephyr.a(log_core.c.obj)
 .text.enable_logger
                0x080074e0       0x5c zephyr/libzephyr.a(log_core.c.obj)
 .text.log_format_func_t_get
                0x0800753c        0xc zephyr/libzephyr.a(log_core.c.obj)
                0x0800753c                log_format_func_t_get
 .text.log_set_timestamp_func
                0x08007548       0x24 zephyr/libzephyr.a(log_core.c.obj)
                0x08007548                log_set_timestamp_func
 .text.z_log_notify_backend_enabled
                0x0800756c       0x20 zephyr/libzephyr.a(log_core.c.obj)
                0x0800756c                z_log_notify_backend_enabled
 .text.z_log_dropped
                0x0800758c       0x54 zephyr/libzephyr.a(log_core.c.obj)
                0x0800758c                z_log_dropped
 .text.z_log_dropped_read_and_clear
                0x080075e0       0x20 zephyr/libzephyr.a(log_core.c.obj)
                0x080075e0                z_log_dropped_read_and_clear
 .text.dropped_notify
                0x08007600       0x68 zephyr/libzephyr.a(log_core.c.obj)
                0x08007600                dropped_notify
 .text.z_log_dropped_pending
                0x08007668       0x14 zephyr/libzephyr.a(log_core.c.obj)
                0x08007668                z_log_dropped_pending
 .text.z_log_msg_init
                0x0800767c       0x20 zephyr/libzephyr.a(log_core.c.obj)
                0x0800767c                z_log_msg_init
 .text.log_core_init
                0x0800769c       0x8c zephyr/libzephyr.a(log_core.c.obj)
                0x0800769c                log_core_init
 .text.z_log_msg_alloc
                0x08007728       0x10 zephyr/libzephyr.a(log_core.c.obj)
                0x08007728                z_log_msg_alloc
 .text.z_log_msg_local_claim
                0x08007738       0x10 zephyr/libzephyr.a(log_core.c.obj)
                0x08007738                z_log_msg_local_claim
 .text.z_log_msg_free
                0x08007748       0x14 zephyr/libzephyr.a(log_core.c.obj)
                0x08007748                z_log_msg_free
 .text.z_log_msg_pending
                0x0800775c       0x10 zephyr/libzephyr.a(log_core.c.obj)
                0x0800775c                z_log_msg_pending
 .text.z_impl_log_process
                0x0800776c       0x9c zephyr/libzephyr.a(log_core.c.obj)
                0x0800776c                z_impl_log_process
 .text.z_impl_log_panic
                0x08007808       0x84 zephyr/libzephyr.a(log_core.c.obj)
                0x08007808                z_impl_log_panic
 .text.z_log_msg_post_finalize
                0x0800788c      0x10c zephyr/libzephyr.a(log_core.c.obj)
 .text.z_log_msg_commit
                0x08007998       0x20 zephyr/libzephyr.a(log_core.c.obj)
                0x08007998                z_log_msg_commit
 .text.log_process_thread_func
                0x080079b8       0xa8 zephyr/libzephyr.a(log_core.c.obj)
 .text.log_backend_activate
                0x08007a60       0x38 zephyr/libzephyr.a(log_mgmt.c.obj)
 .text.log_src_cnt_get
                0x08007a98       0x14 zephyr/libzephyr.a(log_mgmt.c.obj)
                0x08007a98                log_src_cnt_get
 .text.log_source_name_get
                0x08007aac       0x1c zephyr/libzephyr.a(log_mgmt.c.obj)
                0x08007aac                log_source_name_get
 .text.cbprintf_package_copy
                0x08007ac8       0x30 zephyr/libzephyr.a(log_msg.c.obj)
 .text.z_impl_z_log_msg_static_create
                0x08007af8      0x180 zephyr/libzephyr.a(log_msg.c.obj)
                0x08007af8                z_impl_z_log_msg_static_create
 .text.z_log_msg_runtime_vcreate
                0x08007c78       0xf4 zephyr/libzephyr.a(log_msg.c.obj)
                0x08007c78                z_log_msg_runtime_vcreate
 .text.log_msg_get_source_id
                0x08007d6c       0x18 zephyr/libzephyr.a(log_msg.c.obj)
                0x08007d6c                log_msg_get_source_id
 .text.out_func
                0x08007d84       0x64 zephyr/libzephyr.a(log_output.c.obj)
 .text.print_formatted
                0x08007de8       0x24 zephyr/libzephyr.a(log_output.c.obj)
 .text.timestamp_print
                0x08007e0c       0x8c zephyr/libzephyr.a(log_output.c.obj)
 .text.color_print
                0x08007e98       0x2c zephyr/libzephyr.a(log_output.c.obj)
 .text.ids_print
                0x08007ec4       0x70 zephyr/libzephyr.a(log_output.c.obj)
 .text.prefix_print
                0x08007f34       0xbc zephyr/libzephyr.a(log_output.c.obj)
 .text.newline_print
                0x08007ff0       0x28 zephyr/libzephyr.a(log_output.c.obj)
 .text.hexdump_line_print
                0x08008018       0xc4 zephyr/libzephyr.a(log_output.c.obj)
 .text.log_output_process
                0x080080dc       0xc0 zephyr/libzephyr.a(log_output.c.obj)
                0x080080dc                log_output_process
 .text.log_output_dropped_process
                0x0800819c       0x84 zephyr/libzephyr.a(log_output.c.obj)
                0x0800819c                log_output_dropped_process
 .text.log_output_timestamp_freq_set
                0x08008220       0x2c zephyr/libzephyr.a(log_output.c.obj)
                0x08008220                log_output_timestamp_freq_set
 .text.z_impl_uart_poll_out
                0x0800824c       0x7c zephyr/libzephyr.a(log_backend_uart.c.obj)
 .text.char_out
                0x080082c8       0x20 zephyr/libzephyr.a(log_backend_uart.c.obj)
 .text.log_backend_uart_init
                0x080082e8       0x44 zephyr/libzephyr.a(log_backend_uart.c.obj)
 .text.mem_attr_get_regions
                0x0800832c        0xc zephyr/libzephyr.a(mem_attr.c.obj)
                0x0800832c                mem_attr_get_regions
 .text.is_tofu_border_pixel
                0x08008338      0x108 zephyr/libzephyr.a(cfb.c.obj)
 .text.get_tofu_glyph_byte
                0x08008440       0xc0 zephyr/libzephyr.a(cfb.c.obj)
 .text.draw_text
                0x08008500       0xb8 zephyr/libzephyr.a(cfb.c.obj)
 .text.cfb_framebuffer_finalize
                0x080085b8       0xbc zephyr/libzephyr.a(cfb.c.obj)
                0x080085b8                cfb_framebuffer_finalize
 .text.cfb_framebuffer_clear
                0x08008674       0x30 zephyr/libzephyr.a(cfb.c.obj)
                0x08008674                cfb_framebuffer_clear
 .text.cfb_framebuffer_set_font
                0x080086a4       0x1c zephyr/libzephyr.a(cfb.c.obj)
                0x080086a4                cfb_framebuffer_set_font
 .text.cfb_framebuffer_init
                0x080086c0       0xc0 zephyr/libzephyr.a(cfb.c.obj)
                0x080086c0                cfb_framebuffer_init
 .text.k_current_get
                0x08008780       0x4c zephyr/libzephyr.a(thread_entry.c.obj)
 .text.z_thread_entry
                0x080087cc       0x2c zephyr/libzephyr.a(thread_entry.c.obj)
                0x080087cc                z_thread_entry
 .text.arch_bss_zero
                0x080087f8       0x18 zephyr/arch/common/libarch__common.a(init.c.obj)
                0x080087f8                arch_bss_zero
 .text.arch_data_copy
                0x08008810       0x34 zephyr/arch/common/libarch__common.a(xip.c.obj)
                0x08008810                arch_data_copy
 .text.esf_dump
                0x08008844      0x160 zephyr/arch/arch/arm/core/libarch__arm__core.a(fatal.c.obj)
 .text.z_arm_fatal_error
                0x080089a4       0x38 zephyr/arch/arch/arm/core/libarch__arm__core.a(fatal.c.obj)
                0x080089a4                z_arm_fatal_error
 .text.z_SysNmiOnReset
                0x080089dc        0x8 zephyr/arch/arch/arm/core/libarch__arm__core.a(nmi_on_reset.S.obj)
                0x080089dc                z_SysNmiOnReset
 .text.z_tls_copy
                0x080089e4       0x28 zephyr/arch/arch/arm/core/libarch__arm__core.a(tls.c.obj)
 .text.arch_tls_stack_setup
                0x08008a0c       0x24 zephyr/arch/arch/arm/core/libarch__arm__core.a(tls.c.obj)
                0x08008a0c                arch_tls_stack_setup
 .text.z_arm_is_synchronous_svc
                0x08008a30       0x48 zephyr/arch/arch/arm/core/cortex_m/libarch__arm__core__cortex_m.a(fault.c.obj)
 .text.get_esf  0x08008a78       0x50 zephyr/arch/arch/arm/core/cortex_m/libarch__arm__core__cortex_m.a(fault.c.obj)
 .text.usage_fault
                0x08008ac8       0xd4 zephyr/arch/arch/arm/core/cortex_m/libarch__arm__core__cortex_m.a(fault.c.obj)
 .text.debug_monitor
                0x08008b9c       0x1c zephyr/arch/arch/arm/core/cortex_m/libarch__arm__core__cortex_m.a(fault.c.obj)
 .text.reserved_exception
                0x08008bb8       0xd8 zephyr/arch/arch/arm/core/cortex_m/libarch__arm__core__cortex_m.a(fault.c.obj)
 .text.bus_fault
                0x08008c90      0x110 zephyr/arch/arch/arm/core/cortex_m/libarch__arm__core__cortex_m.a(fault.c.obj)
 .text.mem_manage_fault
                0x08008da0      0x180 zephyr/arch/arch/arm/core/cortex_m/libarch__arm__core__cortex_m.a(fault.c.obj)
 .text.hard_fault
                0x08008f20      0x124 zephyr/arch/arch/arm/core/cortex_m/libarch__arm__core__cortex_m.a(fault.c.obj)
 .text.z_arm_fault
                0x08009044       0xa8 zephyr/arch/arch/arm/core/cortex_m/libarch__arm__core__cortex_m.a(fault.c.obj)
                0x08009044                z_arm_fault
 .text.z_arm_fault_init
                0x080090ec       0x18 zephyr/arch/arch/arm/core/cortex_m/libarch__arm__core__cortex_m.a(fault.c.obj)
                0x080090ec                z_arm_fault_init
 .text.__fault  0x08009104       0x14 zephyr/arch/arch/arm/core/cortex_m/libarch__arm__core__cortex_m.a(fault_s.S.obj)
                0x08009104                z_arm_usage_fault
                0x08009104                z_arm_mpu_fault
                0x08009104                z_arm_exc_spurious
                0x08009104                z_arm_debug_monitor
                0x08009104                z_arm_hard_fault
                0x08009104                z_arm_bus_fault
 .text._reset_section
                0x08009118       0x34 zephyr/arch/arch/arm/core/cortex_m/libarch__arm__core__cortex_m.a(reset.S.obj)
                0x08009118                __start
                0x08009118                z_arm_reset
 .text.z_arm_svc
                0x0800914c       0x24 zephyr/arch/arch/arm/core/cortex_m/libarch__arm__core__cortex_m.a(svc.S.obj)
                0x0800914c                z_arm_svc
 .text.__NVIC_EnableIRQ
                0x08009170       0x1c zephyr/arch/arch/arm/core/cortex_m/libarch__arm__core__cortex_m.a(irq_manage.c.obj)
 .text.__NVIC_SetPriority
                0x0800918c       0x28 zephyr/arch/arch/arm/core/cortex_m/libarch__arm__core__cortex_m.a(irq_manage.c.obj)
 .text.arm_irq_priority_set
                0x080091b4       0x48 zephyr/arch/arch/arm/core/cortex_m/libarch__arm__core__cortex_m.a(irq_manage.c.obj)
                0x080091b4                arm_irq_priority_set
 .text.relocate_vector_table
                0x080091fc       0x1c zephyr/arch/arch/arm/core/cortex_m/libarch__arm__core__cortex_m.a(prep_c.c.obj)
                0x080091fc                relocate_vector_table
 .text.z_prep_c
                0x08009218       0x38 zephyr/arch/arch/arm/core/cortex_m/libarch__arm__core__cortex_m.a(prep_c.c.obj)
                0x08009218                z_prep_c
 .text.min_stack
                0x08009250       0x40 zephyr/arch/arch/arm/core/cortex_m/libarch__arm__core__cortex_m.a(thread.c.obj)
 .text.arch_new_thread
                0x08009290       0x40 zephyr/arch/arch/arm/core/cortex_m/libarch__arm__core__cortex_m.a(thread.c.obj)
                0x08009290                arch_new_thread
 .text.arch_switch_to_main_thread
                0x080092d0       0x3c zephyr/arch/arch/arm/core/cortex_m/libarch__arm__core__cortex_m.a(thread.c.obj)
                0x080092d0                arch_switch_to_main_thread
 .text.z_arm_cpu_idle_init
                0x0800930c        0xc zephyr/arch/arch/arm/core/cortex_m/libarch__arm__core__cortex_m.a(cpu_idle.c.obj)
                0x0800930c                z_arm_cpu_idle_init
 .text._HandlerModeExit
                0x08009318       0x20 zephyr/arch/arch/arm/core/cortex_m/libarch__arm__core__cortex_m.a(exc_exit.c.obj)
                0x08009318                z_arm_int_exit
                0x08009318                z_arm_exc_exit
 .text.z_impl_k_thread_abort
                0x08009338       0x34 zephyr/arch/arch/arm/core/cortex_m/libarch__arm__core__cortex_m.a(thread_abort.c.obj)
                0x08009338                z_impl_k_thread_abort
 .text.z_arm_pendsv
                0x0800936c       0x60 zephyr/arch/arch/arm/core/cortex_m/libarch__arm__core__cortex_m.a(swap_helper.S.obj)
                0x0800936c                z_arm_pendsv
 .text.z_arm_interrupt_init
                0x080093cc       0x34 zephyr/arch/arch/arm/core/cortex_m/libarch__arm__core__cortex_m.a(irq_init.c.obj)
                0x080093cc                z_arm_interrupt_init
 .text._isr_wrapper
                0x08009400       0x20 zephyr/arch/arch/arm/core/cortex_m/libarch__arm__core__cortex_m.a(isr_wrapper.c.obj)
                0x08009400                _isr_wrapper
 .text.__aeabi_read_tp
                0x08009420        0xc zephyr/arch/arch/arm/core/cortex_m/libarch__arm__core__cortex_m.a(__aeabi_read_tp.S.obj)
                0x08009420                __aeabi_read_tp
 .text.z_arm_configure_static_mpu_regions
                0x0800942c       0x1c zephyr/arch/arch/arm/core/mpu/libarch__arm__core__mpu.a(arm_core_mpu.c.obj)
                0x0800942c                z_arm_configure_static_mpu_regions
 .text.z_arm_configure_dynamic_mpu_regions
                0x08009448       0x24 zephyr/arch/arch/arm/core/mpu/libarch__arm__core__mpu.a(arm_core_mpu.c.obj)
                0x08009448                z_arm_configure_dynamic_mpu_regions
 .text.region_init
                0x0800946c       0x28 zephyr/arch/arch/arm/core/mpu/libarch__arm__core__mpu.a(arm_mpu.c.obj)
 .text.region_allocate_and_init
                0x08009494       0x3c zephyr/arch/arch/arm/core/mpu/libarch__arm__core__mpu.a(arm_mpu.c.obj)
 .text.mpu_configure_regions
                0x080094d0       0x64 zephyr/arch/arch/arm/core/mpu/libarch__arm__core__mpu.a(arm_mpu.c.obj)
 .text.mpu_configure_static_mpu_regions
                0x08009534       0x14 zephyr/arch/arch/arm/core/mpu/libarch__arm__core__mpu.a(arm_mpu.c.obj)
 .text.mpu_configure_dynamic_mpu_regions
                0x08009548       0x3c zephyr/arch/arch/arm/core/mpu/libarch__arm__core__mpu.a(arm_mpu.c.obj)
 .text.mpu_configure_regions_from_dt
                0x08009584      0x244 zephyr/arch/arch/arm/core/mpu/libarch__arm__core__mpu.a(arm_mpu.c.obj)
 .text.arm_core_mpu_enable
                0x080097c8       0x18 zephyr/arch/arch/arm/core/mpu/libarch__arm__core__mpu.a(arm_mpu.c.obj)
                0x080097c8                arm_core_mpu_enable
 .text.arm_core_mpu_disable
                0x080097e0       0x14 zephyr/arch/arch/arm/core/mpu/libarch__arm__core__mpu.a(arm_mpu.c.obj)
                0x080097e0                arm_core_mpu_disable
 .text.arm_core_mpu_configure_static_mpu_regions
                0x080097f4       0x44 zephyr/arch/arch/arm/core/mpu/libarch__arm__core__mpu.a(arm_mpu.c.obj)
                0x080097f4                arm_core_mpu_configure_static_mpu_regions
 .text.arm_core_mpu_configure_dynamic_mpu_regions
                0x08009838       0x44 zephyr/arch/arch/arm/core/mpu/libarch__arm__core__mpu.a(arm_mpu.c.obj)
                0x08009838                arm_core_mpu_configure_dynamic_mpu_regions
 .text.z_arm_mpu_init
                0x0800987c      0x110 zephyr/arch/arch/arm/core/mpu/libarch__arm__core__mpu.a(arm_mpu.c.obj)
                0x0800987c                z_arm_mpu_init
 .text.cbvprintf
                0x0800998c       0x38 zephyr/lib/libc/picolibc/liblib__libc__picolibc.a(cbprintf.c.obj)
                0x0800998c                cbvprintf
 .text.z_impl_zephyr_fputc
                0x080099c4       0x10 zephyr/lib/libc/picolibc/liblib__libc__picolibc.a(stdio.c.obj)
                0x080099c4                z_impl_zephyr_fputc
 .text.__stdout_hook_install
                0x080099d4       0x18 zephyr/lib/libc/picolibc/liblib__libc__picolibc.a(stdio.c.obj)
                0x080099d4                __stdout_hook_install
 .text.malloc_prepare
                0x080099ec       0x24 zephyr/lib/libc/common/liblib__libc__common.a(malloc.c.obj)
 .text.k_current_get
                0x08009a10       0x4c zephyr/subsys/input/libsubsys__input.a(input.c.obj)
 .text.input_process
                0x08009a5c       0x64 zephyr/subsys/input/libsubsys__input.a(input.c.obj)
 .text.input_thread
                0x08009ac0       0x3c zephyr/subsys/input/libsubsys__input.a(input.c.obj)
 .text.input_report
                0x08009afc       0x6c zephyr/subsys/input/libsubsys__input.a(input.c.obj)
                0x08009afc                input_report
 .text.clock_control_on
                0x08009b68       0x84 zephyr/drivers/interrupt_controller/libdrivers__interrupt_controller.a(intc_exti_stm32.c.obj)
 .text.stm32_exti_enable_clocks
                0x08009bec       0x24 zephyr/drivers/interrupt_controller/libdrivers__interrupt_controller.a(intc_exti_stm32.c.obj)
 .text.stm32_exti_is_pending
                0x08009c10       0x38 zephyr/drivers/interrupt_controller/libdrivers__interrupt_controller.a(intc_exti_stm32.c.obj)
                0x08009c10                stm32_exti_is_pending
 .text.stm32_exti_clear_pending
                0x08009c48       0x34 zephyr/drivers/interrupt_controller/libdrivers__interrupt_controller.a(intc_exti_stm32.c.obj)
                0x08009c48                stm32_exti_clear_pending
 .text.stm32_fill_irq_table
                0x08009c7c       0x24 zephyr/drivers/interrupt_controller/libdrivers__interrupt_controller.a(intc_gpio_stm32.c.obj)
 .text.stm32_intc_gpio_isr
                0x08009ca0       0x48 zephyr/drivers/interrupt_controller/libdrivers__interrupt_controller.a(intc_gpio_stm32.c.obj)
 .text.ll_exti_line_to_linenum
                0x08009ce8       0x74 zephyr/drivers/interrupt_controller/libdrivers__interrupt_controller.a(intc_gpio_stm32.c.obj)
 .text.LL_SYSCFG_SetEXTISource
                0x08009d5c       0x38 zephyr/drivers/interrupt_controller/libdrivers__interrupt_controller.a(intc_gpio_stm32.c.obj)
 .text.LL_SYSCFG_GetEXTISource
                0x08009d94       0x28 zephyr/drivers/interrupt_controller/libdrivers__interrupt_controller.a(intc_gpio_stm32.c.obj)
 .text.stm32_gpio_intc_enable_line
                0x08009dbc       0x24 zephyr/drivers/interrupt_controller/libdrivers__interrupt_controller.a(intc_gpio_stm32.c.obj)
                0x08009dbc                stm32_gpio_intc_enable_line
 .text.stm32_gpio_intc_disable_line
                0x08009de0       0x10 zephyr/drivers/interrupt_controller/libdrivers__interrupt_controller.a(intc_gpio_stm32.c.obj)
                0x08009de0                stm32_gpio_intc_disable_line
 .text.stm32_gpio_intc_select_line_trigger
                0x08009df0       0x80 zephyr/drivers/interrupt_controller/libdrivers__interrupt_controller.a(intc_gpio_stm32.c.obj)
                0x08009df0                stm32_gpio_intc_select_line_trigger
 .text.stm32_gpio_intc_set_irq_callback
                0x08009e70       0x40 zephyr/drivers/interrupt_controller/libdrivers__interrupt_controller.a(intc_gpio_stm32.c.obj)
                0x08009e70                stm32_gpio_intc_set_irq_callback
 .text.stm32_gpio_intc_remove_irq_callback
                0x08009eb0       0x1c zephyr/drivers/interrupt_controller/libdrivers__interrupt_controller.a(intc_gpio_stm32.c.obj)
                0x08009eb0                stm32_gpio_intc_remove_irq_callback
 .text.stm32_clock_switch_to_hsi
                0x08009ecc       0x38 zephyr/drivers/clock_control/libdrivers__clock_control.a(clock_stm32_ll_common.c.obj)
 .text.set_up_fixed_clock_sources
                0x08009f04       0x38 zephyr/drivers/clock_control/libdrivers__clock_control.a(clock_stm32_ll_common.c.obj)
 .text.get_pll_div_frequency
                0x08009f3c       0x38 zephyr/drivers/clock_control/libdrivers__clock_control.a(clock_stm32_ll_common.c.obj)
 .text.stm32_clock_control_get_subsys_rate
                0x08009f74      0x11c zephyr/drivers/clock_control/libdrivers__clock_control.a(clock_stm32_ll_common.c.obj)
 .text.set_up_plls
                0x0800a090       0x74 zephyr/drivers/clock_control/libdrivers__clock_control.a(clock_stm32_ll_common.c.obj)
 .text.enabled_clock
                0x0800a104       0x24 zephyr/drivers/clock_control/libdrivers__clock_control.a(clock_stm32_ll_common.c.obj)
                0x0800a104                enabled_clock
 .text.stm32_clock_control_init
                0x0800a128       0x9c zephyr/drivers/clock_control/libdrivers__clock_control.a(clock_stm32_ll_common.c.obj)
                0x0800a128                stm32_clock_control_init
 .text.get_pllsrc_frequency
                0x0800a1c4        0x8 zephyr/drivers/clock_control/libdrivers__clock_control.a(clock_stm32f2_f4_f7.c.obj)
                0x0800a1c4                get_pllsrc_frequency
 .text.config_pll_sysclock
                0x0800a1cc       0x44 zephyr/drivers/clock_control/libdrivers__clock_control.a(clock_stm32f2_f4_f7.c.obj)
                0x0800a1cc                config_pll_sysclock
 .text.config_enable_default_clocks
                0x0800a210       0x20 zephyr/drivers/clock_control/libdrivers__clock_control.a(clock_stm32f2_f4_f7.c.obj)
                0x0800a210                config_enable_default_clocks
 .text.uart_console_hook_install
                0x0800a230       0x18 zephyr/drivers/console/libdrivers__console.a(uart_console.c.obj)
 .text.uart_console_init
                0x0800a248       0x1c zephyr/drivers/console/libdrivers__console.a(uart_console.c.obj)
 .text.z_impl_uart_poll_out
                0x0800a264       0x7c zephyr/drivers/console/libdrivers__console.a(uart_console.c.obj)
 .text.console_out
                0x0800a2e0       0x24 zephyr/drivers/console/libdrivers__console.a(uart_console.c.obj)
 .text.counter_stm32_set_pending
                0x0800a304       0x20 zephyr/drivers/counter/libdrivers__counter.a(counter_stm32_timer.c.obj)
 .text.counter_stm32_cancel_alarm
                0x0800a324       0x20 zephyr/drivers/counter/libdrivers__counter.a(counter_stm32_timer.c.obj)
 .text.counter_stm32_set_guard_period
                0x0800a344       0x3c zephyr/drivers/counter/libdrivers__counter.a(counter_stm32_timer.c.obj)
 .text.clock_control_on
                0x0800a380       0x84 zephyr/drivers/counter/libdrivers__counter.a(counter_stm32_timer.c.obj)
 .text.clock_control_configure
                0x0800a404       0x8c zephyr/drivers/counter/libdrivers__counter.a(counter_stm32_timer.c.obj)
 .text.clock_control_get_rate
                0x0800a490       0x8c zephyr/drivers/counter/libdrivers__counter.a(counter_stm32_timer.c.obj)
 .text.z_impl_reset_line_toggle
                0x0800a51c       0x8c zephyr/drivers/counter/libdrivers__counter.a(counter_stm32_timer.c.obj)
 .text.counter_stm32_top_irq_handle
                0x0800a5a8       0x40 zephyr/drivers/counter/libdrivers__counter.a(counter_stm32_timer.c.obj)
 .text.counter_stm32_set_cc
                0x0800a5e8      0x160 zephyr/drivers/counter/libdrivers__counter.a(counter_stm32_timer.c.obj)
 .text.counter_stm32_init_timer
                0x0800a748      0x1a8 zephyr/drivers/counter/libdrivers__counter.a(counter_stm32_timer.c.obj)
 .text.counter_stm32_irq_handle
                0x0800a8f0       0x70 zephyr/drivers/counter/libdrivers__counter.a(counter_stm32_timer.c.obj)
 .text.z_impl_gpio_port_set_bits_raw
                0x0800a960       0x84 zephyr/drivers/display/libdrivers__display.a(display_ssd1306.c.obj)
 .text.z_impl_gpio_port_clear_bits_raw
                0x0800a9e4       0x84 zephyr/drivers/display/libdrivers__display.a(display_ssd1306.c.obj)
 .text.z_impl_gpio_pin_set_raw
                0x0800aa68       0x50 zephyr/drivers/display/libdrivers__display.a(display_ssd1306.c.obj)
 .text.z_impl_gpio_pin_set
                0x0800aab8       0x54 zephyr/drivers/display/libdrivers__display.a(display_ssd1306.c.obj)
 .text.z_impl_gpio_pin_configure
                0x0800ab0c      0x21c zephyr/drivers/display/libdrivers__display.a(display_ssd1306.c.obj)
 .text.z_impl_i2c_transfer
                0x0800ad28       0xa4 zephyr/drivers/display/libdrivers__display.a(display_ssd1306.c.obj)
 .text.ssd1306_set_orientation
                0x0800adcc       0x44 zephyr/drivers/display/libdrivers__display.a(display_ssd1306.c.obj)
 .text.ssd1306_set_pixel_format
                0x0800ae10       0x6c zephyr/drivers/display/libdrivers__display.a(display_ssd1306.c.obj)
 .text.ssd1306_write_sh1106
                0x0800ae7c       0xb0 zephyr/drivers/display/libdrivers__display.a(display_ssd1306.c.obj)
 .text.ssd1306_write_default
                0x0800af2c       0x90 zephyr/drivers/display/libdrivers__display.a(display_ssd1306.c.obj)
 .text.ssd1306_write
                0x0800afbc       0xc8 zephyr/drivers/display/libdrivers__display.a(display_ssd1306.c.obj)
 .text.ssd1306_set_power_settings
                0x0800b084      0x144 zephyr/drivers/display/libdrivers__display.a(display_ssd1306.c.obj)
 .text.ssd1306_init_device
                0x0800b1c8      0x154 zephyr/drivers/display/libdrivers__display.a(display_ssd1306.c.obj)
 .text.ssd1306_init
                0x0800b31c      0x19c zephyr/drivers/display/libdrivers__display.a(display_ssd1306.c.obj)
 .text.dma_stm32_get_status
                0x0800b4b8       0x4c zephyr/drivers/dma/libdrivers__dma.a(dma_stm32.c.obj)
 .text.dma_stm32_stop
                0x0800b504       0x6c zephyr/drivers/dma/libdrivers__dma.a(dma_stm32.c.obj)
 .text.dma_stm32_reload
                0x0800b570       0xf0 zephyr/drivers/dma/libdrivers__dma.a(dma_stm32.c.obj)
 .text.clock_control_on
                0x0800b660       0x84 zephyr/drivers/dma/libdrivers__dma.a(dma_stm32.c.obj)
 .text.dma_stm32_get_priority
                0x0800b6e4       0x4c zephyr/drivers/dma/libdrivers__dma.a(dma_stm32.c.obj)
 .text.dma_stm32_get_direction
                0x0800b730       0x3c zephyr/drivers/dma/libdrivers__dma.a(dma_stm32.c.obj)
 .text.dma_stm32_get_memory_increment
                0x0800b76c       0x3c zephyr/drivers/dma/libdrivers__dma.a(dma_stm32.c.obj)
 .text.dma_stm32_get_periph_increment
                0x0800b7a8       0x3c zephyr/drivers/dma/libdrivers__dma.a(dma_stm32.c.obj)
 .text.dma_stm32_init
                0x0800b7e4       0x60 zephyr/drivers/dma/libdrivers__dma.a(dma_stm32.c.obj)
 .text.dma_stm32_configure
                0x0800b844      0x534 zephyr/drivers/dma/libdrivers__dma.a(dma_stm32.c.obj)
 .text.dma_stm32_irq_handler
                0x0800bd78      0x110 zephyr/drivers/dma/libdrivers__dma.a(dma_stm32.c.obj)
 .text.dma_stm32_id_to_stream
                0x0800be88       0x34 zephyr/drivers/dma/libdrivers__dma.a(dma_stm32_v1.c.obj)
                0x0800be88                dma_stm32_id_to_stream
 .text.dma_stm32_slot_to_channel
                0x0800bebc       0x34 zephyr/drivers/dma/libdrivers__dma.a(dma_stm32_v1.c.obj)
                0x0800bebc                dma_stm32_slot_to_channel
 .text.dma_stm32_clear_ht
                0x0800bef0       0x38 zephyr/drivers/dma/libdrivers__dma.a(dma_stm32_v1.c.obj)
                0x0800bef0                dma_stm32_clear_ht
 .text.dma_stm32_clear_tc
                0x0800bf28       0x38 zephyr/drivers/dma/libdrivers__dma.a(dma_stm32_v1.c.obj)
                0x0800bf28                dma_stm32_clear_tc
 .text.dma_stm32_is_ht_active
                0x0800bf60       0x3c zephyr/drivers/dma/libdrivers__dma.a(dma_stm32_v1.c.obj)
                0x0800bf60                dma_stm32_is_ht_active
 .text.dma_stm32_is_tc_active
                0x0800bf9c       0x3c zephyr/drivers/dma/libdrivers__dma.a(dma_stm32_v1.c.obj)
                0x0800bf9c                dma_stm32_is_tc_active
 .text.dma_stm32_clear_te
                0x0800bfd8       0x38 zephyr/drivers/dma/libdrivers__dma.a(dma_stm32_v1.c.obj)
                0x0800bfd8                dma_stm32_clear_te
 .text.dma_stm32_clear_dme
                0x0800c010       0x38 zephyr/drivers/dma/libdrivers__dma.a(dma_stm32_v1.c.obj)
                0x0800c010                dma_stm32_clear_dme
 .text.dma_stm32_clear_fe
                0x0800c048       0x38 zephyr/drivers/dma/libdrivers__dma.a(dma_stm32_v1.c.obj)
                0x0800c048                dma_stm32_clear_fe
 .text.dma_stm32_is_te_active
                0x0800c080       0x3c zephyr/drivers/dma/libdrivers__dma.a(dma_stm32_v1.c.obj)
                0x0800c080                dma_stm32_is_te_active
 .text.dma_stm32_is_dme_active
                0x0800c0bc       0x3c zephyr/drivers/dma/libdrivers__dma.a(dma_stm32_v1.c.obj)
                0x0800c0bc                dma_stm32_is_dme_active
 .text.dma_stm32_is_fe_active
                0x0800c0f8       0x3c zephyr/drivers/dma/libdrivers__dma.a(dma_stm32_v1.c.obj)
                0x0800c0f8                dma_stm32_is_fe_active
 .text.stm32_dma_dump_stream_irq
                0x0800c134       0xd4 zephyr/drivers/dma/libdrivers__dma.a(dma_stm32_v1.c.obj)
                0x0800c134                stm32_dma_dump_stream_irq
 .text.stm32_dma_is_tc_irq_active
                0x0800c208       0x34 zephyr/drivers/dma/libdrivers__dma.a(dma_stm32_v1.c.obj)
                0x0800c208                stm32_dma_is_tc_irq_active
 .text.stm32_dma_is_ht_irq_active
                0x0800c23c       0x34 zephyr/drivers/dma/libdrivers__dma.a(dma_stm32_v1.c.obj)
                0x0800c23c                stm32_dma_is_ht_irq_active
 .text.stm32_dma_is_unexpected_irq_happened
                0x0800c270       0x48 zephyr/drivers/dma/libdrivers__dma.a(dma_stm32_v1.c.obj)
                0x0800c270                stm32_dma_is_unexpected_irq_happened
 .text.stm32_dma_enable_stream
                0x0800c2b8       0x1c zephyr/drivers/dma/libdrivers__dma.a(dma_stm32_v1.c.obj)
                0x0800c2b8                stm32_dma_enable_stream
 .text.stm32_dma_is_enabled_stream
                0x0800c2d4       0x24 zephyr/drivers/dma/libdrivers__dma.a(dma_stm32_v1.c.obj)
                0x0800c2d4                stm32_dma_is_enabled_stream
 .text.stm32_dma_disable_stream
                0x0800c2f8       0x34 zephyr/drivers/dma/libdrivers__dma.a(dma_stm32_v1.c.obj)
                0x0800c2f8                stm32_dma_disable_stream
 .text.stm32_dma_disable_fifo_irq
                0x0800c32c       0x20 zephyr/drivers/dma/libdrivers__dma.a(dma_stm32_v1.c.obj)
                0x0800c32c                stm32_dma_disable_fifo_irq
 .text.stm32_dma_get_mburst
                0x0800c34c       0x98 zephyr/drivers/dma/libdrivers__dma.a(dma_stm32_v1.c.obj)
                0x0800c34c                stm32_dma_get_mburst
 .text.stm32_dma_get_pburst
                0x0800c3e4       0x98 zephyr/drivers/dma/libdrivers__dma.a(dma_stm32_v1.c.obj)
                0x0800c3e4                stm32_dma_get_pburst
 .text.stm32_dma_get_fifo_threshold
                0x0800c47c       0x34 zephyr/drivers/dma/libdrivers__dma.a(dma_stm32_v1.c.obj)
                0x0800c47c                stm32_dma_get_fifo_threshold
 .text.gpio_manage_callback
                0x0800c4b0       0x98 zephyr/drivers/gpio/libdrivers__gpio.a(gpio_stm32.c.obj)
 .text.gpio_fire_callbacks
                0x0800c548       0x70 zephyr/drivers/gpio/libdrivers__gpio.a(gpio_stm32.c.obj)
 .text.gpio_stm32_pin_interrupt_configure
                0x0800c5b8       0x94 zephyr/drivers/gpio/libdrivers__gpio.a(gpio_stm32.c.obj)
 .text.i2c_map_dt_bitrate
                0x0800c64c       0x54 zephyr/drivers/i2c/libdrivers__i2c.a(i2c_stm32.c.obj)
 .text.clock_control_get_rate
                0x0800c6a0       0x8c zephyr/drivers/i2c/libdrivers__i2c.a(i2c_stm32.c.obj)
 .text.clock_control_configure
                0x0800c72c       0x8c zephyr/drivers/i2c/libdrivers__i2c.a(i2c_stm32.c.obj)
 .text.i2c_stm32_get_config
                0x0800c7b8       0x2c zephyr/drivers/i2c/libdrivers__i2c.a(i2c_stm32.c.obj)
                0x0800c7b8                i2c_stm32_get_config
 .text.i2c_stm32_transfer
                0x0800c7e4       0xd8 zephyr/drivers/i2c/libdrivers__i2c.a(i2c_stm32.c.obj)
 .text.i2c_stm32_set_smbus_mode
                0x0800c8bc       0xe0 zephyr/drivers/i2c/libdrivers__i2c.a(i2c_stm32.c.obj)
                0x0800c8bc                i2c_stm32_set_smbus_mode
 .text.i2c_stm32_runtime_configure
                0x0800c99c       0xb4 zephyr/drivers/i2c/libdrivers__i2c.a(i2c_stm32.c.obj)
                0x0800c99c                i2c_stm32_runtime_configure
 .text.i2c_stm32_init
                0x0800ca50       0x8c zephyr/drivers/i2c/libdrivers__i2c.a(i2c_stm32.c.obj)
                0x0800ca50                i2c_stm32_init
 .text.clock_control_on
                0x0800cadc       0x84 zephyr/drivers/i2c/libdrivers__i2c.a(i2c_stm32_common.c.obj)
 .text.i2c_stm32_activate
                0x0800cb60       0x50 zephyr/drivers/i2c/libdrivers__i2c.a(i2c_stm32_common.c.obj)
                0x0800cb60                i2c_stm32_activate
 .text.LL_I2C_ConfigSpeed
                0x0800cbb0       0xb8 zephyr/drivers/i2c/libdrivers__i2c.a(i2c_stm32_v1.c.obj)
 .text.i2c_stm32_msg_write
                0x0800cc68       0x48 zephyr/drivers/i2c/libdrivers__i2c.a(i2c_stm32_v1.c.obj)
 .text.i2c_stm32_msg_read
                0x0800ccb0       0x58 zephyr/drivers/i2c/libdrivers__i2c.a(i2c_stm32_v1.c.obj)
 .text.i2c_stm32_configure_timing
                0x0800cd08       0x3c zephyr/drivers/i2c/libdrivers__i2c.a(i2c_stm32_v1.c.obj)
                0x0800cd08                i2c_stm32_configure_timing
 .text.z_impl_gpio_pin_configure
                0x0800cd44      0x21c zephyr/drivers/input/libdrivers__input.a(input_gpio_keys.c.obj)
 .text.gpio_init_callback
                0x0800cf60       0x64 zephyr/drivers/input/libdrivers__input.a(input_gpio_keys.c.obj)
 .text.gpio_add_callback
                0x0800cfc4       0x88 zephyr/drivers/input/libdrivers__input.a(input_gpio_keys.c.obj)
 .text.z_impl_gpio_port_get_raw
                0x0800d04c       0x84 zephyr/drivers/input/libdrivers__input.a(input_gpio_keys.c.obj)
 .text.z_impl_gpio_pin_get
                0x0800d0d0       0x58 zephyr/drivers/input/libdrivers__input.a(input_gpio_keys.c.obj)
 .text.z_impl_gpio_pin_interrupt_configure
                0x0800d128      0x1a8 zephyr/drivers/input/libdrivers__input.a(input_gpio_keys.c.obj)
 .text.gpio_keys_interrupt_configure
                0x0800d2d0       0x68 zephyr/drivers/input/libdrivers__input.a(input_gpio_keys.c.obj)
 .text.gpio_keys_init
                0x0800d338      0x184 zephyr/drivers/input/libdrivers__input.a(input_gpio_keys.c.obj)
 .text.gpio_keys_poll_pin
                0x0800d4bc       0x74 zephyr/drivers/input/libdrivers__input.a(input_gpio_keys.c.obj)
 .text.gpio_keys_change_deferred
                0x0800d530       0x24 zephyr/drivers/input/libdrivers__input.a(input_gpio_keys.c.obj)
 .text.LL_TIM_OC_SetMode
                0x0800d554       0x70 zephyr/drivers/pwm/libdrivers__pwm.a(pwm_stm32.c.obj)
 .text.LL_TIM_OC_SetPolarity
                0x0800d5c4       0x6c zephyr/drivers/pwm/libdrivers__pwm.a(pwm_stm32.c.obj)
 .text.LL_TIM_OC_SetIdleState
                0x0800d630       0x70 zephyr/drivers/pwm/libdrivers__pwm.a(pwm_stm32.c.obj)
 .text.LL_TIM_OC_EnablePreload
                0x0800d6a0       0x64 zephyr/drivers/pwm/libdrivers__pwm.a(pwm_stm32.c.obj)
 .text.clock_control_on
                0x0800d704       0x84 zephyr/drivers/pwm/libdrivers__pwm.a(pwm_stm32.c.obj)
 .text.clock_control_configure
                0x0800d788       0x8c zephyr/drivers/pwm/libdrivers__pwm.a(pwm_stm32.c.obj)
 .text.clock_control_get_rate
                0x0800d814       0x8c zephyr/drivers/pwm/libdrivers__pwm.a(pwm_stm32.c.obj)
 .text.z_impl_reset_line_toggle
                0x0800d8a0       0x8c zephyr/drivers/pwm/libdrivers__pwm.a(pwm_stm32.c.obj)
 .text.pwm_stm32_set_cycles
                0x0800d92c      0x134 zephyr/drivers/pwm/libdrivers__pwm.a(pwm_stm32.c.obj)
 .text.pwm_stm32_init
                0x0800da60      0x4dc zephyr/drivers/pwm/libdrivers__pwm.a(pwm_stm32.c.obj)
 .text.LL_TIM_IC_SetActiveInput
                0x0800df3c       0x70 zephyr/drivers/sensor/st/qdec_stm32/libdrivers__sensor__st__qdec_stm32.a(qdec_stm32.c.obj)
 .text.LL_TIM_IC_SetPrescaler
                0x0800dfac       0x70 zephyr/drivers/sensor/st/qdec_stm32/libdrivers__sensor__st__qdec_stm32.a(qdec_stm32.c.obj)
 .text.LL_TIM_IC_SetFilter
                0x0800e01c       0x70 zephyr/drivers/sensor/st/qdec_stm32/libdrivers__sensor__st__qdec_stm32.a(qdec_stm32.c.obj)
 .text.LL_TIM_IC_SetPolarity
                0x0800e08c       0x6c zephyr/drivers/sensor/st/qdec_stm32/libdrivers__sensor__st__qdec_stm32.a(qdec_stm32.c.obj)
 .text.qdec_stm32_fetch
                0x0800e0f8       0x4c zephyr/drivers/sensor/st/qdec_stm32/libdrivers__sensor__st__qdec_stm32.a(qdec_stm32.c.obj)
 .text.clock_control_on
                0x0800e144       0x84 zephyr/drivers/sensor/st/qdec_stm32/libdrivers__sensor__st__qdec_stm32.a(qdec_stm32.c.obj)
 .text.qdec_stm32_initialize
                0x0800e1c8       0xbc zephyr/drivers/sensor/st/qdec_stm32/libdrivers__sensor__st__qdec_stm32.a(qdec_stm32.c.obj)
 .text.mpu6050_convert_accel
                0x0800e284       0x58 zephyr/drivers/sensor/tdk/mpu6050/libdrivers__sensor__tdk__mpu6050.a(mpu6050.c.obj)
 .text.mpu6050_convert_gyro
                0x0800e2dc       0x44 zephyr/drivers/sensor/tdk/mpu6050/libdrivers__sensor__tdk__mpu6050.a(mpu6050.c.obj)
 .text.mpu6050_convert_temp
                0x0800e320      0x108 zephyr/drivers/sensor/tdk/mpu6050/libdrivers__sensor__tdk__mpu6050.a(mpu6050.c.obj)
 .text.z_impl_i2c_transfer
                0x0800e428       0xa4 zephyr/drivers/sensor/tdk/mpu6050/libdrivers__sensor__tdk__mpu6050.a(mpu6050.c.obj)
 .text.mpu6050_sample_fetch
                0x0800e4cc       0x6c zephyr/drivers/sensor/tdk/mpu6050/libdrivers__sensor__tdk__mpu6050.a(mpu6050.c.obj)
 .text.mpu6050_init
                0x0800e538      0x230 zephyr/drivers/sensor/tdk/mpu6050/libdrivers__sensor__tdk__mpu6050.a(mpu6050.c.obj)
                0x0800e538                mpu6050_init
 .text.LL_USART_SetBaudRate
                0x0800e768       0xcc zephyr/drivers/serial/libdrivers__serial.a(uart_stm32.c.obj)
 .text.uart_stm32_poll_in
                0x0800e834       0x10 zephyr/drivers/serial/libdrivers__serial.a(uart_stm32.c.obj)
 .text.uart_stm32_poll_out
                0x0800e844       0x10 zephyr/drivers/serial/libdrivers__serial.a(uart_stm32.c.obj)
 .text.uart_stm32_fifo_fill
                0x0800e854       0x2c zephyr/drivers/serial/libdrivers__serial.a(uart_stm32.c.obj)
 .text.uart_stm32_fifo_read
                0x0800e880       0x2c zephyr/drivers/serial/libdrivers__serial.a(uart_stm32.c.obj)
 .text.uart_stm32_irq_err_enable
                0x0800e8ac       0x70 zephyr/drivers/serial/libdrivers__serial.a(uart_stm32.c.obj)
 .text.uart_stm32_irq_err_disable
                0x0800e91c       0x70 zephyr/drivers/serial/libdrivers__serial.a(uart_stm32.c.obj)
 .text.dma_get_status
                0x0800e98c       0x8c zephyr/drivers/serial/libdrivers__serial.a(uart_stm32.c.obj)
 .text.dma_start
                0x0800ea18       0x84 zephyr/drivers/serial/libdrivers__serial.a(uart_stm32.c.obj)
 .text.clock_control_get_rate
                0x0800ea9c       0x8c zephyr/drivers/serial/libdrivers__serial.a(uart_stm32.c.obj)
 .text.dma_stop
                0x0800eb28       0x8c zephyr/drivers/serial/libdrivers__serial.a(uart_stm32.c.obj)
 .text.dma_config
                0x0800ebb4       0x84 zephyr/drivers/serial/libdrivers__serial.a(uart_stm32.c.obj)
 .text.clock_control_on
                0x0800ec38       0x84 zephyr/drivers/serial/libdrivers__serial.a(uart_stm32.c.obj)
 .text.z_impl_reset_line_toggle
                0x0800ecbc       0x8c zephyr/drivers/serial/libdrivers__serial.a(uart_stm32.c.obj)
 .text.uart_stm32_async_rx_enable
                0x0800ed48      0x104 zephyr/drivers/serial/libdrivers__serial.a(uart_stm32.c.obj)
 .text.uart_stm32_async_tx
                0x0800ee4c       0xdc zephyr/drivers/serial/libdrivers__serial.a(uart_stm32.c.obj)
 .text.uart_stm32_clocks_enable
                0x0800ef28       0x28 zephyr/drivers/serial/libdrivers__serial.a(uart_stm32.c.obj)
 .text.uart_stm32_set_baudrate
                0x0800ef50      0x1a8 zephyr/drivers/serial/libdrivers__serial.a(uart_stm32.c.obj)
 .text.uart_stm32_configure
                0x0800f0f8      0x138 zephyr/drivers/serial/libdrivers__serial.a(uart_stm32.c.obj)
 .text.uart_stm32_registers_configure
                0x0800f230       0x80 zephyr/drivers/serial/libdrivers__serial.a(uart_stm32.c.obj)
 .text.uart_stm32_async_init
                0x0800f2b0      0x178 zephyr/drivers/serial/libdrivers__serial.a(uart_stm32.c.obj)
 .text.elapsed  0x0800f428       0x4c zephyr/drivers/timer/libdrivers__timer.a(cortex_m_systick.c.obj)
 .text.sys_clock_driver_init
                0x0800f474       0x40 zephyr/drivers/timer/libdrivers__timer.a(cortex_m_systick.c.obj)
 .text.sys_clock_isr
                0x0800f4b4       0x7c zephyr/drivers/timer/libdrivers__timer.a(cortex_m_systick.c.obj)
                0x0800f4b4                sys_clock_isr
 .text.sys_clock_set_timeout
                0x0800f530      0x148 zephyr/drivers/timer/libdrivers__timer.a(cortex_m_systick.c.obj)
                0x0800f530                sys_clock_set_timeout
 .text.sys_clock_elapsed
                0x0800f678       0x70 zephyr/drivers/timer/libdrivers__timer.a(cortex_m_systick.c.obj)
                0x0800f678                sys_clock_elapsed
 .text.HAL_RCC_GetSysClockFreq
                0x0800f6e8       0xdc modules/hal_stm32/stm32cube/lib..__modules__hal__stm32__stm32cube.a(stm32f4xx_hal_rcc.c.obj)
                0x0800f6e8                HAL_RCC_GetSysClockFreq
 .text.LL_DMA_Init
                0x0800f7c4       0x94 modules/hal_stm32/stm32cube/lib..__modules__hal__stm32__stm32cube.a(stm32f4xx_ll_dma.c.obj)
                0x0800f7c4                LL_DMA_Init
 .text.LL_SetFlashLatency
                0x0800f858       0xcc modules/hal_stm32/stm32cube/lib..__modules__hal__stm32__stm32cube.a(stm32f4xx_ll_utils.c.obj)
                0x0800f858                LL_SetFlashLatency
 .text.do_device_init
                0x0800f924       0x64 zephyr/kernel/libkernel.a(device.c.obj)
                0x0800f924                do_device_init
 .text.reason_to_str
                0x0800f988       0x40 zephyr/kernel/libkernel.a(fatal.c.obj)
 .text.thread_name_get
                0x0800f9c8       0x20 zephyr/kernel/libkernel.a(fatal.c.obj)
 .text.k_sys_fatal_error_handler
                0x0800f9e8       0x20 zephyr/kernel/libkernel.a(fatal.c.obj)
                0x0800f9e8                k_sys_fatal_error_handler
 .text.z_fatal_error
                0x0800fa08      0x224 zephyr/kernel/libkernel.a(fatal.c.obj)
                0x0800fa08                z_fatal_error
 .text.init_idle_thread
                0x0800fc2c       0x58 zephyr/kernel/libkernel.a(init.c.obj)
 .text.z_device_state_init
                0x0800fc84       0x4c zephyr/kernel/libkernel.a(init.c.obj)
 .text.z_sys_init_run_level
                0x0800fcd0       0x38 zephyr/kernel/libkernel.a(init.c.obj)
 .text.thread_schedule_new
                0x0800fd08       0x1c zephyr/kernel/libkernel.a(init.c.obj)
 .text.z_init_static_threads
                0x0800fd24       0xc4 zephyr/kernel/libkernel.a(init.c.obj)
 .text.bg_thread_main
                0x0800fde8       0x80 zephyr/kernel/libkernel.a(init.c.obj)
 .text.switch_to_main_thread
                0x0800fe68       0x14 zephyr/kernel/libkernel.a(init.c.obj)
 .text.z_init_cpu
                0x0800fe7c       0x44 zephyr/kernel/libkernel.a(init.c.obj)
                0x0800fe7c                z_init_cpu
 .text.prepare_multithreading
                0x0800fec0       0x60 zephyr/kernel/libkernel.a(init.c.obj)
 .text.z_cstart
                0x0800ff20       0xcc zephyr/kernel/libkernel.a(init.c.obj)
                0x0800ff20                z_cstart
 .text.idle     0x0800ffec       0x48 zephyr/kernel/libkernel.a(idle.c.obj)
                0x0800ffec                idle
 .text.arch_spin_relax
                0x08010034       0x38 zephyr/kernel/libkernel.a(idle.c.obj)
                0x08010034                arch_spin_relax
 .text.unpend_thread_no_timeout
                0x0801006c       0x44 zephyr/kernel/libkernel.a(msg_q.c.obj)
 .text.put_msg_in_queue
                0x080100b0      0x1cc zephyr/kernel/libkernel.a(msg_q.c.obj)
 .text.z_impl_k_msgq_get
                0x0801027c      0x1c4 zephyr/kernel/libkernel.a(msg_q.c.obj)
                0x0801027c                z_impl_k_msgq_get
 .text.unpend_thread_no_timeout
                0x08010440       0x44 zephyr/kernel/libkernel.a(mutex.c.obj)
 .text.z_impl_k_mutex_lock
                0x08010484      0x24c zephyr/kernel/libkernel.a(mutex.c.obj)
                0x08010484                z_impl_k_mutex_lock
 .text.z_impl_k_mutex_unlock
                0x080106d0      0x168 zephyr/kernel/libkernel.a(mutex.c.obj)
                0x080106d0                z_impl_k_mutex_unlock
 .text.unpend_thread_no_timeout
                0x08010838       0x44 zephyr/kernel/libkernel.a(sem.c.obj)
 .text.z_impl_k_sem_give
                0x0801087c       0xdc zephyr/kernel/libkernel.a(sem.c.obj)
                0x0801087c                z_impl_k_sem_give
 .text.z_impl_k_sem_take
                0x08010958      0x13c zephyr/kernel/libkernel.a(sem.c.obj)
                0x08010958                z_impl_k_sem_take
 .text.z_impl_k_sem_reset
                0x08010a94       0xe4 zephyr/kernel/libkernel.a(sem.c.obj)
                0x08010a94                z_impl_k_sem_reset
 .text.sys_work_q_init
                0x08010b78       0x2c zephyr/kernel/libkernel.a(system_work_q.c.obj)
 .text.unpend_thread_no_timeout
                0x08010ba4       0x44 zephyr/kernel/libkernel.a(work.c.obj)
 .text.queue_submit_locked
                0x08010be8       0x80 zephyr/kernel/libkernel.a(work.c.obj)
 .text.submit_to_queue_locked
                0x08010c68       0x88 zephyr/kernel/libkernel.a(work.c.obj)
 .text.work_timeout
                0x08010cf0       0xcc zephyr/kernel/libkernel.a(work.c.obj)
 .text.unschedule_locked
                0x08010dbc       0xc8 zephyr/kernel/libkernel.a(work.c.obj)
 .text.finalize_cancel_locked
                0x08010e84       0x5c zephyr/kernel/libkernel.a(work.c.obj)
 .text.work_queue_main
                0x08010ee0      0x264 zephyr/kernel/libkernel.a(work.c.obj)
 .text.schedule_for_queue_locked
                0x08011144       0x34 zephyr/kernel/libkernel.a(work.c.obj)
 .text.k_work_queue_start
                0x08011178      0x104 zephyr/kernel/libkernel.a(work.c.obj)
                0x08011178                k_work_queue_start
 .text.k_work_init_delayable
                0x0801127c       0x60 zephyr/kernel/libkernel.a(work.c.obj)
                0x0801127c                k_work_init_delayable
 .text.k_work_schedule_for_queue
                0x080112dc      0x10c zephyr/kernel/libkernel.a(work.c.obj)
                0x080112dc                k_work_schedule_for_queue
 .text.k_work_schedule
                0x080113e8       0x10 zephyr/kernel/libkernel.a(work.c.obj)
                0x080113e8                k_work_schedule
 .text.k_work_reschedule_for_queue
                0x080113f8      0x114 zephyr/kernel/libkernel.a(work.c.obj)
                0x080113f8                k_work_reschedule_for_queue
 .text.k_work_reschedule
                0x0801150c       0x10 zephyr/kernel/libkernel.a(work.c.obj)
                0x0801150c                k_work_reschedule
 .text.k_work_cancel_delayable
                0x0801151c       0xd8 zephyr/kernel/libkernel.a(work.c.obj)
                0x0801151c                k_work_cancel_delayable
 .text.z_setup_new_thread
                0x080115f4       0xb8 zephyr/kernel/libkernel.a(thread.c.obj)
                0x080115f4                z_setup_new_thread
 .text.z_dummy_thread_init
                0x080116ac       0x20 zephyr/kernel/libkernel.a(thread.c.obj)
                0x080116ac                z_dummy_thread_init
 .text.z_impl_k_wakeup
                0x080116cc       0xc8 zephyr/kernel/libkernel.a(thread.c.obj)
                0x080116cc                z_impl_k_wakeup
 .text.thread_schedule_new
                0x08011794       0x1c zephyr/kernel/libkernel.a(thread.c.obj)
 .text.z_impl_k_thread_create
                0x080117b0       0x7c zephyr/kernel/libkernel.a(thread.c.obj)
                0x080117b0                z_impl_k_thread_create
 .text.z_thread_abort
                0x0801182c       0xe8 zephyr/kernel/libkernel.a(thread.c.obj)
                0x0801182c                z_thread_abort
 .text.z_impl_k_yield
                0x08011914       0x40 zephyr/kernel/libkernel.a(thread.c.obj)
                0x08011914                z_impl_k_yield
 .text.unpend_thread_no_timeout
                0x08011954       0x44 zephyr/kernel/libkernel.a(sched.c.obj)
 .text.z_swap_irqlock
                0x08011998       0x38 zephyr/kernel/libkernel.a(sched.c.obj)
 .text.move_current_to_end_of_prio_q
                0x080119d0       0x88 zephyr/kernel/libkernel.a(sched.c.obj)
                0x080119d0                move_current_to_end_of_prio_q
 .text.ready_thread
                0x08011a58      0x12c zephyr/kernel/libkernel.a(sched.c.obj)
                0x08011a58                z_sched_ready_locked
 .text.thread_halt_spin
                0x08011b84      0x238 zephyr/kernel/libkernel.a(sched.c.obj)
 .text.z_ready_thread
                0x08011dbc       0xb8 zephyr/kernel/libkernel.a(sched.c.obj)
                0x08011dbc                z_ready_thread
 .text.unready_thread
                0x08011e74       0xe4 zephyr/kernel/libkernel.a(sched.c.obj)
                0x08011e74                z_sched_unready_locked
 .text.reschedule
                0x08011f58       0xa0 zephyr/kernel/libkernel.a(sched.c.obj)
                0x08011f58                z_reschedule
 .text.z_sched_lock_reschedule
                0x08011ff8       0x80 zephyr/kernel/libkernel.a(sched.c.obj)
                0x08011ff8                z_sched_lock_reschedule
 .text.z_sched_yield
                0x08012078      0x11c zephyr/kernel/libkernel.a(sched.c.obj)
                0x08012078                z_sched_yield
 .text.add_to_waitq_locked
                0x08012194       0x8c zephyr/kernel/libkernel.a(sched.c.obj)
                0x08012194                z_sched_add_to_waitq_locked
 .text.z_thread_halt
                0x08012220      0x3b0 zephyr/kernel/libkernel.a(sched.c.obj)
                0x08012220                z_thread_halt
 .text.pend_locked
                0x080125d0       0x20 zephyr/kernel/libkernel.a(sched.c.obj)
 .text.z_unpend_thread_no_timeout
                0x080125f0       0xb4 zephyr/kernel/libkernel.a(sched.c.obj)
                0x080125f0                z_unpend_thread_no_timeout
 .text.z_thread_timeout
                0x080126a4       0xbc zephyr/kernel/libkernel.a(sched.c.obj)
                0x080126a4                z_thread_timeout
 .text.z_pend_curr
                0x08012760      0x148 zephyr/kernel/libkernel.a(sched.c.obj)
                0x08012760                z_pend_curr
 .text.z_unpend1_no_timeout
                0x080128a8       0xc0 zephyr/kernel/libkernel.a(sched.c.obj)
                0x080128a8                z_unpend1_no_timeout
 .text.z_thread_prio_set
                0x08012968      0x258 zephyr/kernel/libkernel.a(sched.c.obj)
                0x08012968                z_thread_prio_set
 .text.z_swap_irqlock
                0x08012bc0       0x38 zephyr/kernel/libkernel.a(sleep.c.obj)
 .text.z_tick_sleep
                0x08012bf8      0x130 zephyr/kernel/libkernel.a(sleep.c.obj)
 .text.z_impl_k_sleep
                0x08012d28       0x60 zephyr/kernel/libkernel.a(sleep.c.obj)
                0x08012d28                z_impl_k_sleep
 .text.z_sched_init
                0x08012d88       0x10 zephyr/kernel/libkernel.a(scheduler.c.obj)
                0x08012d88                z_sched_init
 .text.k_sched_lock
                0x08012d98      0x108 zephyr/kernel/libkernel.a(scheduler.c.obj)
                0x08012d98                k_sched_lock
 .text.k_sched_unlock
                0x08012ea0       0xc0 zephyr/kernel/libkernel.a(scheduler.c.obj)
                0x08012ea0                k_sched_unlock
 .text.z_impl_k_sched_current_thread_query
                0x08012f60        0xc zephyr/kernel/libkernel.a(scheduler.c.obj)
                0x08012f60                z_impl_k_sched_current_thread_query
 .text.z_sched_wait
                0x08012f6c       0x28 zephyr/kernel/libkernel.a(scheduler.c.obj)
                0x08012f6c                z_sched_wait
 .text.z_time_slice_size
                0x08012f94       0x44 zephyr/kernel/libkernel.a(timeslicing.c.obj)
 .text.slice_reset
                0x08012fd8       0x44 zephyr/kernel/libkernel.a(timeslicing.c.obj)
 .text.slice_timeout
                0x0801301c       0x64 zephyr/kernel/libkernel.a(timeslicing.c.obj)
 .text.z_time_slice
                0x08013080      0x12c zephyr/kernel/libkernel.a(timeslicing.c.obj)
                0x08013080                z_time_slice
 .text.z_spin_lock_valid
                0x080131ac       0x20 zephyr/kernel/libkernel.a(spinlock_validate.c.obj)
                0x080131ac                z_spin_lock_valid
 .text.z_spin_unlock_valid
                0x080131cc       0xbc zephyr/kernel/libkernel.a(spinlock_validate.c.obj)
                0x080131cc                z_spin_unlock_valid
 .text.z_spin_lock_set_owner
                0x08013288       0x34 zephyr/kernel/libkernel.a(spinlock_validate.c.obj)
                0x08013288                z_spin_lock_set_owner
 .text.z_spin_validate_reset
                0x080132bc       0x20 zephyr/kernel/libkernel.a(spinlock_validate.c.obj)
                0x080132bc                z_spin_validate_reset
 .text.z_assert_can_swap
                0x080132dc      0x108 zephyr/kernel/libkernel.a(spinlock_validate.c.obj)
                0x080132dc                z_assert_can_swap
 .text.z_timeout_q_insert
                0x080133e4       0x90 zephyr/kernel/libkernel.a(timeout.c.obj)
 .text.z_timeout_q_remove
                0x08013474       0x50 zephyr/kernel/libkernel.a(timeout.c.obj)
 .text.z_timeout_q_next_gap
                0x080134c4       0x34 zephyr/kernel/libkernel.a(timeout.c.obj)
 .text.z_timeout_q_advance
                0x080134f8       0x20 zephyr/kernel/libkernel.a(timeout.c.obj)
 .text.z_timeout_q_pop_due
                0x08013518       0x30 zephyr/kernel/libkernel.a(timeout.c.obj)
 .text.next_timeout
                0x08013548       0x68 zephyr/kernel/libkernel.a(timeout.c.obj)
 .text.elapsed  0x080135b0       0x18 zephyr/kernel/libkernel.a(timeout.c.obj)
 .text.z_add_timeout
                0x080135c8      0x198 zephyr/kernel/libkernel.a(timeout.c.obj)
                0x080135c8                z_add_timeout
 .text.z_try_abort_timeout
                0x08013760       0xf0 zephyr/kernel/libkernel.a(timeout.c.obj)
                0x08013760                z_try_abort_timeout
 .text.z_timeout_inflight_superseded
                0x08013850       0xc0 zephyr/kernel/libkernel.a(timeout.c.obj)
                0x08013850                z_timeout_inflight_superseded
 .text.sys_clock_announce_locked
                0x08013910      0x158 zephyr/kernel/libkernel.a(timeout.c.obj)
                0x08013910                sys_clock_announce_locked
 .text.sys_clock_lock
                0x08013a68       0x5c zephyr/kernel/libkernel.a(timeout.c.obj)
                0x08013a68                sys_clock_lock
 .text.sys_clock_tick_get
                0x08013ac4       0xc4 zephyr/kernel/libkernel.a(timeout.c.obj)
                0x08013ac4                sys_clock_tick_get
 .text.z_timer_expiration_handler
                0x08013b88      0x250 zephyr/kernel/libkernel.a(timer.c.obj)
                0x08013b88                z_timer_expiration_handler
 .text.z_impl_k_timer_start
                0x08013dd8       0xdc zephyr/kernel/libkernel.a(timer.c.obj)
                0x08013dd8                z_impl_k_timer_start
 .text.z_impl_k_timer_stop
                0x08013eb4      0x188 zephyr/kernel/libkernel.a(timer.c.obj)
                0x08013eb4                z_impl_k_timer_stop
 .text.z_alloc_helper
                0x0801403c      0x130 zephyr/kernel/libkernel.a(mempool.c.obj)
 .text.k_malloc
                0x0801416c       0x18 zephyr/kernel/libkernel.a(mempool.c.obj)
                0x0801416c                k_malloc
 .text.k_thread_system_pool_assign
                0x08014184        0xc zephyr/kernel/libkernel.a(mempool.c.obj)
                0x08014184                k_thread_system_pool_assign
 .text.statics_init
                0x08014190       0x58 zephyr/kernel/libkernel.a(kheap.c.obj)
 .text.memset   0x080141e8       0xb0 D:/Downloads/setup/zephyr-sdk-1.0.1/gnu/arm-zephyr-eabi/bin/../lib/gcc/arm-zephyr-eabi/14.3.0/../../../../arm-zephyr-eabi/lib/thumb/v7e-m/nofp\libc.a(memset.c.o)
                0x080141e8                memset
 .text.strncmp  0x08014298       0x78 D:/Downloads/setup/zephyr-sdk-1.0.1/gnu/arm-zephyr-eabi/bin/../lib/gcc/arm-zephyr-eabi/14.3.0/../../../../arm-zephyr-eabi/lib/thumb/v7e-m/nofp\libc.a(libc_string_strncmp.c.o)
                0x08014298                strncmp
 .text.strnlen  0x08014310       0x24 D:/Downloads/setup/zephyr-sdk-1.0.1/gnu/arm-zephyr-eabi/bin/../lib/gcc/arm-zephyr-eabi/14.3.0/../../../../arm-zephyr-eabi/lib/thumb/v7e-m/nofp\libc.a(libc_string_strnlen.c.o)
                0x08014310                strnlen
 .text.snprintf
                0x08014334       0x68 D:/Downloads/setup/zephyr-sdk-1.0.1/gnu/arm-zephyr-eabi/bin/../lib/gcc/arm-zephyr-eabi/14.3.0/../../../../arm-zephyr-eabi/lib/thumb/v7e-m/nofp\libc.a(libc_tinystdio_snprintf.c.o)
                0x08014334                snprintf
 .text.__ultoa_invert
                0x0801439c       0xfc D:/Downloads/setup/zephyr-sdk-1.0.1/gnu/arm-zephyr-eabi/bin/../lib/gcc/arm-zephyr-eabi/14.3.0/../../../../arm-zephyr-eabi/lib/thumb/v7e-m/nofp\libc.a(libc_tinystdio_vflprintf.c.o)
 .text.__l_vfprintf
                0x08014498      0x9b4 D:/Downloads/setup/zephyr-sdk-1.0.1/gnu/arm-zephyr-eabi/bin/../lib/gcc/arm-zephyr-eabi/14.3.0/../../../../arm-zephyr-eabi/lib/thumb/v7e-m/nofp\libc.a(libc_tinystdio_vflprintf.c.o)
                0x08014498                __l_vfprintf
 .text.floorf   0x08014e4c       0x60 D:/Downloads/setup/zephyr-sdk-1.0.1/gnu/arm-zephyr-eabi/bin/../lib/gcc/arm-zephyr-eabi/14.3.0/../../../../arm-zephyr-eabi/lib/thumb/v7e-m/nofp\libc.a(libm_machine_arm_sf_floor.c.o)
                0x08014e4c                floorf
 .text.sqrtf    0x08014eac       0xc8 D:/Downloads/setup/zephyr-sdk-1.0.1/gnu/arm-zephyr-eabi/bin/../lib/gcc/arm-zephyr-eabi/14.3.0/../../../../arm-zephyr-eabi/lib/thumb/v7e-m/nofp\libc.a(libm_machine_arm_sf_sqrt.c.o)
                0x08014eac                sqrtf
 .text.atan2f   0x08014f74      0x168 D:/Downloads/setup/zephyr-sdk-1.0.1/gnu/arm-zephyr-eabi/bin/../lib/gcc/arm-zephyr-eabi/14.3.0/../../../../arm-zephyr-eabi/lib/thumb/v7e-m/nofp\libc.a(libm_math_sf_atan2.c.o)
                0x08014f74                atan2f
 .text.isnanf   0x080150dc       0x10 D:/Downloads/setup/zephyr-sdk-1.0.1/gnu/arm-zephyr-eabi/bin/../lib/gcc/arm-zephyr-eabi/14.3.0/../../../../arm-zephyr-eabi/lib/thumb/v7e-m/nofp\libc.a(libm_common_sf_isnan.c.o)
                0x080150dc                __isnanf
                0x080150dc                isnanf
 .text.fmaxf    0x080150ec       0x44 D:/Downloads/setup/zephyr-sdk-1.0.1/gnu/arm-zephyr-eabi/bin/../lib/gcc/arm-zephyr-eabi/14.3.0/../../../../arm-zephyr-eabi/lib/thumb/v7e-m/nofp\libc.a(libm_common_sf_fmax.c.o)
                0x080150ec                fmaxf
 .text.__math_invalidf
                0x08015130       0x10 D:/Downloads/setup/zephyr-sdk-1.0.1/gnu/arm-zephyr-eabi/bin/../lib/gcc/arm-zephyr-eabi/14.3.0/../../../../arm-zephyr-eabi/lib/thumb/v7e-m/nofp\libc.a(libm_common_math_errf_invalidf.c.o)
                0x08015130                __math_invalidf
 .text.__file_str_put
                0x08015140       0x10 D:/Downloads/setup/zephyr-sdk-1.0.1/gnu/arm-zephyr-eabi/bin/../lib/gcc/arm-zephyr-eabi/14.3.0/../../../../arm-zephyr-eabi/lib/thumb/v7e-m/nofp\libc.a(libc_tinystdio_filestrput.c.o)
                0x08015140                __file_str_put
 .text.atanf    0x08015150      0x254 D:/Downloads/setup/zephyr-sdk-1.0.1/gnu/arm-zephyr-eabi/bin/../lib/gcc/arm-zephyr-eabi/14.3.0/../../../../arm-zephyr-eabi/lib/thumb/v7e-m/nofp\libc.a(libm_math_sf_atan.c.o)
                0x08015150                atanf
 .text.__issignalingf
                0x080153a4       0x14 D:/Downloads/setup/zephyr-sdk-1.0.1/gnu/arm-zephyr-eabi/bin/../lib/gcc/arm-zephyr-eabi/14.3.0/../../../../arm-zephyr-eabi/lib/thumb/v7e-m/nofp\libc.a(libm_common_sf_issignaling.c.o)
                0x080153a4                __issignalingf
 .text._OffsetAbsSyms
                0x080153b8        0x2 zephyr/CMakeFiles/offsets.dir/./arch/arm/core/offsets/offsets.c.obj
                0x080153b8                _OffsetAbsSyms
 .text.k_msleep
                0x080153ba        0xe app/libapp.a(main.c.obj)
 .text.s_task_100ms_high
                0x080153c8        0xe app/libapp.a(main.c.obj)
 .text.s_task_20_ms_high
                0x080153d6        0xe app/libapp.a(main.c.obj)
 .text.s_has_data
                0x080153e4       0x22 app/libapp.a(menu.c.obj)
 .text.s_adjust_plus
                0x08015406       0x6a app/libapp.a(menu.c.obj)
 .text.s_adjust_minus
                0x08015470       0x6a app/libapp.a(menu.c.obj)
 .text.s_count_children
                0x080154da       0x12 app/libapp.a(menu.c.obj)
 .text.menu_reset_to_default
                0x080154ec       0x26 app/libapp.a(menu.c.obj)
                0x080154ec                menu_reset_to_default
 .text.s_data_to_ano
                0x08015512       0xde app/libapp.a(ano_true.c.obj)
 .text.s_frame_send
                0x080155f0       0xe0 app/libapp.a(ano_true.c.obj)
 .text.s_send_cmd
                0x080156d0       0x1e app/libapp.a(ano_true.c.obj)
 .text.s_set_check_back
                0x080156ee       0x1a app/libapp.a(ano_true.c.obj)
 .text.s_set_par
                0x08015708       0x1a app/libapp.a(ano_true.c.obj)
 .text.s_get_send_check_back
                0x08015722       0x12 app/libapp.a(ano_true.c.obj)
 .text.s_get_cmd
                0x08015734       0x1e app/libapp.a(ano_true.c.obj)
 .text.s_get_par
                0x08015752       0x14 app/libapp.a(ano_true.c.obj)
 .text.s_set_wts
                0x08015766       0x12 app/libapp.a(ano_true.c.obj)
 .text.s_check_to_send
                0x08015778       0x6e app/libapp.a(ano_true.c.obj)
 .text.s_ck_back_check
                0x080157e6       0x4e app/libapp.a(ano_true.c.obj)
 .text.s_set_send_id
                0x08015834       0x26 app/libapp.a(ano_true.c.obj)
 .text.s_clear_wait
                0x0801585a        0xa app/libapp.a(ano_true.c.obj)
 .text.s_ano_check_data
                0x08015864       0x42 app/libapp.a(ano_true.c.obj)
 .text.ano_set_check_back
                0x080158a6       0x22 app/libapp.a(ano_base.c.obj)
                0x080158a6                ano_set_check_back
 .text.ano_set_send_id
                0x080158c8       0x26 app/libapp.a(ano_base.c.obj)
                0x080158c8                ano_set_send_id
 .text.ano_get_check_back
                0x080158ee       0x22 app/libapp.a(ano_base.c.obj)
                0x080158ee                ano_get_check_back
 .text.ano_clear_wait
                0x08015910       0x22 app/libapp.a(ano_base.c.obj)
                0x08015910                ano_clear_wait
 .text.uart_transmit
                0x08015932       0x16 app/libapp.a(uart_base.c.obj)
                0x08015932                uart_transmit
 .text.uart_receive_enable
                0x08015948       0x12 app/libapp.a(uart_base.c.obj)
                0x08015948                uart_receive_enable
 .text.s_uart_rx_enable_it
                0x0801595a       0x16 app/libapp.a(uart_it.c.obj)
 .text.s_uart_transmit_it
                0x08015970       0x4a app/libapp.a(uart_it.c.obj)
 .text.s_uart_isr
                0x080159ba       0x6e app/libapp.a(uart_it.c.obj)
 .text.my_ring_buf_init
                0x08015a28       0x12 app/libapp.a(my_ring.c.obj)
 .text.my_ring_buf_get
                0x08015a3a        0xa app/libapp.a(my_ring.c.obj)
                0x08015a3a                my_ring_buf_get
 .text.my_ring_buf_put
                0x08015a44        0xa app/libapp.a(my_ring.c.obj)
                0x08015a44                my_ring_buf_put
 .text.my_ring_buf_is_empty
                0x08015a4e        0xe app/libapp.a(my_ring.c.obj)
                0x08015a4e                my_ring_buf_is_empty
 .text.encoder_get_data
                0x08015a5c       0x1e app/libapp.a(encode.c.obj)
                0x08015a5c                encoder_get_data
 .text.gpio_pin_set_dt
                0x08015a7a       0x10 app/libapp.a(tb6612.c.obj)
 .text.gpio_pin_configure_dt
                0x08015a8a       0x16 app/libapp.a(tb6612.c.obj)
 .text.code_to_key
                0x08015aa0       0x28 app/libapp.a(key.c.obj)
 .text.trisolve
                0x08015ac8       0x96 app/libapp.a(blinky.c.obj)
 .text.trisolve_o
                0x08015b5e       0x82 app/libapp.a(blinky.c.obj)
 .text.xnrm2    0x08015be0       0x9c app/libapp.a(blinky.c.obj)
 .text.intrp2d_fu32fl
                0x08015c7c       0x6c app/libapp.a(blinky.c.obj)
                0x08015c7c                intrp2d_fu32fl
 .text.binsearch_u32f
                0x08015ce8       0x34 app/libapp.a(blinky.c.obj)
                0x08015ce8                binsearch_u32f
 .text.plook_u32ff_binc
                0x08015d1c       0x6c app/libapp.a(blinky.c.obj)
                0x08015d1c                plook_u32ff_binc
 .text.blinky_step0
                0x08015d88        0x2 app/libapp.a(blinky.c.obj)
                0x08015d88                blinky_step0
 .text.blinky_step
                0x08015d8a       0x26 app/libapp.a(rtmodel.c.obj)
                0x08015d8a                blinky_step
 .text.chunk_mem
                0x08015db0        0x8 zephyr/libzephyr.a(heap.c.obj)
 .text.split_chunks
                0x08015db8       0x40 zephyr/libzephyr.a(heap.c.obj)
 .text.free_list_add
                0x08015df8       0x18 zephyr/libzephyr.a(heap.c.obj)
 .text.alloc_chunk
                0x08015e10       0x8e zephyr/libzephyr.a(heap.c.obj)
 .text.sys_heap_alloc
                0x08015e9e       0x66 zephyr/libzephyr.a(heap.c.obj)
                0x08015e9e                sys_heap_alloc
 .text.sys_heap_noalign_alloc
                0x08015f04        0xa zephyr/libzephyr.a(heap.c.obj)
                0x08015f04                sys_heap_noalign_alloc
 .text.cbprintf_via_va_list
                0x08015f0e        0xe zephyr/libzephyr.a(cbprintf_packaged.c.obj)
 .text.is_fmt_spec
                0x08015f1c        0xe zephyr/libzephyr.a(cbprintf_packaged.c.obj)
 .text.cbpprintf_external
                0x08015f2a       0x60 zephyr/libzephyr.a(cbprintf_packaged.c.obj)
                0x08015f2a                cbpprintf_external
 .text.is_ptr   0x08015f8a       0x4e zephyr/libzephyr.a(cbprintf_packaged.c.obj)
                0x08015f8a                is_ptr
 .text.arch_printk_char_out
                0x08015fd8        0x4 zephyr/libzephyr.a(printk.c.obj)
                0x08015fd8                arch_printk_char_out
 .text.vprintk  0x08015fdc        0x8 zephyr/libzephyr.a(printk.c.obj)
                0x08015fdc                vprintk
 .text.printk   0x08015fe4       0x1c zephyr/libzephyr.a(printk.c.obj)
                0x08015fe4                printk
 .text.assert_post_action
                0x08016000       0x12 zephyr/libzephyr.a(assert.c.obj)
                0x08016000                assert_post_action
 .text.assert_print